<?xml version="1.0"?>
<map>
    <header>
        <name>gallreda</name>
        <author>Unknown</author>
        <id>gallreda.1038260091898</id>
        <parent>none</parent>
        <cvs>
            <version>$Revision$</version>
            <date>$Date$</date>
        </cvs>
        <type>Local</type>
        <shape>Square</shape>
        <imagedir>square</imagedir>        <format>0.0.4</format>
    </header>
    <terrainset id="basic" path=".">
        <terrain id="0">
            <name>null</name>
            <description>Unchartable</description>
            <image>null.png</image>
            <solid value="false"/>
        </terrain>
        <terrain id="1">
            <name>clear.clear</name>
            <description>Clear</description>
            <image>clear.png</image>
            <solid value="false"/>
        </terrain>
        <terrain id="2">
            <name>water.water</name>
            <description>Water</description>
            <image>water.png</image>
            <solid value="false"/>
        </terrain>
        <terrain id="3">
            <name>clear.grass</name>
            <description>Grass</description>
            <image>grass.png</image>
            <solid value="false"/>
        </terrain>
        <terrain id="4">
            <name>clear.sand</name>
            <description>Sand</description>
            <image>sand.png</image>
            <solid value="false"/>
        </terrain>
        <terrain id="5">
            <name>solid.stone</name>
            <description>Rock wall</description>
            <image>rockwall.png</image>
            <solid value="false"/>
        </terrain>
        <terrain id="6">
            <name>clear.stone</name>
            <description>Stone</description>
            <image>stone.png</image>
            <solid value="false"/>
        </terrain>
        <terrain id="7">
            <name>clear.dirt</name>
            <description>Dirt</description>
            <image>dirt.png</image>
            <solid value="false"/>
        </terrain>
    </terrainset>
    <terrainset id="places" path="features">
        <terrain id="0">
            <name>blank</name>
            <description>Nothing</description>
            <image>blank.png</image>
            <solid value="false"/>
        </terrain>
        <terrain id="1">
            <name>bars.horizontal</name>
            <description>Horizontal Bars</description>
            <image>horiz-bars.png</image>
            <solid value="false"/>
        </terrain>
        <terrain id="2">
            <name>bars.vertical</name>
            <description>Vertical Bars</description>
            <image>vert-bars.png</image>
            <solid value="false"/>
        </terrain>
        <terrain id="10">
            <name>column.small</name>
            <description>Small column</description>
            <image>column-small.png</image>
            <solid value="false"/>
        </terrain>
        <terrain id="11">
            <name>column.medium</name>
            <description>Medium column</description>
            <image>column-medium.png</image>
            <solid value="false"/>
        </terrain>
        <terrain id="12">
            <name>column.large</name>
            <description>Large column</description>
            <image>column-large.png</image>
            <solid value="false"/>
        </terrain>
        <terrain id="20">
            <name>door.north</name>
            <description>Door north</description>
            <image>door-north.png</image>
            <solid value="false"/>
        </terrain>
        <terrain id="21">
            <name>door.east</name>
            <description>Door east</description>
            <image>door-east.png</image>
            <solid value="false"/>
        </terrain>
        <terrain id="22">
            <name>door.south</name>
            <description>Door south</description>
            <image>door-south.png</image>
            <solid value="false"/>
        </terrain>
        <terrain id="23">
            <name>door.west</name>
            <description>Door west</description>
            <image>door-west.png</image>
            <solid value="false"/>
        </terrain>
        <terrain id="30">
            <name>furniture.barrel</name>
            <description>Wooden barrel</description>
            <image>barrel.png</image>
            <solid value="false"/>
        </terrain>
        <terrain id="31">
            <name>furniture.table</name>
            <description>Table</description>
            <image>table-ns.png</image>
            <solid value="false"/>
        </terrain>
        <terrain id="32">
            <name>furniture.table</name>
            <description>Table</description>
            <image>table-ew.png</image>
            <solid value="false"/>
        </terrain>
        <terrain id="33">
            <name>furniture.bed1</name>
            <description>Bed</description>
            <image>bed-top.png</image>
            <solid value="false"/>
        </terrain>
        <terrain id="34">
            <name>furniture.bed2</name>
            <description>Bed</description>
            <image>bed-bottom.png</image>
            <solid value="false"/>
        </terrain>
        <terrain id="35">
            <name>misc.rubble</name>
            <description>Rubble</description>
            <image>rubble.png</image>
            <solid value="false"/>
        </terrain>
        <terrain id="36">
            <name>misc.rubble2</name>
            <description>Rubble 2</description>
            <image>rubble2.png</image>
            <solid value="false"/>
        </terrain>
    </terrainset>
    <tileset id="root">
        <dimensions>
            <scale>1</scale>
            <width>60</width>
            <height>40</height>
        </dimensions>
        <tiles>
            <column x="0">
                AFZPgAAA AFZPgAAA AFZPgAAA AFZPgAAA AFZPgAAA AGZPgAAA 
                AGZPgAAA AGZPgAAA AGZPgAAA AGZPgAAA AGZPgAAA AGZPgAAA 
                AGZPgAAA AGZPgAAA AGZPgAAA AGZPgAAA AGZPgAAA AGZPgAAA 
                AGZPgAAA AGZPgAAA AGZPgAAA AGZPgAAA AGZPgAAA AGZPgAAA 
                AGZPgAAA AGZPgAAA AGZPgAAA AGZPgAAA AGZPgAAA AGZPgAAA 
                AGZPgAAA AGZPgAAA AGZPgAAA AGZPgAAA AGZPgAAA AFZPgAAA 
                AFZPgAAA AFZPgAAA AFZPgAAA AFZPgAAA 
            </column>
            <column x="1">
                AFZPgAAA AFZPgAAA AFZPgAAA AFZPgAAA AFZPgAAA AGZPgAAA 
                AGZPgAAA AGZPgAAA AGZPgAAA AGZPgAAA AGZPgAAA AGZPgAAA 
                AGZPgAAA AGZPgAAA AGZPgAAA AGZPgAAA AGZPgAAA AGZPgAAA 
                AGZPgAAA AGZPgAAA AGZPgAAA AGZPgAAA AGZPgAAA AGZPgAAA 
                AGZPgAAA AGZPgAAA AGZPgAAA AGZPgAAA AGZPgAAA AGZPgAAA 
                AGZPgAAA AGZPgAAA AGZPgAAA AGZPgAAA AGZPgAAA AFZPgAAA 
                AFZPgAAA AFZPgAAA AFZPgAAA AFZPgAAA 
            </column>
            <column x="2">
                AFZPgAAA AFZPgAAA AFZPgAAA AFZPgAAA AFZPgAAA AGZPgAAA 
                AGZPgAAA AGZPgAAA AGZPgAAA AGZPgAAA AGZPgAAA AGZPgAAA 
                AGZPgAAA AGZPgAAA AGZPgAAA AGZPgAAA AGZPgAAA AGZPgAAA 
                AGZPgAAA AGZPgAAA AGZPgAAA AGZPgAAA AGZPgAAA AGZPgAAA 
                AGZPgAAA AGZPgAAA AGZPgAAA AGZPgAAA AGZPgAAA AGZPgAAA 
                AGZPgAAA AGZPgAAA AGZPgAAA AGZPgAAA AGZPgAAA AFZPgAAA 
                AFZPgAAA AFZPgAAA AFZPgAAA AFZPgAAA 
            </column>
            <column x="3">
                AFZPgAAA AFZPgAAA AFZPgAAA AFZPgAAA AFZPgAAA AFZPgAAA 
                AFZPgAAA AFZPgAAA AFZPgAAA AFZPgAAA AFZPgAAA AFZPgAAA 
                AFZPgAAA AFZPgAAA AFZPgAAA AFZPgAAA AFZPgAAA AFZPgAAA 
                AGZPgAAA AGZPgAAA AGZPgAAA AFZPgAAA AFZPgAAA AFZPgAAA 
                AFZPgAAA AFZPgAAA AFZPgAAA AFZPgAAA AFZPgAAA AFZPgAAA 
                AFZPgAAA AFZPgAAA AFZPgAAA AFZPgAAA AFZPgAAA AFZPgAAA 
                AFZPgAAA AFZPgAAA AFZPgAAA AFZPgAAA 
            </column>
            <column x="4">
                AFZPgAAA AFZPgAAA AFZPgAAA AFZPgAAA AFZPgAAA AGZPgAAA 
                AGZPgAAA AGZPgAAA AGZPgAAA AGZPgAAA AGZPgAAA AGZPgAAA 
                AGZPgAAA AGZPgAAA AGZPgAAA AGZPgAAA AGZPgAAA AGZPgAAA 
                AGZPgAAA AGZPgAAA AGZPgAAA AGZPgAAA AGZPgAAA AGZPgAAA 
                AGZPgAAA AGZPgAAA AGZPgAAA AGZPgAAA AGZPgAAA AGZPgAAA 
                AGZPgAAA AGZPgAAA AGZPgAAA AGZPgAAA AGZPgAAA AFZPgAAA 
                AFZPgAAA AFZPgAAA AFZPgAAA AFZPgAAA 
            </column>
            <column x="5">
                AFZPgAAA AFZPgAAA AFZPgAAA AFZPgAAA AFZPgAAA AGZPgAAA 
                AGZPgAAA AGZPgAAA AGZPgAAA AGZPgAAA AGZPgAAA AGZPgAAA 
                AGZPgAAA AGZPgAAA AGZPgAAA AGZPgAAA AGZPgAAA AGZPgAAA 
                AGZPgAAA AGZPgAAA AGZPgAAA AGZPgAAA AGZPgAAA AGZPgAAA 
                AGZPgAAA AGZPgAAA AGZPgAAA AGZPgAAA AGZPgAAA AGZPgAAA 
                AGZPgAAA AGZPgAAA AGZPgAAA AGZPgAAA AGZPgAAA AFZPgAAA 
                AFZPgAAA AFZPgAAA AFZPgAAA AFZPgAAA 
            </column>
            <column x="6">
                AFZPgAAA AFZPgAAA AFZPgAAA AFZPgAAA AFZPgAAA AGZPgAAA 
                AGZPgAAA AGZPgAAA AGZPgAAA AGZPgAAA AGZPgAAA AGZPgAAA 
                AGZPgAAA AGZPgAAA AGZPgAAA AGZPgAAA AGZPgAAA AGZPgAAA 
                AGZPgAAA AGZPgAAA AGZPgAAA AGZPgAAA AGZPgAAA AGZPgAAA 
                AGZPgAAA AGZPgAAA AGZPgAAA AGZPgAAA AGZPgAAA AGZPgAAA 
                AGZPgAAA AGZPgAAA AGZPgAAA AGZPgAAA AGZPgAAA AFZPgAAA 
                AFZPgAAA AFZPgAAA AFZPgAAA AFZPgAAA 
            </column>
            <column x="7">
                AFZPgAAA AFZPgAAA AFZPgAAA AFZPgAAA AFZPgAAA AFZPgAAA 
                AFZPgAAA AFZPgAAA AFZPgAAA AFZPgAAA AFZPgAAA AFZPgAAA 
                AFZPgAAA AFZPgAAA AFZPgAAA AFZPgAAA AFZPgAAA AFZPgAAA 
                AFZPgAAA AFZPgAAA AFZPgAAA AFZPgAAA AFZPgAAA AFZPgAAA 
                AFZPgAAA AFZPgAAA AFZPgAAA AFZPgAAA AFZPgAAA AFZPgAAA 
                AFZPgAAA AFZPgAAA AFZPgAAA AFZPgAAA AFZPgAAA AFZPgAAA 
                AFZPgAAA AFZPgAAA AFZPgAAA AFZPgAAA 
            </column>
            <column x="8">
                AFZPgAAA AFZPgAAA AFZPgAAA AFZPgAAA AFZPgAAA AFZPgAAA 
                AFZPgAAA AFZPgAAA AFZPgAAA AFZPgAAA AFZPgAAA AFZPgAAA 
                AFZPgAAA AFZPgAAA AFZPgAAA AFZPgAAA AFZPgAAA AFZPgAAA 
                AFZPgAAA AFZPgAAA AFZPgAAA AFZPgAAA AFZPgAAA AFZPgAAA 
                AFZPgAAA AFZPgAAA AFZPgAAA AFZPgAAA AFZPgAAA AFZPgAAA 
                AFZPgAAA AFZPgAAA AFZPgAAA AFZPgAAA AFZPgAAA AFZPgAAA 
                AFZPgAAA AFZPgAAA AFZPgAAA AFZPgAAA 
            </column>
            <column x="9">
                AFZPgAAA AFZPgAAA AFZPgAAA AFZPgAAA AGZPgAAA AGZPgAAA 
                AGZPgAAA AGZPgAAA AGZPgAAA AGZPgAAA AFZPgAAA AGZPgAAA 
                AGZPgAAA AGZPgAAA AGZPgAAA AGZPgAAA AGZPgAAA AGZPgAAA 
                AGZPgAAA AGZPgAAA AGZPgAAA AGZPgAAA AGZPgAAA AGZPgAAA 
                AGZPgAAA AGZPgAAA AGZPgAAA AGZPgAAA AGZPgAAA AFZPgAAA 
                AGZPgAAA AGZPgAAA AGZPgAAA AGZPgAAA AGZPgAAA AGZPgAAA 
                AFZPgAAA AFZPgAAA AFZPgAAA AFZPgAAA 
            </column>
            <column x="10">
                AFZPgAAA AFZPgAAA AFZPgAAA AFZPgAAA AGZPgAAA AGZPgAAA 
                AGZPgAAA AGZPgAAA AGZPgAAA AGZPgAAA AFZPgAAA AGZPgAAA 
                AGZPgAAA AGZPgAAA AGZPgAAA ABZPgAAA ABZPgAAA ABZPgAAA 
                ABZPgAAA ABZPgAAA ABZPgAAA ABZPgAAA ABZPgAAA ABZPgAAA 
                ABZPgAAA AGZPgAAA AGZPgAAA AGZPgAAA AGZPgAAA AFZPgAAA 
                AGZPgAAA AGZPgAAA AGZPgAAA AGZPgAAA AGZPgAAA AGZPgAAA 
                AFZPgAAA AFZPgAAA AFZPgAAA AFZPgAAA 
            </column>
            <column x="11">
                AFZPgAAA AFZPgAAA AFZPgAAA AFZPgAAA AGZPgAAA AGZPgAAA 
                AGZPgAAA AGZPgAAA AGZPgAAA AGZPgAAA AGZPgAAA AGZPgAAA 
                AGZPgAAA AGZPgAAA AGZPgAAA ABZPgAAA ABZPgAAA ABZPgAAA 
                ABZPgAAA ABZPgAAA ABZPgAAA ABZPgAAA ABZPgAAA ABZPgAAA 
                ABZPgAAA AGZPgAAA AGZPgAAA AGZPgAAA AGZPgAAA AGZPgAAA 
                AGZPgAAA AGZPgAAA AGZPgAAA AGZPgAAA AGZPgAAA AGZPgAAA 
                AFZPgAAA AFZPgAAA AFZPgAAA AFZPgAAA 
            </column>
            <column x="12">
                AFZPgAAA AFZPgAAA AFZPgAAA AFZPgAAA AGZPgAAA AGZPgAAA 
                AGZPgAAA AGZPgAAA AGZPgAAA AGZPgAAA AFZPgAAA AGZPgAAA 
                AGZPgAAA AGZPgAAA AGZPgAAA ABZPgAAA ABZPgAAA ABZPgAAA 
                ABZPgAAA ABZPgAAA ABZPgAAA ABZPgAAA ABZPgAAA ABZPgAAA 
                ABZPgAAA AGZPgAAA AGZPgAAA AGZPgAAA AGZPgAAA AFZPgAAA 
                AGZPgAAA AGZPgAAA AGZPgAAA AGZPgAAA AGZPgAAA AGZPgAAA 
                AFZPgAAA AFZPgAAA AFZPgAAA AFZPgAAA 
            </column>
            <column x="13">
                AFZPgAAA AFZPgAAA AFZPgAAA AFZPgAAA AGZPgAAA AGZPgAAA 
                AGZPgAAA AGZPgAAA AGZPgAAA AGZPgAAA AFZPgAAA AGZPgAAA 
                AGZPgAAA AGZPgAAA AGZPgAAA ABZPgAAA ABZPgAAA ABZPgAAA 
                ABZPgAAA ABZPgAAA ABZPgAAA ABZPgAAA ABZPgAAA ABZPgAAA 
                ABZPgAAA AGZPgAAA AGZPgAAA AGZPgAAA AGZPgAAA AFZPgAAA 
                AGZPgAAA AGZPgAAA AGZPgAAA AGZPgAAA AGZPgAAA AGZPgAAA 
                AFZPgAAA AFZPgAAA AFZPgAAA AFZPgAAA 
            </column>
            <column x="14">
                AFZPgAAA AFZPgAAA AFZPgAAA AFZPgAAA AFZPgAAA AFZPgAAA 
                AFZPgAAA AFZPgAAA AFZPgAAA AFZPgAAA AFZPgAAA AGZPgAAA 
                AGZPgAAA AGZPgAAA AGZPgAAA ABZPgAAA ABZPgAAA ABZPgAAA 
                ABZPgAAA ABZPgAAA ABZPgAAA ABZPgAAA ABZPgAAA ABZPgAAA 
                ABZPgAAA AGZPgAAA AGZPgAAA AGZPgAAA AGZPgAAA AFZPgAAA 
                AFZPgAAA AFZPgAAA AFZPgAAA AFZPgAAA AFZPgAAA AFZPgAAA 
                AFZPgAAA AFZPgAAA AFZPgAAA AFZPgAAA 
            </column>
            <column x="15">
                AFZPgAAA AFZPgAAA AFZPgAAA AFZPgAAA AGZPgAAA AGZPgAAA 
                AGZPgAAA AGZPgAAA AGZPgAAA AGZPgAAA AFZPgAAA AGZPgAAA 
                AGZPgAAA AGZPgAAA AGZPgAAA ABZPgAAA ABZPgAAA ABZPgAAA 
                ABZPgAAA ABZPgAAA ABZPgAAA ABZPgAAA ABZPgAAA ABZPgAAA 
                ABZPgAAA AGZPgAAA AGZPgAAA AGZPgAAA AGZPgAAA AFZPgAAA 
                AGZPgAAA AGZPgAAA AGZPgAAA AGZPgAAA AGZPgAAA AGZPgAAA 
                AFZPgAAA AFZPgAAA AFZPgAAA AFZPgAAA 
            </column>
            <column x="16">
                AFZPgAAA AFZPgAAA AFZPgAAA AFZPgAAA AGZPgAAA AGZPgAAA 
                AGZPgAAA AGZPgAAA AGZPgAAA AGZPgAAA AFZPgAAA AGZPgAAA 
                AGZPgAAA AGZPgAAA AGZPgAAA ABZPgAAA ABZPgAAA ABZPgAAA 
                ABZPgAAA ABZPgAAA ABZPgAAA ABZPgAAA ABZPgAAA ABZPgAAA 
                ABZPgAAA AGZPgAAA AGZPgAAA AGZPgAAA AGZPgAAA AFZPgAAA 
                AGZPgAAA AGZPgAAA AGZPgAAA AGZPgAAA AGZPgAAA AGZPgAAA 
                AFZPgAAA AFZPgAAA AFZPgAAA AFZPgAAA 
            </column>
            <column x="17">
                AFZPgAAA AFZPgAAA AFZPgAAA AFZPgAAA AGZPgAAA AGZPgAAA 
                AGZPgAAA AGZPgAAA AGZPgAAA AGZPgAAA AGZPgAAA AGZPgAAA 
                AGZPgAAA AGZPgAAA AGZPgAAA AGZPgAAA AGZPgAAA AGZPgAAA 
                AGZPgAAA AGZPgAAA AGZPgAAA AGZPgAAA AGZPgAAA AGZPgAAA 
                AGZPgAAA AGZPgAAA AGZPgAAA AGZPgAAA AGZPgAAA AGZPgAAA 
                AGZPgAAA AGZPgAAA AGZPgAAA AGZPgAAA AGZPgAAA AGZPgAAA 
                AFZPgAAA AFZPgAAA AFZPgAAA AFZPgAAA 
            </column>
            <column x="18">
                AFZPgAAA AFZPgAAA AFZPgAAA AFZPgAAA AGZPgAAA AGZPgAAA 
                AGZPgAAA AGZPgAAA AGZPgAAA AGZPgAAA AFZPgAAA AGZPgAAA 
                AGZPgAAA AGZPgAAA AGZPgAAA AGZPgAAA AGZPgAAA AGZPgAAA 
                AGZPgAAA AGZPgAAA AGZPgAAA AGZPgAAA AGZPgAAA AGZPgAAA 
                AGZPgAAA AGZPgAAA AGZPgAAA AGZPgAAA AGZPgAAA AFZPgAAA 
                AGZPgAAA AGZPgAAA AGZPgAAA AGZPgAAA AGZPgAAA AGZPgAAA 
                AFZPgAAA AFZPgAAA AFZPgAAA AFZPgAAA 
            </column>
            <column x="19">
                AFZPgAAA AFZPgAAA AFZPgAAA AFZPgAAA AGZPgAAA AGZPgAAA 
                AGZPgAAA AGZPgAAA AGZPgAAA AGZPgAAA AFZPgAAA AGZPgAAA 
                AGZPgAAA AGZPgAAA AGZPgAAA AGZPgAAA AGZPgAAA AGZPgAAA 
                AGZPgAAA AGZPgAAA AGZPgAAA AGZPgAAA AGZPgAAA AGZPgAAA 
                AGZPgAAA AGZPgAAA AGZPgAAA AGZPgAAA AGZPgAAA AFZPgAAA 
                AGZPgAAA AGZPgAAA AGZPgAAA AGZPgAAA AGZPgAAA AGZPgAAA 
                AFZPgAAA AFZPgAAA AFZPgAAA AFZPgAAA 
            </column>
            <column x="20">
                AFZPgAAA AFZPgAAA AFZPgAAA AFZPgAAA AGZPgAAA AGZPgAAA 
                AGZPgAAA AGZPgAAA AGZPgAAA AGZPgAAA AFZPgAAA AGZPgAAA 
                AGZPgAAA AGZPgAAA AGZPgAAA AGZPgAAA AGZPgAAA AGZPgAAA 
                AGZPgAAA AGZPgAAA AGZPgAAA AGZPgAAA AGZPgAAA AGZPgAAA 
                AGZPgAAA AGZPgAAA AGZPgAAA AGZPgAAA AGZPgAAA AFZPgAAA 
                AGZPgAAA AGZPgAAA AGZPgAAA AGZPgAAA AGZPgAAA AGZPgAAA 
                AFZPgAAA AFZPgAAA AFZPgAAA AFZPgAAA 
            </column>
            <column x="21">
                AFZPgAAA AFZPgAAA AFZPgAAA AFZPgAAA AGZPgAAA AGZPgAAA 
                AGZPgAAA AGZPgAAA AGZPgAAA AGZPgAAA AFZPgAAA AGZPgAAA 
                AGZPgAAA AGZPgAAA AGZPgAAA AGZPgAAA AGZPgAAA AGZPgAAA 
                AGZPgAAA AGZPgAAA AGZPgAAA AGZPgAAA AGZPgAAA AGZPgAAA 
                AGZPgAAA AGZPgAAA AGZPgAAA AGZPgAAA AGZPgAAA AFZPgAAA 
                AGZPgAAA AGZPgAAA AGZPgAAA AGZPgAAA AGZPgAAA AGZPgAAA 
                AFZPgAAA AFZPgAAA AFZPgAAA AFZPgAAA 
            </column>
            <column x="22">
                AFZPgAAA AFZPgAAA AFZPgAAA AFZPgAAA AFZPgAAA AFZPgAAA 
                AFZPgAAA AFZPgAAA AFZPgAAA AFZPgAAA AFZPgAAA AFZPgAAA 
                AFZPgAAA AFZPgAAA AFZPgAAA AFZPgAAA AGZPgAAA AFZPgAAA 
                AFZPgAAA AFZPgAAA AFZPgAAA AFZPgAAA AFZPgAAA AGZPgAAA 
                AFZPgAAA AFZPgAAA AFZPgAAA AFZPgAAA AFZPgAAA AFZPgAAA 
                AFZPgAAA AFZPgAAA AFZPgAAA AFZPgAAA AFZPgAAA AFZPgAAA 
                AFZPgAAA AFZPgAAA AFZPgAAA AFZPgAAA 
            </column>
            <column x="23">
                AFZPgAAA AFZPgAAA AFZPgAAA AFZPgAAA AFZPgAAA AFZPgAAA 
                AFZPgAAA AFZPgAAA AFZPgAAA AFZPgAAA AFZPgAAA AFZPgAAA 
                AFZPgAAA AFZPgAAA AFZPgAAA AFZPgAAA AGZPgAAA AFZPgAAA 
                AFZPgAAA AFZPgAAA AFZPgAAA AFZPgAAA AFZPgAAA AGZPgAAA 
                AFZPgAAA AFZPgAAA AFZPgAAA AFZPgAAA AFZPgAAA AFZPgAAA 
                AFZPgAAA AFZPgAAA AFZPgAAA AFZPgAAA AFZPgAAA AFZPgAAA 
                AFZPgAAA AFZPgAAA AFZPgAAA AFZPgAAA 
            </column>
            <column x="24">
                AFZPgAAA AFZPgAAA AGZPgAAA AGZPgAAA AGZPgAAA AGZPgAAA 
                AGZPgAAA AGZPgAAA AGZPgAAA AGZPgAAA AGZPgAAA AGZPgAAA 
                AGZPgAAA AGZPgAAA AGZPgAAA AGZPgAAA AGZPgAAA AGZPgAAA 
                AGZPgAAA AGZPgAAA AGZPgAAA AGZPgAAA AGZPgAAA AGZPgAAA 
                AGZPgAAA AGZPgAAA AGZPgAAA AGZPgAAA AGZPgAAA AGZPgAAA 
                AGZPgAAA AGZPgAAA AGZPgAAA AGZPgAAA AGZPgAAA AGZPgAAA 
                AGZPgAAA AGZPgAAA AFZPgAAA AFZPgAAA 
            </column>
            <column x="25">
                AFZPgAAA AFZPgAAA AGZPgAAA AGZPgAAA AGZPgAAA AGZPgAAA 
                AGZPgAAA AGZPgAAA AGZPgAAA AGZPgAAA AGZPgAAA AGZPgAAA 
                AGZPgAAA AGZPgAAA AGZPgAAA AGZPgAAA AGZPgAAA AGZPgAAA 
                AGZPgAAA AGZPgAAA AGZPgAAA AGZPgAAA AGZPgAAA AGZPgAAA 
                AGZPgAAA AGZPgAAA AGZPgAAA AGZPgAAA AGZPgAAA AGZPgAAA 
                AGZPgAAA AGZPgAAA AGZPgAAA AGZPgAAA AGZPgAAA AGZPgAAA 
                AGZPgAAA AGZPgAAA AFZPgAAA AFZPgAAA 
            </column>
            <column x="26">
                AFZPgAAA AFZPgAAA AGZPgAAA AGZPgAAA AGZPgAAA AGZPgAAA 
                AGZPgAAA AGZPgAAA AGZPgAAA AGZPgAAA AGZPgAAA AGZPgAAA 
                AGZPgAAA AGZPgAAA AGZPgAAA AGZPgAAA AGZPgAAA AGZPgAAA 
                AGZPgAAA AGZPgAAA AGZPgAAA AGZPgAAA AGZPgAAA AGZPgAAA 
                AGZPgAAA AGZPgAAA AGZPgAAA AGZPgAAA AGZPgAAA AGZPgAAA 
                AGZPgAAA AGZPgAAA AGZPgAAA AGZPgAAA AGZPgAAA AGZPgAAA 
                AGZPgAAA AGZPgAAA AFZPgAAA AFZPgAAA 
            </column>
            <column x="27">
                AFZPgAAA AFZPgAAA AFZPgAAA AGZPgAAA AGZPgAAA AGZPgAAA 
                AGZPgAAA AGZPgAAA AGZPgAAA AGZPgAAA AGZPgAAA AGZPgAAA 
                AGZPgAAA AGZPgAAA AGZPgAAA AGZPgAAA AGZPgAAA AGZPgAAA 
                AGZPgAAA AGZPgAAA AGZPgAAA AGZPgAAA AGZPgAAA AGZPgAAA 
                AGZPgAAA AGZPgAAA AGZPgAAA AGZPgAAA AGZPgAAA AGZPgAAA 
                AGZPgAAA AGZPgAAA AGZPgAAA AGZPgAAA AGZPgAAA AGZPgAAA 
                AGZPgAAA AGZPgAAA AFZPgAAA AFZPgAAA 
            </column>
            <column x="28">
                AFZPgAAA AFZPgAAA AGZPgAAA AGZPgAAA AGZPgAAA AGZPgAAA 
                AGZPgAAA AGZPgAAA AGZPgAAA AGZPgAAA AGZPgAAA AGZPgAAA 
                AGZPgAAA AGZPgAAA AGZPgAAA AGZPgAAA AGZPgAAA AGZPgAAA 
                AGZPgAAA AGZPgAAA AGZPgAAA AGZPgAAA AGZPgAAA AGZPgAAA 
                AGZPgAAA AGZPgAAA AGZPgAAA AGZPgAAA AGZPgAAA AGZPgAAA 
                AGZPgAAA AGZPgAAA AGZPgAAA AGZPgAAA AGZPgAAA AGZPgAAA 
                AGZPgAAA AGZPgAAA AFZPgAAA AFZPgAAA 
            </column>
            <column x="29">
                AFZPgAAA AFZPgAAA AGZPgAAA AGZPgAAA AGZPgAAA AGZPgAAA 
                AGZPgAAA AGZPgAAA AGZPgAAA AGZPgAAA AGZPgAAA AGZPgAAA 
                AGZPgAAA AGZPgAAA AGZPgAAA AGZPgAAA AGZPgAAA AGZPgAAA 
                AGZPgAAA AGZPgAAA AGZPgAAA AGZPgAAA AGZPgAAA AGZPgAAA 
                AGZPgAAA AGZPgAAA AGZPgAAA AGZPgAAA AGZPgAAA AGZPgAAA 
                AGZPgAAA AGZPgAAA AGZPgAAA AGZPgAAA AGZPgAAA AGZPgAAA 
                AGZPgAAA AGZPgAAA AFZPgAAA AFZPgAAA 
            </column>
            <column x="30">
                AFZPgAAA AFZPgAAA AGZPgAAA AGZPgAAA AGZPgAAA AGZPgAAA 
                AGZPgAAA AGZPgAAA AGZPgAAA AGZPgAAA AGZPgAAA AGZPgAAA 
                AGZPgAAA AGZPgAAA AGZPgAAA AGZPgAAA AGZPgAAA AGZPgAAA 
                AGZPgAAA AGZPgAAA AGZPgAAA AGZPgAAA AGZPgAAA AGZPgAAA 
                AGZPgAAA AGZPgAAA AGZPgAAA AGZPgAAA AGZPgAAA AGZPgAAA 
                AGZPgAAA AGZPgAAA AGZPgAAA AGZPgAAA AGZPgAAA AGZPgAAA 
                AGZPgAAA AGZPgAAA AFZPgAAA AFZPgAAA 
            </column>
            <column x="31">
                AFZPgAAA AFZPgAAA AGZPgAAA AGZPgAAA AGZPgAAA AGZPgAAA 
                AGZPgAAA AGZPgAAA AGZPgAAA AGZPgAAA AGZPgAAA AGZPgAAA 
                AGZPgAAA AGZPgAAA AGZPgAAA AGZPgAAA AGZPgAAA AGZPgAAA 
                AGZPgAAA AGZPgAAA AGZPgAAA AGZPgAAA AGZPgAAA AGZPgAAA 
                AGZPgAAA AGZPgAAA AGZPgAAA AGZPgAAA AGZPgAAA AGZPgAAA 
                AGZPgAAA AGZPgAAA AGZPgAAA AGZPgAAA AGZPgAAA AGZPgAAA 
                AGZPgAAA AGZPgAAA AFZPgAAA AFZPgAAA 
            </column>
            <column x="32">
                AFZPgAAA AFZPgAAA AGZPgAAA AGZPgAAA AGZPgAAA AGZPgAAA 
                AGZPgAAA AGZPgAAA AGZPgAAA AGZPgAAA AGZPgAAA AGZPgAAA 
                AGZPgAAA AGZPgAAA AGZPgAAA AGZPgAAA AGZPgAAA AGZPgAAA 
                AGZPgAAA AGZPgAAA AGZPgAAA AGZPgAAA AGZPgAAA AGZPgAAA 
                AGZPgAAA AGZPgAAA AGZPgAAA AGZPgAAA AGZPgAAA AGZPgAAA 
                AGZPgAAA AGZPgAAA AGZPgAAA AGZPgAAA AGZPgAAA AGZPgAAA 
                AGZPgAAA AGZPgAAA AFZPgAAA AFZPgAAA 
            </column>
            <column x="33">
                AFZPgAAA AFZPgAAA AGZPgAAA AGZPgAAA AGZPgAAA AGZPgAAA 
                AGZPgAAA AGZPgAAA AGZPgAAA AGZPgAAA AGZPgAAA AGZPgAAA 
                AGZPgAAA AGZPgAAA AGZPgAAA AGZPgAAA AGZPgAAA AGZPgAAA 
                AGZPgAAA AGZPgAAA AGZPgAAA AGZPgAAA AGZPgAAA AGZPgAAA 
                AGZPgAAA AGZPgAAA AGZPgAAA AGZPgAAA AGZPgAAA AGZPgAAA 
                AGZPgAAA AGZPgAAA AGZPgAAA AGZPgAAA AGZPgAAA AGZPgAAA 
                AGZPgAAA AGZPgAAA AFZPgAAA AFZPgAAA 
            </column>
            <column x="34">
                AFZPgAAA AFZPgAAA AGZPgAAA AGZPgAAA AGZPgAAA AGZPgAAA 
                AGZPgAAA AGZPgAAA AGZPgAAA AGZPgAAA AGZPgAAA AGZPgAAA 
                AGZPgAAA AGZPgAAA AGZPgAAA AGZPgAAA AGZPgAAA AGZPgAAA 
                AGZPgAAA AGZPgAAA AGZPgAAA AGZPgAAA AGZPgAAA AGZPgAAA 
                AGZPgAAA AGZPgAAA AGZPgAAA AGZPgAAA AGZPgAAA AGZPgAAA 
                AGZPgAAA AGZPgAAA AGZPgAAA AGZPgAAA AGZPgAAA AGZPgAAA 
                AGZPgAAA AGZPgAAA AFZPgAAA AFZPgAAA 
            </column>
            <column x="35">
                AFZPgAAA AFZPgAAA AGZPgAAA AGZPgAAA AGZPgAAA AGZPgAAA 
                AGZPgAAA AGZPgAAA AGZPgAAA AGZPgAAA AGZPgAAA AGZPgAAA 
                AGZPgAAA AGZPgAAA AGZPgAAA AGZPgAAA AGZPgAAA AGZPgAAA 
                AGZPgAAA AGZPgAAA AGZPgAAA AGZPgAAA AGZPgAAA AGZPgAAA 
                AGZPgAAA AGZPgAAA AGZPgAAA AGZPgAAA AGZPgAAA AGZPgAAA 
                AGZPgAAA AGZPgAAA AGZPgAAA AGZPgAAA AGZPgAAA AGZPgAAA 
                AGZPgAAA AGZPgAAA AFZPgAAA AFZPgAAA 
            </column>
            <column x="36">
                AFZPgAAA AFZPgAAA AGZPgAAA AGZPgAAA AGZPgAAA AGZPgAAA 
                AGZPgAAA AGZPgAAA AGZPgAAA AGZPgAAA AGZPgAAA AGZPgAAA 
                AGZPgAAA AGZPgAAA AGZPgAAA AGZPgAAA AGZPgAAA AGZPgAAA 
                AGZPgAAA AGZPgAAA AGZPgAAA AGZPgAAA AGZPgAAA AGZPgAAA 
                AGZPgAAA AGZPgAAA AGZPgAAA AGZPgAAA AGZPgAAA AGZPgAAA 
                AGZPgAAA AGZPgAAA AGZPgAAA AGZPgAAA AGZPgAAA AGZPgAAA 
                AGZPgAAA AGZPgAAA AFZPgAAA AFZPgAAA 
            </column>
            <column x="37">
                AFZPgAAA AFZPgAAA AGZPgAAA AGZPgAAA AGZPgAAA AGZPgAAA 
                AGZPgAAA AGZPgAAA AGZPgAAA AGZPgAAA AGZPgAAA AGZPgAAA 
                AGZPgAAA AGZPgAAA AGZPgAAA AGZPgAAA AGZPgAAA AGZPgAAA 
                AGZPgAAA AGZPgAAA AGZPgAAA AGZPgAAA AGZPgAAA AGZPgAAA 
                AGZPgAAA AGZPgAAA AGZPgAAA AGZPgAAA AGZPgAAA AGZPgAAA 
                AGZPgAAA AGZPgAAA AGZPgAAA AGZPgAAA AGZPgAAA AGZPgAAA 
                AGZPgAAA AGZPgAAA AFZPgAAA AFZPgAAA 
            </column>
            <column x="38">
                AFZPgAAA AFZPgAAA AGZPgAAA AGZPgAAA AGZPgAAA AGZPgAAA 
                AGZPgAAA AGZPgAAA AGZPgAAA AGZPgAAA AGZPgAAA AGZPgAAA 
                AGZPgAAA AGZPgAAA AGZPgAAA AGZPgAAA AGZPgAAA AGZPgAAA 
                AGZPgAAA AGZPgAAA AGZPgAAA AGZPgAAA AGZPgAAA AGZPgAAA 
                AGZPgAAA AGZPgAAA AGZPgAAA AGZPgAAA AGZPgAAA AGZPgAAA 
                AGZPgAAA AGZPgAAA AGZPgAAA AGZPgAAA AGZPgAAA AGZPgAAA 
                AGZPgAAA AGZPgAAA AFZPgAAA AFZPgAAA 
            </column>
            <column x="39">
                AFZPgAAA AFZPgAAA AGZPgAAA AGZPgAAA AGZPgAAA AGZPgAAA 
                AGZPgAAA AGZPgAAA AGZPgAAA AGZPgAAA AGZPgAAA AGZPgAAA 
                AGZPgAAA AGZPgAAA AGZPgAAA AGZPgAAA AGZPgAAA AGZPgAAA 
                AGZPgAAA AGZPgAAA AGZPgAAA AGZPgAAA AGZPgAAA AGZPgAAA 
                AGZPgAAA AGZPgAAA AGZPgAAA AGZPgAAA AGZPgAAA AGZPgAAA 
                AGZPgAAA AGZPgAAA AGZPgAAA AGZPgAAA AGZPgAAA AGZPgAAA 
                AGZPgAAA AGZPgAAA AFZPgAAA AFZPgAAA 
            </column>
            <column x="40">
                AFZPgAAA AFZPgAAA AGZPgAAA AGZPgAAA AGZPgAAA AGZPgAAA 
                AGZPgAAA AGZPgAAA AGZPgAAA AGZPgAAA AGZPgAAA AGZPgAAA 
                AGZPgAAA AGZPgAAA AGZPgAAA AGZPgAAA AGZPgAAA AGZPgAAA 
                AGZPgAAA AGZPgAAA AGZPgAAA AGZPgAAA AGZPgAAA AGZPgAAA 
                AGZPgAAA AGZPgAAA AGZPgAAA AGZPgAAA AGZPgAAA AGZPgAAA 
                AGZPgAAA AGZPgAAA AGZPgAAA AGZPgAAA AGZPgAAA AGZPgAAA 
                AGZPgAAA AGZPgAAA AFZPgAAA AFZPgAAA 
            </column>
            <column x="41">
                AFZPgAAA AFZPgAAA AGZPgAAA AGZPgAAA AGZPgAAA AGZPgAAA 
                AGZPgAAA AGZPgAAA AGZPgAAA AGZPgAAA AGZPgAAA AGZPgAAA 
                AGZPgAAA AGZPgAAA AGZPgAAA AGZPgAAA AGZPgAAA AGZPgAAA 
                AGZPgAAA AGZPgAAA AGZPgAAA AGZPgAAA AGZPgAAA AGZPgAAA 
                AGZPgAAA AGZPgAAA AGZPgAAA AGZPgAAA AGZPgAAA AGZPgAAA 
                AGZPgAAA AGZPgAAA AGZPgAAA AGZPgAAA AGZPgAAA AGZPgAAA 
                AGZPgAAA AGZPgAAA AFZPgAAA AFZPgAAA 
            </column>
            <column x="42">
                AFZPgAAA AFZPgAAA AGZPgAAA AGZPgAAA AGZPgAAA AGZPgAAA 
                AGZPgAAA AGZPgAAA AGZPgAAA AGZPgAAA AGZPgAAA AGZPgAAA 
                AGZPgAAA AGZPgAAA AGZPgAAA AGZPgAAA AGZPgAAA AGZPgAAA 
                AGZPgAAA AGZPgAAA AGZPgAAA AGZPgAAA AGZPgAAA AGZPgAAA 
                AGZPgAAA AGZPgAAA AGZPgAAA AGZPgAAA AGZPgAAA AGZPgAAA 
                AGZPgAAA AGZPgAAA AGZPgAAA AGZPgAAA AGZPgAAA AGZPgAAA 
                AGZPgAAA AGZPgAAA AFZPgAAA AFZPgAAA 
            </column>
            <column x="43">
                AFZPgAAA AFZPgAAA AGZPgAAA AGZPgAAA AGZPgAAA AGZPgAAA 
                AGZPgAAA AGZPgAAA AGZPgAAA AGZPgAAA AGZPgAAA AGZPgAAA 
                AGZPgAAA AGZPgAAA AGZPgAAA AGZPgAAA AGZPgAAA AGZPgAAA 
                AGZPgAAA AGZPgAAA AGZPgAAA AGZPgAAA AGZPgAAA AGZPgAAA 
                AGZPgAAA AGZPgAAA AGZPgAAA AGZPgAAA AGZPgAAA AGZPgAAA 
                AGZPgAAA AGZPgAAA AGZPgAAA AGZPgAAA AGZPgAAA AGZPgAAA 
                AGZPgAAA AGZPgAAA AFZPgAAA AFZPgAAA 
            </column>
            <column x="44">
                AFZPgAAA AFZPgAAA AFZPgAAA AFZPgAAA AGZPgAAA AGZPgAAA 
                AGZPgAAA AGZPgAAA AGZPgAAA AGZPgAAA AGZPgAAA AGZPgAAA 
                AGZPgAAA AGZPgAAA AGZPgAAA AGZPgAAA AGZPgAAA AGZPgAAA 
                AGZPgAAA AGZPgAAA AGZPgAAA AGZPgAAA AGZPgAAA AGZPgAAA 
                AGZPgAAA AGZPgAAA AGZPgAAA AGZPgAAA AGZPgAAA AGZPgAAA 
                AGZPgAAA AGZPgAAA AGZPgAAA AGZPgAAA AGZPgAAA AGZPgAAA 
                AFZPgAAA AFZPgAAA AFZPgAAA AFZPgAAA 
            </column>
            <column x="45">
                AFZPgAAA AFZPgAAA AFZPgAAA AFZPgAAA AGZPgAAA AGZPgAAA 
                AGZPgAAA AGZPgAAA AGZPgAAA AGZPgAAA AGZPgAAA AGZPgAAA 
                AGZPgAAA AGZPgAAA AGZPgAAA AGZPgAAA AGZPgAAA AGZPgAAA 
                AGZPgAAA AGZPgAAA AGZPgAAA AGZPgAAA AGZPgAAA AGZPgAAA 
                AGZPgAAA AGZPgAAA AGZPgAAA AGZPgAAA AGZPgAAA AGZPgAAA 
                AGZPgAAA AGZPgAAA AGZPgAAA AGZPgAAA AGZPgAAA AGZPgAAA 
                AFZPgAAA AFZPgAAA AFZPgAAA AFZPgAAA 
            </column>
            <column x="46">
                AFZPgAAA AFZPgAAA AFZPgAAA AFZPgAAA AGZPgAAA AGZPgAAA 
                AGZPgAAA AGZPgAAA AGZPgAAA AGZPgAAA AGZPgAAA AGZPgAAA 
                AGZPgAAA AGZPgAAA AGZPgAAA AGZPgAAA AGZPgAAA AGZPgAAA 
                AGZPgAAA AGZPgAAA AGZPgAAA AGZPgAAA AGZPgAAA AGZPgAAA 
                AGZPgAAA AGZPgAAA AGZPgAAA AGZPgAAA AGZPgAAA AGZPgAAA 
                AGZPgAAA AGZPgAAA AGZPgAAA AGZPgAAA AGZPgAAA AGZPgAAA 
                AFZPgAAA AFZPgAAA AFZPgAAA AFZPgAAA 
            </column>
            <column x="47">
                AFZPgAAA AFZPgAAA AFZPgAAA AFZPgAAA AGZPgAAA AGZPgAAA 
                AGZPgAAA AGZPgAAA AGZPgAAA AGZPgAAA AGZPgAAA AGZPgAAA 
                AGZPgAAA AGZPgAAA AGZPgAAA AGZPgAAA AGZPgAAA AGZPgAAA 
                AGZPgAAA AGZPgAAA AGZPgAAA AGZPgAAA AGZPgAAA AGZPgAAA 
                AGZPgAAA AGZPgAAA AGZPgAAA AGZPgAAA AGZPgAAA AGZPgAAA 
                AGZPgAAA AGZPgAAA AGZPgAAA AGZPgAAA AGZPgAAA AGZPgAAA 
                AFZPgAAA AFZPgAAA AFZPgAAA AFZPgAAA 
            </column>
            <column x="48">
                AFZPgAAA AFZPgAAA AFZPgAAA AFZPgAAA AGZPgAAA AGZPgAAA 
                AGZPgAAA AGZPgAAA AGZPgAAA AGZPgAAA AGZPgAAA AGZPgAAA 
                AGZPgAAA AGZPgAAA AGZPgAAA AGZPgAAA AGZPgAAA AGZPgAAA 
                AGZPgAAA AGZPgAAA AGZPgAAA AGZPgAAA AGZPgAAA AGZPgAAA 
                AGZPgAAA AGZPgAAA AGZPgAAA AGZPgAAA AGZPgAAA AGZPgAAA 
                AGZPgAAA AGZPgAAA AGZPgAAA AGZPgAAA AGZPgAAA AGZPgAAA 
                AFZPgAAA AFZPgAAA AFZPgAAA AFZPgAAA 
            </column>
            <column x="49">
                AFZPgAAA AFZPgAAA AFZPgAAA AFZPgAAA AGZPgAAA AGZPgAAA 
                AGZPgAAA AGZPgAAA AGZPgAAA AGZPgAAA AGZPgAAA AGZPgAAA 
                AGZPgAAA AGZPgAAA AGZPgAAA AGZPgAAA AGZPgAAA AGZPgAAA 
                AGZPgAAA AGZPgAAA AGZPgAAA AGZPgAAA AGZPgAAA AGZPgAAA 
                AGZPgAAA AGZPgAAA AGZPgAAA AGZPgAAA AGZPgAAA AGZPgAAA 
                AGZPgAAA AGZPgAAA AGZPgAAA AGZPgAAA AGZPgAAA AGZPgAAA 
                AFZPgAAA AFZPgAAA AFZPgAAA AFZPgAAA 
            </column>
            <column x="50">
                AFZPgAAA AFZPgAAA AFZPgAAA AFZPgAAA AGZPgAAA AGZPgAAA 
                AGZPgAAA AGZPgAAA AGZPgAAA AGZPgAAA AGZPgAAA AGZPgAAA 
                AGZPgAAA AGZPgAAA AGZPgAAA AGZPgAAA AGZPgAAA AGZPgAAA 
                AGZPgAAA AGZPgAAA AGZPgAAA AGZPgAAA AGZPgAAA AGZPgAAA 
                AGZPgAAA AGZPgAAA AGZPgAAA AGZPgAAA AGZPgAAA AGZPgAAA 
                AGZPgAAA AGZPgAAA AGZPgAAA AGZPgAAA AGZPgAAA AGZPgAAA 
                AFZPgAAA AFZPgAAA AFZPgAAA AFZPgAAA 
            </column>
            <column x="51">
                AFZPgAAA AFZPgAAA AFZPgAAA AFZPgAAA AGZPgAAA AGZPgAAA 
                AGZPgAAA AGZPgAAA AGZPgAAA AGZPgAAA AGZPgAAA AGZPgAAA 
                AGZPgAAA AGZPgAAA AGZPgAAA AGZPgAAA AGZPgAAA AGZPgAAA 
                AGZPgAAA AGZPgAAA AGZPgAAA AGZPgAAA AGZPgAAA AGZPgAAA 
                AGZPgAAA AGZPgAAA AGZPgAAA AGZPgAAA AGZPgAAA AGZPgAAA 
                AGZPgAAA AGZPgAAA AGZPgAAA AGZPgAAA AGZPgAAA AGZPgAAA 
                AFZPgAAA AFZPgAAA AFZPgAAA AFZPgAAA 
            </column>
            <column x="52">
                AFZPgAAA AFZPgAAA AFZPgAAA AFZPgAAA AGZPgAAA AGZPgAAA 
                AGZPgAAA AGZPgAAA AGZPgAAA AGZPgAAA AGZPgAAA AGZPgAAA 
                AGZPgAAA AGZPgAAA AGZPgAAA AGZPgAAA AGZPgAAA AGZPgAAA 
                AGZPgAAA AGZPgAAA AGZPgAAA AGZPgAAA AGZPgAAA AGZPgAAA 
                AGZPgAAA AGZPgAAA AGZPgAAA AGZPgAAA AGZPgAAA AGZPgAAA 
                AGZPgAAA AGZPgAAA AGZPgAAA AGZPgAAA AGZPgAAA AGZPgAAA 
                AFZPgAAA AFZPgAAA AFZPgAAA AFZPgAAA 
            </column>
            <column x="53">
                AFZPgAAA AFZPgAAA AFZPgAAA AFZPgAAA AGZPgAAA AGZPgAAA 
                AGZPgAAA AGZPgAAA AGZPgAAA AGZPgAAA AGZPgAAA AGZPgAAA 
                AGZPgAAA AGZPgAAA AGZPgAAA AGZPgAAA AGZPgAAA AGZPgAAA 
                AGZPgAAA AGZPgAAA AGZPgAAA AGZPgAAA AGZPgAAA AGZPgAAA 
                AGZPgAAA AGZPgAAA AGZPgAAA AGZPgAAA AGZPgAAA AGZPgAAA 
                AGZPgAAA AGZPgAAA AGZPgAAA AGZPgAAA AGZPgAAA AGZPgAAA 
                AFZPgAAA AFZPgAAA AFZPgAAA AFZPgAAA 
            </column>
            <column x="54">
                AFZPgAAA AFZPgAAA AFZPgAAA AFZPgAAA AGZPgAAA AGZPgAAA 
                AGZPgAAA AGZPgAAA AGZPgAAA AGZPgAAA AGZPgAAA AGZPgAAA 
                AGZPgAAA AGZPgAAA AGZPgAAA AGZPgAAA AGZPgAAA AGZPgAAA 
                AGZPgAAA AGZPgAAA AGZPgAAA AGZPgAAA AGZPgAAA AGZPgAAA 
                AGZPgAAA AGZPgAAA AGZPgAAA AGZPgAAA AGZPgAAA AGZPgAAA 
                AGZPgAAA AGZPgAAA AGZPgAAA AGZPgAAA AGZPgAAA AGZPgAAA 
                AFZPgAAA AFZPgAAA AFZPgAAA AFZPgAAA 
            </column>
            <column x="55">
                AFZPgAAA AFZPgAAA AFZPgAAA AFZPgAAA AGZPgAAA AGZPgAAA 
                AGZPgAAA AGZPgAAA AGZPgAAA AGZPgAAA AGZPgAAA AGZPgAAA 
                AGZPgAAA AGZPgAAA AGZPgAAA AGZPgAAA AGZPgAAA AGZPgAAA 
                AGZPgAAA AGZPgAAA AGZPgAAA AGZPgAAA AGZPgAAA AGZPgAAA 
                AGZPgAAA AGZPgAAA AGZPgAAA AGZPgAAA AGZPgAAA AGZPgAAA 
                AGZPgAAA AGZPgAAA AGZPgAAA AGZPgAAA AGZPgAAA AGZPgAAA 
                AFZPgAAA AFZPgAAA AFZPgAAA AFZPgAAA 
            </column>
            <column x="56">
                AFZPgAAA AFZPgAAA AFZPgAAA AFZPgAAA AGZPgAAA AGZPgAAA 
                AGZPgAAA AGZPgAAA AGZPgAAA AGZPgAAA AGZPgAAA AGZPgAAA 
                AGZPgAAA AGZPgAAA AGZPgAAA AGZPgAAA AGZPgAAA AGZPgAAA 
                AGZPgAAA AGZPgAAA AGZPgAAA AGZPgAAA AGZPgAAA AGZPgAAA 
                AGZPgAAA AGZPgAAA AGZPgAAA AGZPgAAA AGZPgAAA AGZPgAAA 
                AGZPgAAA AGZPgAAA AGZPgAAA AGZPgAAA AGZPgAAA AGZPgAAA 
                AFZPgAAA AFZPgAAA AFZPgAAA AFZPgAAA 
            </column>
            <column x="57">
                AFZPgAAA AFZPgAAA AFZPgAAA AFZPgAAA AGZPgAAA AGZPgAAA 
                AGZPgAAA AGZPgAAA AGZPgAAA AGZPgAAA AGZPgAAA AGZPgAAA 
                AGZPgAAA AGZPgAAA AGZPgAAA AGZPgAAA AGZPgAAA AGZPgAAA 
                AGZPgAAA AGZPgAAA AGZPgAAA AGZPgAAA AGZPgAAA AGZPgAAA 
                AGZPgAAA AGZPgAAA AGZPgAAA AGZPgAAA AGZPgAAA AGZPgAAA 
                AGZPgAAA AGZPgAAA AGZPgAAA AGZPgAAA AGZPgAAA AGZPgAAA 
                AFZPgAAA AFZPgAAA AFZPgAAA AFZPgAAA 
            </column>
            <column x="58">
                AFZPgAAA AFZPgAAA AFZPgAAA AFZPgAAA AFZPgAAA AFZPgAAA 
                AFZPgAAA AFZPgAAA AFZPgAAA AFZPgAAA AFZPgAAA AFZPgAAA 
                AFZPgAAA AFZPgAAA AFZPgAAA AFZPgAAA AFZPgAAA AFZPgAAA 
                AFZPgAAA AFZPgAAA AFZPgAAA AFZPgAAA AFZPgAAA AFZPgAAA 
                AFZPgAAA AFZPgAAA AFZPgAAA AFZPgAAA AFZPgAAA AFZPgAAA 
                AFZPgAAA AFZPgAAA AFZPgAAA AFZPgAAA AFZPgAAA AFZPgAAA 
                AFZPgAAA AFZPgAAA AFZPgAAA AFZPgAAA 
            </column>
            <column x="59">
                AFZPgAAA AFZPgAAA AFZPgAAA AFZPgAAA AFZPgAAA AFZPgAAA 
                AFZPgAAA AFZPgAAA AFZPgAAA AFZPgAAA AFZPgAAA AFZPgAAA 
                AFZPgAAA AFZPgAAA AFZPgAAA AFZPgAAA AFZPgAAA AFZPgAAA 
                AFZPgAAA AFZPgAAA AFZPgAAA AFZPgAAA AFZPgAAA AFZPgAAA 
                AFZPgAAA AFZPgAAA AFZPgAAA AFZPgAAA AFZPgAAA AFZPgAAA 
                AFZPgAAA AFZPgAAA AFZPgAAA AFZPgAAA AFZPgAAA AFZPgAAA 
                AFZPgAAA AFZPgAAA AFZPgAAA AFZPgAAA 
            </column>
        </tiles>
    </tileset>

    <sites>
        <site type="35" x="1" y="18">
            <name>Unnamed</name>
            <description>Unnamed</description>
        </site>
        <site type="35" x="2" y="17">
            <name>Unnamed</name>
            <description>Unnamed</description>
        </site>
        <site type="35" x="2" y="18">
            <name>Unnamed</name>
            <description>Unnamed</description>
        </site>
        <site type="35" x="2" y="19">
            <name>Unnamed</name>
            <description>Unnamed</description>
        </site>
        <site type="35" x="2" y="20">
            <name>Unnamed</name>
            <description>Unnamed</description>
        </site>
        <site type="12" x="3" y="7">
            <name>Unnamed</name>
            <description>Unnamed</description>
        </site>
        <site type="12" x="3" y="12">
            <name>Unnamed</name>
            <description>Unnamed</description>
        </site>
        <site type="12" x="3" y="17">
            <name>Unnamed</name>
            <description>Unnamed</description>
        </site>
        <site type="35" x="3" y="18">
            <name>Unnamed</name>
            <description>Unnamed</description>
        </site>
        <site type="36" x="3" y="19">
            <name>Unnamed</name>
            <description>Unnamed</description>
        </site>
        <site type="36" x="3" y="20">
            <name>Unnamed</name>
            <description>Unnamed</description>
        </site>
        <site type="12" x="3" y="22">
            <name>Unnamed</name>
            <description>Unnamed</description>
        </site>
        <site type="12" x="3" y="27">
            <name>Unnamed</name>
            <description>Unnamed</description>
        </site>
        <site type="12" x="3" y="32">
            <name>Unnamed</name>
            <description>Unnamed</description>
        </site>
        <site type="36" x="4" y="5">
            <name>Unnamed</name>
            <description>Unnamed</description>
        </site>
        <site type="36" x="4" y="6">
            <name>Unnamed</name>
            <description>Unnamed</description>
        </site>
        <site type="36" x="4" y="7">
            <name>Unnamed</name>
            <description>Unnamed</description>
        </site>
        <site type="36" x="4" y="8">
            <name>Unnamed</name>
            <description>Unnamed</description>
        </site>
        <site type="36" x="4" y="9">
            <name>Unnamed</name>
            <description>Unnamed</description>
        </site>
        <site type="36" x="4" y="10">
            <name>Unnamed</name>
            <description>Unnamed</description>
        </site>
        <site type="36" x="4" y="11">
            <name>Unnamed</name>
            <description>Unnamed</description>
        </site>
        <site type="36" x="4" y="12">
            <name>Unnamed</name>
            <description>Unnamed</description>
        </site>
        <site type="36" x="4" y="13">
            <name>Unnamed</name>
            <description>Unnamed</description>
        </site>
        <site type="36" x="4" y="14">
            <name>Unnamed</name>
            <description>Unnamed</description>
        </site>
        <site type="36" x="4" y="15">
            <name>Unnamed</name>
            <description>Unnamed</description>
        </site>
        <site type="35" x="4" y="16">
            <name>Unnamed</name>
            <description>Unnamed</description>
        </site>
        <site type="35" x="4" y="17">
            <name>Unnamed</name>
            <description>Unnamed</description>
        </site>
        <site type="35" x="4" y="25">
            <name>Unnamed</name>
            <description>Unnamed</description>
        </site>
        <site type="35" x="4" y="26">
            <name>Unnamed</name>
            <description>Unnamed</description>
        </site>
        <site type="35" x="4" y="27">
            <name>Unnamed</name>
            <description>Unnamed</description>
        </site>
        <site type="36" x="4" y="28">
            <name>Unnamed</name>
            <description>Unnamed</description>
        </site>
        <site type="36" x="4" y="29">
            <name>Unnamed</name>
            <description>Unnamed</description>
        </site>
        <site type="36" x="4" y="30">
            <name>Unnamed</name>
            <description>Unnamed</description>
        </site>
        <site type="36" x="4" y="31">
            <name>Unnamed</name>
            <description>Unnamed</description>
        </site>
        <site type="36" x="4" y="32">
            <name>Unnamed</name>
            <description>Unnamed</description>
        </site>
        <site type="36" x="4" y="33">
            <name>Unnamed</name>
            <description>Unnamed</description>
        </site>
        <site type="36" x="4" y="34">
            <name>Unnamed</name>
            <description>Unnamed</description>
        </site>
        <site type="36" x="5" y="5">
            <name>Unnamed</name>
            <description>Unnamed</description>
        </site>
        <site type="36" x="5" y="6">
            <name>Unnamed</name>
            <description>Unnamed</description>
        </site>
        <site type="36" x="5" y="7">
            <name>Unnamed</name>
            <description>Unnamed</description>
        </site>
        <site type="36" x="5" y="8">
            <name>Unnamed</name>
            <description>Unnamed</description>
        </site>
        <site type="36" x="5" y="9">
            <name>Unnamed</name>
            <description>Unnamed</description>
        </site>
        <site type="36" x="5" y="10">
            <name>Unnamed</name>
            <description>Unnamed</description>
        </site>
        <site type="36" x="5" y="11">
            <name>Unnamed</name>
            <description>Unnamed</description>
        </site>
        <site type="36" x="5" y="12">
            <name>Unnamed</name>
            <description>Unnamed</description>
        </site>
        <site type="36" x="5" y="13">
            <name>Unnamed</name>
            <description>Unnamed</description>
        </site>
        <site type="36" x="5" y="14">
            <name>Unnamed</name>
            <description>Unnamed</description>
        </site>
        <site type="35" x="5" y="15">
            <name>Unnamed</name>
            <description>Unnamed</description>
        </site>
        <site type="35" x="5" y="16">
            <name>Unnamed</name>
            <description>Unnamed</description>
        </site>
        <site type="35" x="5" y="19">
            <name>Unnamed</name>
            <description>Unnamed</description>
        </site>
        <site type="35" x="5" y="20">
            <name>Unnamed</name>
            <description>Unnamed</description>
        </site>
        <site type="35" x="5" y="26">
            <name>Unnamed</name>
            <description>Unnamed</description>
        </site>
        <site type="35" x="5" y="27">
            <name>Unnamed</name>
            <description>Unnamed</description>
        </site>
        <site type="35" x="5" y="28">
            <name>Unnamed</name>
            <description>Unnamed</description>
        </site>
        <site type="36" x="5" y="29">
            <name>Unnamed</name>
            <description>Unnamed</description>
        </site>
        <site type="36" x="5" y="30">
            <name>Unnamed</name>
            <description>Unnamed</description>
        </site>
        <site type="36" x="5" y="31">
            <name>Unnamed</name>
            <description>Unnamed</description>
        </site>
        <site type="36" x="5" y="32">
            <name>Unnamed</name>
            <description>Unnamed</description>
        </site>
        <site type="36" x="5" y="33">
            <name>Unnamed</name>
            <description>Unnamed</description>
        </site>
        <site type="36" x="5" y="34">
            <name>Unnamed</name>
            <description>Unnamed</description>
        </site>
        <site type="36" x="6" y="5">
            <name>Unnamed</name>
            <description>Unnamed</description>
        </site>
        <site type="36" x="6" y="6">
            <name>Unnamed</name>
            <description>Unnamed</description>
        </site>
        <site type="36" x="6" y="7">
            <name>Unnamed</name>
            <description>Unnamed</description>
        </site>
        <site type="36" x="6" y="8">
            <name>Unnamed</name>
            <description>Unnamed</description>
        </site>
        <site type="36" x="6" y="9">
            <name>Unnamed</name>
            <description>Unnamed</description>
        </site>
        <site type="36" x="6" y="10">
            <name>Unnamed</name>
            <description>Unnamed</description>
        </site>
        <site type="36" x="6" y="11">
            <name>Unnamed</name>
            <description>Unnamed</description>
        </site>
        <site type="36" x="6" y="12">
            <name>Unnamed</name>
            <description>Unnamed</description>
        </site>
        <site type="36" x="6" y="13">
            <name>Unnamed</name>
            <description>Unnamed</description>
        </site>
        <site type="35" x="6" y="14">
            <name>Unnamed</name>
            <description>Unnamed</description>
        </site>
        <site type="35" x="6" y="15">
            <name>Unnamed</name>
            <description>Unnamed</description>
        </site>
        <site type="35" x="6" y="20">
            <name>Unnamed</name>
            <description>Unnamed</description>
        </site>
        <site type="35" x="6" y="21">
            <name>Unnamed</name>
            <description>Unnamed</description>
        </site>
        <site type="35" x="6" y="26">
            <name>Unnamed</name>
            <description>Unnamed</description>
        </site>
        <site type="35" x="6" y="27">
            <name>Unnamed</name>
            <description>Unnamed</description>
        </site>
        <site type="35" x="6" y="28">
            <name>Unnamed</name>
            <description>Unnamed</description>
        </site>
        <site type="35" x="6" y="29">
            <name>Unnamed</name>
            <description>Unnamed</description>
        </site>
        <site type="36" x="6" y="30">
            <name>Unnamed</name>
            <description>Unnamed</description>
        </site>
        <site type="36" x="6" y="31">
            <name>Unnamed</name>
            <description>Unnamed</description>
        </site>
        <site type="36" x="6" y="32">
            <name>Unnamed</name>
            <description>Unnamed</description>
        </site>
        <site type="36" x="6" y="33">
            <name>Unnamed</name>
            <description>Unnamed</description>
        </site>
        <site type="36" x="6" y="34">
            <name>Unnamed</name>
            <description>Unnamed</description>
        </site>
    </sites>
</map>
