<?xml version="1.0"?>
<map>
    <header>
        <name>Harn</name>
        <author>Unknown</author>
        <id>Harn.1038772776688</id>
        <parent>none</parent>
        <cvs>
            <version>$Revision$</version>
            <date>$Date$</date>
        </cvs>
        <type>World</type>
        <shape>Hexagonal</shape>
        <imagedir>hexagonal/harn</imagedir>
        <format>0.0.4</format>
    </header>
    <!-- Standard terrain set -->
    <terrainset id="basic" path=".">
        <terrain id="0">
            <name>clear</name>
            <description>Clear</description>
            <image>clear.png</image>
            <solid value="false"/>
        </terrain>
        <terrain id="1">
            <name>water</name>
            <description>Water</description>
            <image>water.png</image>
            <solid value="false"/>
        </terrain>
        <terrain id="10">
            <name>cropland</name>
            <description>Cropland</description>
            <image>cropland.png</image>
            <solid value="false"/>
        </terrain>
        <terrain id="11">
            <name>woodland</name>
            <description>Mixed Wooland</description>
            <image>woodland.png</image>
            <solid value="false"/>
        </terrain>
        <terrain id="12">
            <name>heath</name>
            <description>Heath</description>
            <image>heath.png</image>
            <solid value="false"/>
        </terrain>
        <terrain id="13">
            <name>forest.mixed</name>
            <description>Mixed Forest</description>
            <image>forest.png</image>
            <solid value="false"/>
        </terrain>
        <terrain id="14">
            <name>forest.needleleaf</name>
            <description>Needleleaf Forest</description>
            <image>needleleaf.png</image>
            <solid value="false"/>
        </terrain>
        <terrain id="15">
            <name>alpine</name>
            <description>Alpine Vegetation</description>
            <image>alpine.png</image>
            <solid value="false"/>
        </terrain>
        <terrain id="16">
            <name>snow</name>
            <description>Ice, Snow or Rockfield</description>
            <image>snow.png</image>
            <solid value="false"/>
        </terrain>
    </terrainset>
    <!-- Features -->
    <terrainset id="places" path="places">
        <terrain id="0">
            <name>clear</name>
            <description>Clear</description>
            <image>clear.png</image>
            <solid value="false"/>
        </terrain>
        <terrain id="1">
            <name>town.village</name>
            <description>Village</description>
            <image>village.png</image>
            <solid value="false"/>
        </terrain>
        <terrain id="2">
            <name>town.town</name>
            <description>Walled Town</description>
            <image>town.png</image>
            <solid value="false"/>
        </terrain>
        <terrain id="10">
            <name>castle.castle</name>
            <description>Castle</description>
            <image>castle.png</image>
            <solid value="false"/>
        </terrain>
        <terrain id="11">
            <name>castle.keep</name>
            <description>Keep</description>
            <image>keep.png</image>
            <solid value="false"/>
        </terrain>
        <terrain id="20">
            <name>marker.interest</name>
            <description>Point of interest</description>
            <image>point-of-interest.png</image>
            <solid value="false"/>
        </terrain>
        <terrain id="21">
            <name>marker.peak</name>
            <description>Peak</description>
            <image>peak.png</image>
            <solid value="false"/>
        </terrain>
    </terrainset>
    <tileset id="root">
        <dimensions>
            <scale>20</scale>
            <width>84</width>
            <height>50</height>
        </dimensions>
        <tiles>
            <column x="0">
                ABcjgAAA ABcjgAAA ABcjgAAA ABcjgAAA ABcjgAAA ABcjgAAA 
                ABcjgAAA ABcjgAAA ABcjgAAA ABcjgAAA ABcjgAAA ABcjgAAA 
                ABcjgAAA ABcjgAAA ABcjgAAA ABcjgAAA ABcjgAAA ABcjgAAA 
                ABcjgAAA ABcjgAAA ABcjgAAA ABcjgAAA ABcjgAAA ABcjgAAA 
                ABcjgAAA ABcjgAAA ABcjgAAA ABcjgAAA ABcjgAAA ABcjgAAA 
                ABcjgAAA ABcjgAAA ABcjgAAA ABcjgAAA ABcjgAAA ABcjgAAA 
                ABcjgAAA ABcjgAAA ABcjgAAA ABcjgAAA ABcjgAAA ABcjgAAA 
                ABcjgAAA ABcjgAAA ABcjgAAA ABcjgAAA ABcjgAAA ABcjgAAA 
                ABcjgAAA ABcjgAAA 
            </column>
            <column x="1">
                ABcjgAAA ABcjgAAA ABcjgAAA ABcjgAAA ABcjgAAA ABcjgAAA 
                ABcjgAAA ABcjgAAA ABcjgAAA ABcjgAAA ABcjgAAA ABcjgAAA 
                ABcjgAAA ABcjgAAA ABcjgAAA ABcjgAAA ABcjgAAA ABcjgAAA 
                ABcjgAAA ABcjgAAA ABcjgAAA ABcjgAAA ABcjgAAA ABcjgAAA 
                ABcjgAAA ABcjgAAA ABcjgAAA ABcjgAAA ABcjgAAA ABcjgAAA 
                ABcjgAAA ABcjgAAA ABcjgAAA ABcjgAAA ABcjgAAA ABcjgAAA 
                ABcjgAAA ABcjgAAA ABcjgAAA ABcjgAAA ABcjgAAA ABcjgAAA 
                ABcjgAAA ABcjgAAA ABcjgAAA ABcjgAAA ABcjgAAA ABcjgAAA 
                ABcjgAAA ABcjgAAA 
            </column>
            <column x="2">
                ABcjgAAA ABcjgAAA ABcjgAAA ABcjgAAA ABcjgAAA ABcjgAAA 
                ABcjgAAA ABcjgAAA ABcjgAAA ABcjgAAA ABcjgAAA ABcjgAAA 
                ABcjgAAA ABcjgAAA ABcjgAAA ABcjgAAA ABcjgAAA ABcjgAAA 
                ABcjgAAA ABcjgAAA ABcjgAAA ABcjgAAA ABcjgAAA ABcjgAAA 
                ABcjgAAA ABcjgAAA ABcjgAAA ABcjgAAA ABcjgAAA ABcjgAAA 
                ABcjgAAA ABcjgAAA ABcjgAAA ABcjgAAA ABcjgAAA ABcjgAAA 
                ABcjgAAA ABcjgAAA ABcjgAAA ABcjgAAA ABcjgAAA ABcjgAAA 
                ABcjgAAA ABcjgAAA ABcjgAAA ABcjgAAA ABcjgAAA ABcjgAAA 
                ABcjgAAA ABcjgAAA 
            </column>
            <column x="3">
                ABcjgAAA ABcjgAAA ABcjgAAA ABcjgAAA ABcjgAAA ABcjgAAA 
                ABcjgAAA ABcjgAAA ABcjgAAA ABcjgAAA ABcjgAAA ABcjgAAA 
                ABcjgAAA ABcjgAAA ABcjgAAA ABcjgAAA ABcjgAAA ABcjgAAA 
                ABcjgAAA ABcjgAAA ABcjgAAA ABcjgAAA ABcjgAAA ABcjgAAA 
                ABcjgAAA ABcjgAAA ABcjgAAA ABcjgAAA ABcjgAAA ABcjgAAA 
                ABcjgAAA ABcjgAAA ABcjgAAA ABcjgAAA ABcjgAAA ABcjgAAA 
                ABcjgAAA ABcjgAAA ABcjgAAA ABcjgAAA ABcjgAAA ABcjgAAA 
                ABcjgAAA ABcjgAAA ABcjgAAA ABcjgAAA ABcjgAAA ABcjgAAA 
                ABcjgAAA ABcjgAAA 
            </column>
            <column x="4">
                ABcjgAAA ABcjgAAA ABcjgAAA ABcjgAAA ABcjgAAA ABcjgAAA 
                ABcjgAAA ABcjgAAA ABcjgAAA ABcjgAAA ABcjgAAA ABcjgAAA 
                ABcjgAAA ABcjgAAA ABcjgAAA ABcjgAAA ABcjgAAA ABcjgAAA 
                ABcjgAAA ABcjgAAA ABcjgAAA ABcjgAAA ABcjgAAA ABcjgAAA 
                ABcjgAAA ABcjgAAA ABcjgAAA ABcjgAAA ABcjgAAA ABcjgAAA 
                ABcjgAAA ABcjgAAA ABcjgAAA ABcjgAAA ABcjgAAA ABcjgAAA 
                ABcjgAAA ABcjgAAA ABcjgAAA ABcjgAAA ABcjgAAA ABcjgAAA 
                ABcjgAAA ABcjgAAA ABcjgAAA ABcjgAAA ABcjgAAA ABcjgAAA 
                ABcjgAAA ABcjgAAA 
            </column>
            <column x="5">
                ABcjgAAA ABcjgAAA ABcjgAAA ABcjgAAA ABcjgAAA ABcjgAAA 
                ABcjgAAA ABcjgAAA ABcjgAAA ABcjgAAA ABcjgAAA ABcjgAAA 
                ABcjgAAA ABcjgAAA ABcjgAAA ABcjgAAA ABcjgAAA ABcjgAAA 
                ABcjgAAA ABcjgAAA ABcjgAAA ABcjgAAA ABcjgAAA ABcjgAAA 
                ABcjgAAA ABcjgAAA ABcjgAAA ABcjgAAA ABcjgAAA ABcjgAAA 
                ABcjgAAA ABcjgAAA ABcjgAAA ABcjgAAA ABcjgAAA ABcjgAAA 
                ABcjgAAA ABcjgAAA ABcjgAAA ABcjgAAA ABcjgAAA ABcjgAAA 
                ABcjgAAA ABcjgAAA ABcjgAAA AMcjgAAA AMcjgAAA AMcjgAAA 
                ABcjgAAA ABcjgAAA 
            </column>
            <column x="6">
                ABcjgAAA ABcjgAAA ABcjgAAA ABcjgAAA ABcjgAAA ABcjgAAA 
                ABcjgAAA ABcjgAAA ABcjgAAA ABcjgAAA ABcjgAAA ABcjgAAA 
                ABcjgAAA ABcjgAAA ABcjgAAA ABcjgAAA ABcjgAAA ANcjgAAA 
                ANcjgAAA ABcjgAAA ABcjgAAA ABcjgAAA ABcjgAAA ABcjgAAA 
                ABcjgAAA ABcjgAAA ABcjgAAA ABcjgAAA ABcjgAAA ABcjgAAA 
                ABcjgAAA ABcjgAAA ABcjgAAA ABcjgAAA ABcjgAAA ABcjgAAA 
                ABcjgAAA ABcjgAAA ABcjgAAA ABcjgAAA ABcjgAAA ABcjgAAA 
                ABcjgAAA ABcjgAAA ABcjgAAA ABcjgAAA ANcjgAAA ANcjgAAA 
                ABcjgAAA ABcjgAAA 
            </column>
            <column x="7">
                ABcjgAAA ABcjgAAA ABcjgAAA ABcjgAAA ABcjgAAA ABcjgAAA 
                ABcjgAAA ABcjgAAA ABcjgAAA ABcjgAAA ABcjgAAA ABcjgAAA 
                ABcjgAAA ABcjgAAA ABcjgAAA ABcjgAAA ABcjgAAA ANcjgAAA 
                ANcjgCAA ABcjgAAA ABcjgAAA ABcjgAAA ABcjgAAA ABcjgAAA 
                ABcjgAAA ABcjgAAA ABcjgAAA ABcjgAAA ABcjgAAA ABcjgAAA 
                ABcjgAAA ABcjgAAA ABcjgAAA ABcjgAAA ABcjgAAA ABcjgAAA 
                ABcjgAAA ABcjgAAA ABcjgAAA ABcjgAAA ABcjgAAA ABcjgAAA 
                ABcjgAAA ABcjgAAA ABcjgAAA ABcjgAAA ABcjgAAA ABcjgAAA 
                ABcjgAAA ABcjgAAA 
            </column>
            <column x="8">
                ABcjgAAA ABcjgAAA ABcjgAAA ABcjgAAA ABcjgAAA ABcjgAAA 
                ABcjgAAA ABcjgAAA ABcjgAAA ABcjgAAA ABcjgAAA ABcjgAAA 
                ABcjgAAA ABcjgAAA ABcjgAAA ABcjgAAA ABcjgAAA ANcjgAAA 
                ANcjgCAA ANcjgCAA ANcjgAAA ANcjgAAA ABcjgAAA ABcjgAAA 
                ABcjgAAA ABcjgAAA ABcjgAAA ABcjgAAA ABcjgAAA ABcjgAAA 
                ABcjgAAA ABcjgAAA ABcjgAAA ABcjgAAA ABcjgAAA ABcjgAAA 
                ABcjgAAA ABcjgAAA ABcjgAAA ABcjgAAA ABcjgAAA ABcjgAAA 
                ABcjgAAA ABcjgAAA ABcjgAAA ABcjgAAA AKcjgAAA ABcjgAAA 
                ABcjgAAA ABcjgAAA 
            </column>
            <column x="9">
                ABcjgAAA ABcjgAAA ABcjgAAA ABcjgAAA ABcjgAAA ABcjgAAA 
                ABcjgAAA ABcjgAAA ABcjgAAA ABcjgAAA ABcjgAAA ABcjgAAA 
                ABcjgAAA ABcjgAAA ABcjgAAA ABcjgAAA ABcjgAAA ANcjgAAA 
                ANcjgCAA ANcjgCAA ANcjgAAA ANcjgAAA ABcjgAAA ABcjgAAA 
                ABcjgAAA ABcjgAAA ABcjgAAA ABcjgAAA ABcjgAAA ABcjgAAA 
                ABcjgAAA ABcjgAAA ABcjgAAA ABcjgAAA ABcjgAAA ABcjgAAA 
                ABcjgAAA ABcjgAAA ABcjgAAA ABcjgAAA ABcjgAAA ABcjgAAA 
                AMcjgAAA AMcjgAAA AMcjgAAA ABcjgAAA ABcjgAAA ABcjgAAA 
                ABcjgAAA ABcjgAAA 
            </column>
            <column x="10">
                ABcjgAAA ABcjgAAA ABcjgAAA ABcjgAAA ABcjgAAA ABcjgAAA 
                ABcjgAAA ABcjgAAA ABcjgAAA ABcjgAAA ABcjgAAA ABcjgAAA 
                ABcjgAAA ABcjgAAA ABcjgAAA ABcjgAAA ABcjgAAA ABcjgAAA 
                ANcjgCAA ANcjgCAA ANcjgCAA ANcjgAAA ANcjgAAA ABcjgAAA 
                ABcjgAAA ABcjgAAA ABcjgAAA ABcjgAAA ABcjgAAA ABcjgAAA 
                ABcjgAAA ABcjgAAA ABcjgAAA ABcjgAAA ABcjgAAA ABcjgAAA 
                ABcjgAAA ABcjgAAA ABcjgAAA ABcjgAAA ABcjgAAA ABcjgAAA 
                ANcjgAAA ALcjgAAA ALcjgAAA ANcjgAAA ABcjgAAA ABcjgAAA 
                ABcjgAAA ABcjgAAA 
            </column>
            <column x="11">
                ABcjgAAA ABcjgAAA ABcjgAAA ABcjgAAA ABcjgAAA ABcjgAAA 
                ABcjgAAA ABcjgAAA ABcjgAAA ABcjgAAA ABcjgAAA ABcjgAAA 
                ABcjgAAA ABcjgAAA ABcjgAAA ABcjgAAA ABcjgAAA ANcjgAAA 
                ANcjgAAA ANcjgCAA ANcjgCAA ANcjgAAA ANcjgAAA ABcjgAAA 
                ABcjgAAA ABcjgAAA ABcjgAAA ABcjgAAA ABcjgAAA ABcjgAAA 
                ABcjgAAA ABcjgAAA ABcjgAAA ABcjgAAA ABcjgAAA ABcjgAAA 
                ABcjgAAA ABcjgAAA ABcjgAAA ABcjgAAA ABcjgAAA ANcjgAAA 
                ALcjgAAA ALcjgAAA ANcjgAAA ANcjgAAA ABcjgAAA ABcjgAAA 
                ABcjgAAA ABcjgAAA 
            </column>
            <column x="12">
                ABcjgAAA ABcjgAAA ABcjgAAA ABcjgAAA ABcjgAAA ABcjgAAA 
                ABcjgAAA ABcjgAAA ABcjgAAA ABcjgAAA ABcjgAAA ABcjgAAA 
                ABcjgAAA ABcjgAAA ABcjgAAA ABcjgAAA ABcjgAAA ABcjgAAA 
                ANcjgAAA ANcjgAAA ANcjgCAA ANcjgAAA ANcjgAAA ANcjgAAA 
                ABcjgAAA ABcjgAAA ABcjgAAA ABcjgAAA ABcjgAAA ABcjgAAA 
                ABcjgAAA ABcjgAAA ABcjgAAA ABcjgAAA ABcjgAAA ABcjgAAA 
                ABcjgAAA ABcjgAAA ABcjgAAA ABcjgAAA ABcjgAAA ANcjgAAA 
                ALcjgAAA ALcjgAAA ANcjgAAA ANcjgAAA ABcjgAAA ABcjgAAA 
                ABcjgAAA ABcjgAAA 
            </column>
            <column x="13">
                ABcjgAAA ABcjgAAA ABcjgAAA ABcjgAAA ABcjgAAA ABcjgAAA 
                ABcjgAAA ABcjgAAA ABcjgAAA ABcjgAAA ABcjgAAA ABcjgAAA 
                ABcjgAAA ABcjgAAA ABcjgAAA ABcjgAAA ABcjgAAA ANcjgAAA 
                ANcjgAAA ANcjgAAA ANcjgAAA ANcjgAAA ANcjgAAA ANcjgAAA 
                ABcjgAAA ABcjgAAA ABcjgAAA ABcjgAAA ABcjgAAA ABcjgAAA 
                ABcjgAAA ABcjgAAA ABcjgAAA ABcjgAAA ABcjgAAA ABcjgAAA 
                ABcjgAAA ABcjgAAA ABcjgAAA ABcjgAAA ABcjgAAA ALcjgAAA 
                ALcjgAAA ALcjgAAA ABcjgAAA ABcjgAAA ALcjgAAA ABcjgAAA 
                ABcjgAAA ABcjgAAA 
            </column>
            <column x="14">
                ABcjgAAA ABcjgAAA ABcjgAAA ABcjgAAA ABcjgAAA ABcjgAAA 
                ABcjgAAA ABcjgAAA ABcjgAAA ABcjgAAA ABcjgAAA ABcjgAAA 
                ABcjgAAA ABcjgAAA ABcjgAAA ABcjgAAA ABcjgAAA ANcjgAAA 
                ANcjgAAA ANcjgAAA ANcjgBAA ANcjgBAA ANcjgBAA ANcjgAAA 
                ABcjgAAA ABcjgAAA ABcjgAAA ABcjgAAA ABcjgAAA ABcjgAAA 
                ABcjgAAA ABcjgAAA ABcjgAAA ABcjgAAA ABcjgAAA ABcjgAAA 
                ABcjgAAA ABcjgAAA ABcjgAAA ABcjgAAA ABcjgAAA ABcjgAAA 
                ALcjgAAA ALcjgAAA ABcjgAAA ABcjgAAA ABcjgAAA ABcjgAAA 
                ABcjgAAA ABcjgAAA 
            </column>
            <column x="15">
                ABcjgAAA ABcjgAAA ABcjgAAA ABcjgAAA ABcjgAAA ABcjgAAA 
                ABcjgAAA ABcjgAAA ABcjgAAA ABcjgAAA ABcjgAAA ABcjgAAA 
                ABcjgAAA ABcjgAAA ABcjgAAA ABcjgAAA ABcjgAAA ANcjgAAA 
                ANcjgAAA ANcjgBAA ANcjgBAA ANcjgAAA ANcjgAAA ANcjgAAA 
                ABcjgAAA ABcjgAAA ABcjgAAA ABcjgAAA ABcjgAAA ABcjgAAA 
                ABcjgAAA ABcjgAAA ABcjgAAA ABcjgAAA ABcjgAAA ABcjgAAA 
                ABcjgAAA ABcjgAAA ABcjgAAA ABcjgAAA ABcjgAAA ABcjgAAA 
                ABcjgAAA ABcjgAAA ABcjgAAA ABcjgAAA ABcjgAAA ABcjgAAA 
                ABcjgAAA ABcjgAAA 
            </column>
            <column x="16">
                ABcjgAAA ABcjgAAA ABcjgAAA ABcjgAAA ABcjgAAA ABcjgAAA 
                ABcjgAAA ABcjgAAA ABcjgAAA ABcjgAAA ABcjgAAA ABcjgAAA 
                ABcjgAAA ABcjgAAA ABcjgAAA ABcjgAAA ABcjgAAA ABcjgAAA 
                ANcjgAAA ANcjgAAA ANcjgBAA ANcjgAAA ANcjgAAA ANcjgAAA 
                ABcjgAAA ABcjgAAA ABcjgAAA ABcjgAAA AKcjgAAA ABcjgAAA 
                ABcjgAAA ABcjgAAA ABcjgAAA ABcjgAAA ABcjgAAA ABcjgAAA 
                ABcjgAAA ABcjgAAA ABcjgAAA ABcjgAAA ABcjgAAA ABcjgAAA 
                ABcjgAAA ABcjgAAA ABcjgAAA ABcjgAAA ABcjgAAA ABcjgAAA 
                ABcjgAAA ABcjgAAA 
            </column>
            <column x="17">
                ABcjgAAA ABcjgAAA ABcjgAAA ABcjgAAA ABcjgAAA ABcjgAAA 
                ABcjgAAA ABcjgAAA ABcjgAAA ABcjgAAA ABcjgAAA ABcjgAAA 
                ABcjgAAA ABcjgAAA ABcjgAAA ABcjgAAA ABcjgAAA ABcjgAAA 
                ANcjgAAA ANcjgAAA ANcjgBAA ANcjgAAA ANcjgAAA ANcjgAAA 
                ANcjgAAA ANcjgAAA AKcjgAAA ANcjgAAA ALcjgAAA ABcjgAAA 
                ABcjgAAA ABcjgAAA ABcjgAAA ABcjgAAA ABcjgAAA ABcjgAAA 
                ABcjgAAA ABcjgAAA ABcjgAAA ABcjgAAA ABcjgAAA ABcjgAAA 
                ABcjgAAA ABcjgAAA ABcjgAAA ABcjgAAA ABcjgAAA ABcjgAAA 
                ABcjgAAA ABcjgAAA 
            </column>
            <column x="18">
                ABcjgAAA ABcjgAAA ABcjgAAA ABcjgAAA ABcjgAAA ABcjgAAA 
                ABcjgAAA ABcjgAAA ABcjgAAA ABcjgAAA ABcjgAAA ABcjgAAA 
                ABcjgAAA ABcjgAAA ABcjgAAA ABcjgAAA ABcjgAAA ANcjgAAA 
                ANcjgAAA ANcjgAAA ANcjgCAA ANcjgBAA ANcjgAAA ANcjgAAA 
                ANcjgAAA ANcjgAAA AKcjgAAA ANcjgAAA ALcjgAAA ABcjgAAA 
                ABcjgAAA ABcjgAAA ABcjgAAA ABcjgAAA ABcjgAAA ABcjgAAA 
                ABcjgAAA ABcjgAAA ABcjgAAA ABcjgAAA ABcjgAAA ABcjgAAA 
                ABcjgAAA ABcjgAAA ABcjgAAA ABcjgAAA ABcjgAAA ABcjgAAA 
                ABcjgAAA ABcjgAAA 
            </column>
            <column x="19">
                ABcjgAAA ABcjgAAA ABcjgAAA ABcjgAAA ABcjgAAA ABcjgAAA 
                ABcjgAAA ABcjgAAA ABcjgAAA ABcjgAAA ABcjgAAA ABcjgAAA 
                ABcjgAAA ABcjgAAA ABcjgAAA ABcjgAAA ABcjgAAA ANcjgAAA 
                ANcjgAAA ANcjgAAA ANcjgCAA ANcjgCAA ANcjgAAA ANcjgAAA 
                ANcjgAAA ANcjgAAA ALcjgAAA ALcjgAAA ALcjgAAA ABcjgAAA 
                ABcjgAAA ABcjgAAA ABcjgAAA ABcjgAAA ABcjgAAA ABcjgAAA 
                ABcjgAAA ABcjgAAA ABcjgAAA ABcjgAAA ABcjgAAA ABcjgAAA 
                ABcjgAAA ABcjgAAA ABcjgAAA ABcjgAAA ABcjgAAA ABcjgAAA 
                ABcjgAAA ABcjgAAA 
            </column>
            <column x="20">
                ABcjgAAA ABcjgAAA ABcjgAAA ABcjgAAA ABcjgAAA ABcjgAAA 
                ABcjgAAA ABcjgAAA ABcjgAAA ABcjgAAA ABcjgAAA ABcjgAAA 
                ABcjgAAA ABcjgAAA ABcjgAAA ABcjgAAA ABcjgAAA ABcjgAAA 
                ANcjgAAA ANcjgAAA ANcjgAAA ANcjgAAA ANcjgCAA ANcjgAAA 
                ANcjgAAA ANcjgAAA ANcjgAAA ANcjgAAA ANcjgAAA ABcjgAAA 
                ABcjgAAA ABcjgAAA AMcjgAAA ABcjgAAA ABcjgAAA ABcjgAAA 
                ABcjgAAA ABcjgAAA ABcjgAAA ABcjgAAA ABcjgAAA AMcjgAAA 
                AMcjgAAA ABcjgAAA ABcjgAAA ABcjgAAA ABcjgAAA ABcjgAAA 
                ABcjgAAA ABcjgAAA 
            </column>
            <column x="21">
                ABcjgAAA ABcjgAAA ABcjgAAA ABcjgAAA ABcjgAAA ABcjgAAA 
                ABcjgAAA ABcjgAAA ABcjgAAA ABcjgAAA ABcjgAAA ABcjgAAA 
                ABcjgAAA ABcjgAAA ABcjgAAA ABcjgAAA ABcjgAAA ABcjgAAA 
                ABcjgAAA ANcjgAAA ANcjgAAA ANcjgAAA ANcjgCAA ANcjgGAA 
                ANcjgAAA ANcjgAAA ANcjgAAA ANcjgGAA ABcjgAAA ABcjgAAA 
                ABcjgAAA AKcjgAAA AKcjgAAA AMcjgAAA AMcjgAAA ABcjgAAA 
                ABcjgAAA ABcjgAAA AMcjgGAA AMcjgAAA ABcjgAAA AMcjgAAA 
                AMcjgGAA ABcjgAAA ABcjgAAA ABcjgAAA ABcjgAAA ABcjgAAA 
                ABcjgAAA ABcjgAAA 
            </column>
            <column x="22">
                ABcjgAAA ABcjgAAA ABcjgAAA ABcjgAAA ABcjgAAA ABcjgAAA 
                ABcjgAAA ABcjgAAA ABcjgAAA ABcjgAAA ABcjgAAA ABcjgAAA 
                ABcjgAAA ABcjgAAA ABcjgAAA ABcjgAAA ABcjgAAA ABcjgAAA 
                ANcjgAAA ANcjgAAA ANcjgAAA ANcjgAAA ANcjgAAA ANcjgGAA 
                ANcjgGAA ANcjgCAA ANcjgAAA ALcjgAAA ANcjgAAA ABcjgAAA 
                ABcjgAAA AKcjgAAA AKcjgAAA AMcjgGAA AMcjgAAA AMcjgAAA 
                AMcjgAAA AMcjgAAA AMcjgAAA AMcjgAAA AMcjgAAA AMcjgAAA 
                AMcjgAAA AMcjgGAA ABcjgAAA ABcjgAAA ABcjgAAA ABcjgAAA 
                ABcjgAAA ABcjgAAA 
            </column>
            <column x="23">
                ABcjgAAA ABcjgAAA ABcjgAAA ABcjgAAA ABcjgAAA ABcjgAAA 
                ABcjgAAA ABcjgAAA ABcjgAAA ABcjgAAA ABcjgAAA ABcjgAAA 
                ABcjgAAA ABcjgAAA ABcjgAAA ABcjgAAA ABcjgAAA ANcjgAAA 
                ANcjgAAA ANcjgAAA ANcjgAAA ANcjgAAA ANcjgBAA ANcjgCAA 
                ALcjgCAA ANcjgCAA ANcjgAAA ANcjgAAA AKcjgAAA ANcjgAAA 
                AKcjgAAA AKcjgAAA AMcjgAAA AMcjgAAA AMcjgBAA AMcjgAAA 
                AMcjgAAA AMcjgAAA AMcjgAAA AMcjgAAA AMcjgAAA AMcjgAAA 
                AMcjgGAA ABcjgAAA ABcjgAAA ABcjgAAA ABcjgAAA ABcjgAAA 
                ABcjgAAA ABcjgAAA 
            </column>
            <column x="24">
                ABcjgAAA ABcjgAAA ABcjgAAA ABcjgAAA ABcjgAAA ABcjgAAA 
                ABcjgAAA ABcjgAAA ABcjgAAA ABcjgAAA ABcjgAAA ABcjgAAA 
                ABcjgAAA ABcjgAAA ABcjgAAA ABcjgAAA ABcjgAAA ANcjgAAA 
                ANcjgAAA ANcjgAAA ANcjgAAA ANcjgAAA ANcjgAAA ANcjgCAA 
                ANcjgCAA ALcjgCAA ANcjgCAA ALcjgBAA ALcjgAAA ANcjgAAA 
                ANcjgAAA AKcjgAAA AKcjgAAA AMcjgAAA AMcjgCAA AMcjgCAA 
                AMcjgCAA AMcjgGAA AMcjgAAA AMcjgAAA AMcjgAAA AMcjgAAA 
                AMcjgGAA ABcjgAAA ABcjgAAA ABcjgAAA ABcjgAAA ABcjgAAA 
                ABcjgAAA ABcjgAAA 
            </column>
            <column x="25">
                ABcjgAAA ABcjgAAA ABcjgAAA ABcjgAAA ABcjgAAA ABcjgAAA 
                ABcjgAAA ABcjgAAA ABcjgAAA ABcjgAAA ABcjgAAA ABcjgAAA 
                ABcjgAAA ABcjgAAA ABcjgAAA ABcjgAAA ABcjgAAA ABcjgAAA 
                ABcjgAAA ABcjgAAA ABcjgAAA ABcjgAAA ABcjgAAA ABcjgAAA 
                ABcjgAAA ABcjgAAA ANcjgCAA ALcjgAAA ANcjgAAA ANcjgAAA 
                ANcjgAAA AKcjgAAA ALcjgAAA ALcjgAAA ALcjgBAA AMcjgAAA 
                AMcjgBAA ALcjgAAA AMcjgAAA AMcjgAAA AMcjgAAA AMcjgAAA 
                ABcjgAAA ABcjgAAA ABcjgAAA ABcjgAAA ABcjgAAA ABcjgAAA 
                ABcjgAAA ABcjgAAA 
            </column>
            <column x="26">
                ABcjgAAA ABcjgAAA ABcjgAAA ABcjgAAA ABcjgAAA ABcjgAAA 
                ABcjgAAA ABcjgAAA ABcjgAAA ABcjgAAA ABcjgAAA ABcjgAAA 
                ABcjgAAA ABcjgAAA ABcjgAAA ABcjgAAA ABcjgAAA ABcjgAAA 
                ABcjgAAA ABcjgAAA ABcjgAAA ABcjgAAA ABcjgAAA ABcjgAAA 
                ABcjgAAA ABcjgDAA ANcjgCAA ALcjgAAA ANcjgAAA ANcjgAAA 
                ANcjgAAA ANcjgAAA ALcjgAAA ALcjgAAA ALcjgAAA ALcjgAAA 
                ALcjgAAA ALcjgAAA ALcjgAAA AMcjgAAA AMcjgAAA ALcjgAAA 
                ABcjgAAA ABcjgAAA ABcjgAAA ABcjgAAA ABcjgAAA ABcjgAAA 
                ABcjgAAA ABcjgAAA 
            </column>
            <column x="27">
                ABcjgAAA ABcjgAAA ABcjgAAA ABcjgAAA ABcjgAAA ABcjgAAA 
                ABcjgAAA ABcjgAAA ABcjgAAA ABcjgAAA ABcjgAAA ABcjgAAA 
                ABcjgAAA ABcjgAAA ABcjgAAA ABcjgAAA ABcjgAAA ABcjgAAA 
                ABcjgAAA ABcjgAAA ABcjgAAA ABcjgAAA AOcjgEAA ABcjgEAA 
                ABcjgEAA ABcjgDAA ANcjgAAA ANcjgAAA ALcjgCAA AKcjgAAA 
                AKcjgAAA ANcjgAAA ANcjgAAA ALcjgAAA ALcjgAAA AKcjgAAA 
                ALcjgAAA ALcjgAAA ALcjgAAA ALcjgAAA ALcjgAAA ABcjgAAA 
                ABcjgAAA ABcjgAAA ABcjgAAA ABcjgAAA ABcjgAAA ABcjgAAA 
                ABcjgAAA ABcjgAAA 
            </column>
            <column x="28">
                ABcjgAAA ABcjgAAA ABcjgAAA ABcjgAAA ABcjgAAA ABcjgAAA 
                ABcjgAAA ABcjgAAA ABcjgAAA ABcjgAAA ABcjgAAA ABcjgAAA 
                ABcjgAAA ABcjgAAA ABcjgAAA ABcjgAAA ABcjgAAA ABcjgAAA 
                ABcjgAAA ABcjgAAA ABcjgAAA ABcjgAAA ABcjgAAA AOcjgFAA 
                AOcjgEAA AOcjgEAA AOcjgFAA AOcjgEAA AOcjgEAA ANcjgCAA 
                AKcjgAAA AKcjgAAA ALcjgAAA ANcjgAAA AMcjgCAA AMcjgCAA 
                ALcjgAAA ALcjgAAA AKcjgAAA ALcjgAAA ABcjgAAA ABcjgAAA 
                ABcjgAAA ABcjgAAA ABcjgAAA ABcjgAAA ABcjgAAA ABcjgAAA 
                ABcjgAAA ABcjgAAA 
            </column>
            <column x="29">
                ABcjgAAA ABcjgAAA ABcjgAAA ABcjgAAA ABcjgAAA ABcjgAAA 
                ABcjgAAA ABcjgAAA ABcjgAAA ABcjgAAA ABcjgAAA ABcjgAAA 
                ABcjgAAA ABcjgAAA ABcjgAAA ABcjgAAA ABcjgAAA ABcjgAAA 
                ABcjgAAA ABcjgAAA ABcjgAAA ABcjgAAA APcjgFAA APcjgFAA 
                AOcjgFAA AOcjgFAA AOcjgEAA ANcjgEAA ANcjgDAA ALcjgAAA 
                AKcjgAAA AKcjgAAA ANcjgAAA ALcjgAAA ALcjgAAA ALcjgAAA 
                ANcjgAAA AKcjgAAA ALcjgAAA ABcjgAAA ABcjgAAA ABcjgAAA 
                ABcjgAAA ABcjgAAA ABcjgAAA ABcjgAAA ABcjgAAA ABcjgAAA 
                ABcjgAAA ABcjgAAA 
            </column>
            <column x="30">
                ABcjgAAA ABcjgAAA ABcjgAAA ABcjgAAA ABcjgAAA ABcjgAAA 
                ABcjgAAA ABcjgAAA ABcjgAAA ABcjgAAA ABcjgAAA ABcjgAAA 
                ABcjgAAA ABcjgAAA ABcjgAAA ABcjgAAA ABcjgAAA ABcjgAAA 
                ABcjgAAA ABcjgAAA ABcjgAAA AOcjgAAA APcjgFAA AOcjgAAA 
                AOcjgFAA ANcjgEAA ANcjgEAA ANcjgDAA ANcjgCAA ANcjgAAA 
                ANcjgAAA ANcjgAAA AKcjgAAA AKcjgAAA ANcjgAAA ANcjgAAA 
                ANcjgAAA ANcjgAAA ANcjgAAA ALcjgAAA ABcjgAAA ABcjgAAA 
                ABcjgAAA ABcjgAAA ABcjgAAA ABcjgAAA ABcjgAAA ABcjgAAA 
                ABcjgAAA ABcjgAAA 
            </column>
            <column x="31">
                ABcjgAAA ABcjgAAA ABcjgAAA ABcjgAAA ABcjgAAA ABcjgAAA 
                ABcjgAAA ABcjgAAA ABcjgAAA ABcjgAAA ABcjgAAA ABcjgAAA 
                ABcjgAAA ABcjgAAA ABcjgAAA ABcjgAAA ABcjgAAA ABcjgAAA 
                ABcjgAAA ABcjgAAA ABcjgAAA ABcjgAAA ABcjgAAA ABcjgAAA 
                ABcjgAAA ABcjgAAA ANcjgCAA AOcjgEAA AOcjgEAA ANcjgDAA 
                ANcjgBAA ALcjgAAA ANcjgAAA ANcjgBAA ANcjgAAA ANcjgAAA 
                ANcjgAAA ANcjgAAA ALcjgAAA AMcjgAAA ABcjgAAA ABcjgAAA 
                ABcjgAAA ABcjgAAA ABcjgAAA ABcjgAAA ABcjgAAA ABcjgAAA 
                ABcjgAAA ABcjgAAA 
            </column>
            <column x="32">
                ABcjgAAA ABcjgAAA ABcjgAAA ABcjgAAA ABcjgAAA ABcjgAAA 
                ABcjgAAA ABcjgAAA ABcjgAAA ABcjgAAA ABcjgAAA ABcjgAAA 
                ABcjgAAA ABcjgAAA ABcjgAAA ABcjgAAA ABcjgAAA ABcjgAAA 
                ABcjgAAA ABcjgAAA ABcjgAAA ABcjgAAA ABcjgAAA ABcjgAAA 
                ABcjgAAA ABcjgAAA ABcjgAAA ANcjgCAA AOcjgEAA AOcjgEAA 
                AOcjgEAA ALcjgAAA ANcjgAAA ALcjgAAA ANcjgAAA ANcjgAAA 
                ANcjgBAA ANcjgBAA ALcjgAAA ALcjgAAA ABcjgAAA ABcjgAAA 
                ABcjgAAA ABcjgAAA ABcjgAAA ABcjgAAA ABcjgAAA ABcjgAAA 
                ABcjgAAA ABcjgAAA 
            </column>
            <column x="33">
                ABcjgAAA ABcjgAAA ABcjgAAA ABcjgAAA ABcjgAAA ABcjgAAA 
                ABcjgAAA ABcjgAAA ABcjgAAA ABcjgAAA ABcjgAAA ABcjgAAA 
                ABcjgAAA ABcjgAAA ABcjgAAA ABcjgAAA ABcjgAAA ABcjgAAA 
                ABcjgAAA ABcjgAAA ABcjgAAA ABcjgAAA ABcjgAAA ABcjgAAA 
                ABcjgAAA ABcjgAAA ABcjgAAA ANcjgCAA AOcjgEAA AOcjgEAA 
                ANcjgDAA ALcjgAAA ANcjgAAA ANcjgAAA ANcjgGAA ANcjgCAA 
                ANcjgCAA ALcjgBAA ALcjgAAA ALcjgBAA ABcjgAAA ABcjgAAA 
                ABcjgAAA ABcjgAAA ABcjgAAA ABcjgAAA ABcjgAAA ABcjgAAA 
                ABcjgAAA ABcjgAAA 
            </column>
            <column x="34">
                ABcjgAAA ABcjgAAA ABcjgAAA ABcjgAAA ABcjgAAA ABcjgAAA 
                ABcjgAAA ABcjgAAA ABcjgAAA ABcjgAAA ABcjgAAA ABcjgAAA 
                ABcjgAAA ABcjgAAA ABcjgAAA ABcjgAAA ABcjgAAA ABcjgAAA 
                ABcjgAAA ABcjgAAA ABcjgAAA ABcjgAAA ABcjgAAA ABcjgAAA 
                ABcjgAAA ABcjgAAA ABcjgAAA ABcjgAAA ANcjgCAA ANcjgCAA 
                ANcjgCAA ANcjgAAA ANcjgAAA ANcjgBAA ANcjgBAA ANcjgCAA 
                ANcjgCAA ANcjgAAA ALcjgAAA ALcjgAAA AMcjgAAA ABcjgAAA 
                ABcjgAAA ABcjgAAA ABcjgAAA ABcjgAAA ABcjgAAA ABcjgAAA 
                ABcjgAAA ABcjgAAA 
            </column>
            <column x="35">
                ABcjgAAA ABcjgAAA ABcjgAAA ABcjgAAA ABcjgAAA ABcjgAAA 
                ABcjgAAA ABcjgAAA ABcjgAAA ABcjgAAA ABcjgAAA ABcjgAAA 
                ABcjgAAA ABcjgAAA ABcjgAAA ABcjgAAA ABcjgAAA ABcjgAAA 
                ABcjgAAA ABcjgAAA ABcjgAAA ABcjgAAA ABcjgAAA ABcjgAAA 
                ABcjgAAA ABcjgAAA ABcjgAAA ABcjgAAA ABcjgAAA AKcjgAAA 
                AKcjgAAA ANcjgGAA ANcjgBAA ANcjgCAA ANcjgCAA ANcjgCAA 
                ANcjgBAA ANcjgAAA ABcjgAAA ABcjgAAA ABcjgAAA ABcjgAAA 
                ABcjgAAA ABcjgAAA ABcjgAAA ABcjgAAA ABcjgAAA ABcjgAAA 
                ABcjgAAA ABcjgAAA 
            </column>
            <column x="36">
                ABcjgAAA ABcjgAAA ABcjgAAA ABcjgAAA ABcjgAAA ABcjgAAA 
                ABcjgAAA ABcjgAAA ABcjgAAA ABcjgAAA ABcjgAAA ABcjgAAA 
                ABcjgAAA ABcjgAAA ABcjgAAA ABcjgAAA ABcjgAAA ABcjgAAA 
                ABcjgAAA ABcjgAAA ABcjgAAA ABcjgAAA ABcjgAAA ABcjgAAA 
                ABcjgAAA ABcjgAAA ABcjgAAA AKcjgAAA AKcjgAAA AKcjgAAA 
                AKcjgAAA ANcjgAAA ANcjgBAA ANcjgBAA ANcjgCAA ANcjgBAA 
                ANcjgAAA ABcjgAAA ABcjgAAA ANcjgAAA AMcjgAAA ABcjgAAA 
                ABcjgAAA ABcjgAAA ABcjgAAA ABcjgAAA ABcjgAAA ABcjgAAA 
                ABcjgAAA ABcjgAAA 
            </column>
            <column x="37">
                ABcjgAAA ABcjgAAA ABcjgAAA ABcjgAAA ABcjgAAA ABcjgAAA 
                ABcjgAAA ABcjgAAA ABcjgAAA ABcjgAAA ABcjgAAA ABcjgAAA 
                ABcjgAAA ABcjgAAA ABcjgAAA ABcjgAAA ABcjgAAA ABcjgAAA 
                ABcjgAAA ABcjgAAA ABcjgAAA ABcjgAAA ABcjgAAA ABcjgAAA 
                ABcjgAAA ABcjgAAA ABcjgAAA AKcjgAAA ABcjgAAA ABcjgAAA 
                ABcjgAAA ABcjgAAA ABcjgAAA ANcjgBAA ANcjgBAA ANcjgAAA 
                ANcjgAAA ABcjgAAA ABcjgAAA ANcjgAAA ABcjgAAA ABcjgAAA 
                ABcjgAAA ABcjgAAA ABcjgAAA ABcjgAAA ABcjgAAA ABcjgAAA 
                ABcjgAAA ABcjgAAA 
            </column>
            <column x="38">
                ABcjgAAA ABcjgAAA ABcjgAAA ABcjgAAA ABcjgAAA ABcjgAAA 
                ABcjgAAA ABcjgAAA ABcjgAAA ABcjgAAA ABcjgAAA ABcjgAAA 
                ABcjgAAA ABcjgAAA ABcjgAAA ABcjgAAA ABcjgAAA ABcjgAAA 
                ABcjgAAA ABcjgAAA ABcjgAAA ABcjgAAA ABcjgAAA ABcjgAAA 
                ABcjgAAA ABcjgAAA ABcjgAAA ABcjgAAA ABcjgAAA ABcjgAAA 
                ABcjgAAA ABcjgAAA ABcjgAAA ANcjgAAA ANcjgAAA ABcjgAAA 
                ANcjgAAA ABcjgAAA ABcjgAAA ANcjgAAA ABcjgAAA ABcjgAAA 
                ABcjgAAA ABcjgAAA ABcjgAAA ABcjgAAA ABcjgAAA ABcjgAAA 
                ABcjgAAA ABcjgAAA 
            </column>
            <column x="39">
                ABcjgAAA ABcjgAAA ABcjgAAA ABcjgAAA ABcjgAAA ABcjgAAA 
                ABcjgAAA ABcjgAAA ABcjgAAA ABcjgAAA ABcjgAAA ABcjgAAA 
                ABcjgAAA ABcjgAAA ABcjgAAA ABcjgAAA ABcjgAAA ABcjgAAA 
                ABcjgAAA ABcjgAAA ABcjgAAA ABcjgAAA ABcjgAAA ABcjgAAA 
                ABcjgAAA ABcjgAAA ABcjgAAA ABcjgAAA ABcjgAAA ABcjgAAA 
                ABcjgAAA ABcjgAAA ANcjgAAA ABcjgAAA ABcjgAAA ABcjgAAA 
                ABcjgAAA ABcjgAAA ABcjgAAA ABcjgAAA ABcjgAAA ABcjgAAA 
                ABcjgAAA ABcjgAAA ABcjgAAA ABcjgAAA ABcjgAAA ABcjgAAA 
                ABcjgAAA ABcjgAAA 
            </column>
            <column x="40">
                ABcjgAAA ABcjgAAA ABcjgAAA ABcjgAAA ABcjgAAA ABcjgAAA 
                ABcjgAAA ABcjgAAA ABcjgAAA ABcjgAAA ABcjgAAA ABcjgAAA 
                ABcjgAAA ABcjgAAA ABcjgAAA ABcjgAAA ABcjgAAA ABcjgAAA 
                ABcjgAAA ABcjgAAA ABcjgAAA ABcjgAAA ABcjgAAA ABcjgAAA 
                ABcjgAAA ABcjgAAA ABcjgAAA ABcjgAAA ABcjgAAA ABcjgAAA 
                ABcjgAAA ABcjgAAA ANcjgAAA ANcjgAAA ABcjgAAA ABcjgAAA 
                ABcjgAAA ABcjgAAA ABcjgAAA ABcjgAAA ABcjgAAA ABcjgAAA 
                ABcjgAAA ABcjgAAA ABcjgAAA ABcjgAAA ABcjgAAA ABcjgAAA 
                ABcjgAAA ABcjgAAA 
            </column>
            <column x="41">
                ABcjgAAA ABcjgAAA ABcjgAAA ABcjgAAA ABcjgAAA ABcjgAAA 
                ABcjgAAA ABcjgAAA ABcjgAAA ABcjgAAA ABcjgAAA ABcjgAAA 
                ABcjgAAA ABcjgAAA ABcjgAAA ABcjgAAA ABcjgAAA ABcjgAAA 
                ABcjgAAA ABcjgAAA ABcjgAAA ABcjgAAA ABcjgAAA ABcjgAAA 
                ABcjgAAA ABcjgAAA ABcjgAAA ABcjgAAA ABcjgAAA ABcjgAAA 
                ABcjgAAA ABcjgAAA ANcjgAAA ABcjgAAA ABcjgAAA ABcjgAAA 
                ABcjgAAA ABcjgAAA ABcjgAAA ABcjgAAA ABcjgAAA ABcjgAAA 
                ABcjgAAA ABcjgAAA ABcjgAAA ABcjgAAA ABcjgAAA ABcjgAAA 
                ABcjgAAA ABcjgAAA 
            </column>
            <column x="42">
                ABcjgAAA ABcjgAAA ABcjgAAA ABcjgAAA ABcjgAAA ABcjgAAA 
                ABcjgAAA ABcjgAAA ABcjgAAA ABcjgAAA ABcjgAAA ABcjgAAA 
                ABcjgAAA ABcjgAAA ABcjgAAA ABcjgAAA ABcjgAAA ABcjgAAA 
                ABcjgAAA ABcjgAAA ABcjgAAA ABcjgAAA ABcjgAAA ABcjgAAA 
                ABcjgAAA ABcjgAAA ABcjgAAA ABcjgAAA ABcjgAAA ABcjgAAA 
                ABcjgAAA ABcjgAAA ANcjgAAA ABcjgAAA ABcjgAAA ABcjgAAA 
                ABcjgAAA ABcjgAAA ABcjgAAA ABcjgAAA ABcjgAAA ABcjgAAA 
                ABcjgAAA ABcjgAAA ABcjgAAA ABcjgAAA ABcjgAAA ABcjgAAA 
                ABcjgAAA ABcjgAAA 
            </column>
            <column x="43">
                ABcjgAAA ABcjgAAA ABcjgAAA ABcjgAAA ABcjgAAA ABcjgAAA 
                ABcjgAAA ABcjgAAA ABcjgAAA ABcjgAAA ABcjgAAA ABcjgAAA 
                ABcjgAAA ABcjgAAA ABcjgAAA ABcjgAAA ABcjgAAA ABcjgAAA 
                ABcjgAAA ABcjgAAA ABcjgAAA ABcjgAAA ABcjgAAA ABcjgAAA 
                ABcjgAAA ABcjgAAA ABcjgAAA ABcjgAAA ABcjgAAA AOcjgEAA 
                AOcjgEAA ABcjgAAA ANcjgAAA ABcjgAAA ABcjgAAA ABcjgAAA 
                ANcjgBAA ABcjgAAA ABcjgAAA ABcjgAAA ABcjgAAA ABcjgAAA 
                ABcjgAAA ABcjgAAA ABcjgAAA ABcjgAAA ABcjgAAA ABcjgAAA 
                ABcjgAAA ABcjgAAA 
            </column>
            <column x="44">
                ABcjgAAA ABcjgAAA ABcjgAAA ABcjgAAA ABcjgAAA ABcjgAAA 
                ABcjgAAA ABcjgAAA ABcjgAAA ABcjgAAA ABcjgAAA ABcjgAAA 
                ABcjgAAA ABcjgAAA ABcjgAAA ABcjgAAA ABcjgAAA ABcjgAAA 
                ABcjgAAA ABcjgAAA ABcjgAAA ABcjgAAA ABcjgAAA ABcjgAAA 
                ABcjgAAA ABcjgAAA ABcjgAAA ABcjgAAA ABcjgAAA ANcjgDAA 
                AOcjgEAA ANcjgAAA ANcjgBAA ANcjgBAA ABcjgAAA ABcjgAAA 
                ANcjgAAA ANcjgBAA ABcjgAAA ABcjgAAA ABcjgAAA ABcjgAAA 
                ABcjgAAA ABcjgAAA ABcjgAAA ABcjgAAA ABcjgAAA ABcjgAAA 
                ABcjgAAA ABcjgAAA 
            </column>
            <column x="45">
                ABcjgAAA ABcjgAAA ABcjgAAA ABcjgAAA ABcjgAAA ABcjgAAA 
                ABcjgAAA ABcjgAAA ABcjgAAA ABcjgAAA ABcjgAAA ABcjgAAA 
                ABcjgAAA ABcjgAAA ABcjgAAA ABcjgAAA ABcjgAAA ABcjgAAA 
                ABcjgAAA ABcjgAAA ABcjgAAA ABcjgAAA ABcjgAAA ABcjgAAA 
                ABcjgAAA ABcjgAAA ABcjgFAA ABcjgFAA AOcjgEAA ANcjgAAA 
                ANcjgAAA ANcjgBAA ABcjgAAA ABcjgAAA ABcjgAAA ABcjgAAA 
                ABcjgAAA ANcjgBAA ABcjgAAA ABcjgAAA ABcjgAAA ABcjgAAA 
                ABcjgAAA ABcjgAAA ABcjgAAA ABcjgAAA ABcjgAAA ABcjgAAA 
                ABcjgAAA ABcjgAAA 
            </column>
            <column x="46">
                ABcjgAAA ABcjgAAA ABcjgAAA ABcjgAAA ABcjgAAA ABcjgAAA 
                ABcjgAAA ABcjgAAA ABcjgAAA ABcjgAAA ABcjgAAA ABcjgAAA 
                ABcjgAAA ABcjgAAA ABcjgAAA ABcjgAAA ABcjgAAA ABcjgAAA 
                ABcjgAAA ABcjgAAA ABcjgAAA ABcjgAAA ABcjgAAA ABcjgAAA 
                ABcjgAAA ABcjgAAA ABcjgAAA ABcjgFAA AOcjgEAA ANcjgAAA 
                ANcjgBAA ALcjgBAA ALcjgBAA ABcjgAAA ABcjgAAA ABcjgAAA 
                ABcjgAAA ABcjgAAA ABcjgAAA ABcjgAAA ABcjgAAA ABcjgAAA 
                ABcjgAAA ABcjgAAA ABcjgAAA ABcjgAAA ABcjgAAA ABcjgAAA 
                ABcjgAAA ABcjgAAA 
            </column>
            <column x="47">
                ABcjgAAA ABcjgAAA ABcjgAAA ABcjgAAA ABcjgAAA ABcjgAAA 
                ABcjgAAA ABcjgAAA ABcjgAAA ABcjgAAA ABcjgAAA ABcjgAAA 
                ABcjgAAA ABcjgAAA ABcjgAAA ABcjgAAA ABcjgAAA ABcjgAAA 
                ABcjgAAA ABcjgAAA ABcjgAAA ABcjgAAA ABcjgAAA ABcjgAAA 
                ABcjgAAA AOcjgAAA ANcjgAAA ANcjgDAA ANcjgAAA ANcjgBAA 
                ALcjgAAA ALcjgAAA ALcjgBAA ABcjgAAA ABcjgAAA ABcjgAAA 
                ANcjgAAA ABcjgAAA ABcjgAAA ABcjgAAA ABcjgAAA ABcjgAAA 
                ABcjgAAA ABcjgAAA ABcjgAAA ABcjgAAA ABcjgAAA ABcjgAAA 
                ABcjgAAA ABcjgAAA 
            </column>
            <column x="48">
                ABcjgAAA ABcjgAAA ABcjgAAA ABcjgAAA ABcjgAAA ABcjgAAA 
                ABcjgAAA ABcjgAAA ABcjgAAA ABcjgAAA ABcjgAAA ABcjgAAA 
                ABcjgAAA ABcjgAAA ABcjgAAA ABcjgAAA ABcjgAAA ABcjgAAA 
                ABcjgAAA ABcjgAAA ABcjgAAA ABcjgAAA ABcjgAAA ABcjgAAA 
                ABcjgAAA ABcjgAAA ABcjgAAA ABcjgAAA ABcjgAAA ABcjgAAA 
                ABcjgBAA ALcjgBAA ANcjgBAA ANcjgAAA ABcjgAAA ABcjgAAA 
                ANcjgAAA ANcjgBAA ABcjgAAA ABcjgAAA ABcjgAAA ABcjgAAA 
                ABcjgAAA ABcjgAAA ABcjgAAA ABcjgAAA ABcjgAAA ABcjgAAA 
                ABcjgAAA ABcjgAAA 
            </column>
            <column x="49">
                ABcjgAAA ABcjgAAA ABcjgAAA ABcjgAAA ABcjgAAA ABcjgAAA 
                ABcjgAAA ABcjgAAA ABcjgAAA ABcjgAAA ABcjgAAA ABcjgAAA 
                ABcjgAAA ABcjgAAA ABcjgAAA ABcjgAAA ABcjgAAA ABcjgAAA 
                ABcjgAAA ABcjgAAA ABcjgAAA ABcjgAAA ABcjgAAA ABcjgAAA 
                ABcjgAAA ABcjgAAA ABcjgAAA ABcjgAAA ABcjgBAA ABcjgBAA 
                ABcjgBAA ANcjgBAA ANcjgBAA ABcjgAAA ABcjgAAA ANcjgAAA 
                ANcjgAAA ANcjgAAA ABcjgAAA ABcjgAAA ABcjgAAA ABcjgAAA 
                ABcjgAAA ABcjgAAA ABcjgAAA ABcjgAAA ABcjgAAA ABcjgAAA 
                ABcjgAAA ABcjgAAA 
            </column>
            <column x="50">
                ABcjgAAA ABcjgAAA ABcjgAAA ABcjgAAA ABcjgAAA ABcjgAAA 
                ABcjgAAA ABcjgAAA ABcjgAAA ABcjgAAA ABcjgAAA ABcjgAAA 
                ABcjgAAA ABcjgAAA ABcjgAAA ABcjgAAA ABcjgAAA ABcjgAAA 
                ABcjgAAA ABcjgAAA ABcjgAAA ABcjgAAA ABcjgAAA ABcjgAAA 
                ABcjgAAA ABcjgAAA ABcjgAAA ABcjgAAA ABcjgAAA ABcjgAAA 
                ABcjgAAA ANcjgAAA ANcjgAAA ABcjgAAA ABcjgAAA ABcjgAAA 
                ABcjgAAA ANcjgAAA ABcjgAAA ABcjgAAA ABcjgAAA ABcjgAAA 
                ABcjgAAA ABcjgAAA ABcjgAAA ABcjgAAA ABcjgAAA ABcjgAAA 
                ABcjgAAA ABcjgAAA 
            </column>
            <column x="51">
                ABcjgAAA ABcjgAAA ABcjgAAA ABcjgAAA ABcjgAAA ABcjgAAA 
                ABcjgAAA ABcjgAAA ABcjgAAA ABcjgAAA ABcjgAAA ABcjgAAA 
                ABcjgAAA ABcjgAAA ABcjgAAA ABcjgAAA ABcjgAAA ABcjgAAA 
                ABcjgAAA ABcjgAAA ABcjgAAA ABcjgAAA ABcjgAAA ABcjgAAA 
                ABcjgAAA ABcjgAAA ABcjgAAA ABcjgAAA ABcjgAAA ABcjgAAA 
                ABcjgAAA ANcjgAAA ANcjgAAA ABcjgAAA ABcjgAAA ABcjgAAA 
                ABcjgAAA ABcjgAAA ABcjgAAA ABcjgAAA ABcjgAAA ABcjgAAA 
                ABcjgAAA ABcjgAAA ABcjgAAA ABcjgAAA ABcjgAAA ABcjgAAA 
                ABcjgAAA ABcjgAAA 
            </column>
            <column x="52">
                ABcjgAAA ABcjgAAA ABcjgAAA ABcjgAAA ABcjgAAA ABcjgAAA 
                ABcjgAAA ABcjgAAA ABcjgAAA ABcjgAAA ABcjgAAA ABcjgAAA 
                ABcjgAAA ABcjgAAA ABcjgAAA ABcjgAAA ABcjgAAA ABcjgAAA 
                ABcjgAAA ABcjgAAA ABcjgAAA ABcjgAAA ABcjgAAA ABcjgAAA 
                ABcjgAAA ABcjgAAA ABcjgAAA ABcjgAAA ABcjgAAA ABcjgAAA 
                ABcjgAAA ABcjgAAA ANcjgAAA ANcjgAAA ABcjgAAA ABcjgAAA 
                ABcjgAAA ABcjgAAA ABcjgAAA ABcjgAAA ABcjgAAA ABcjgAAA 
                ABcjgAAA ABcjgAAA ABcjgAAA ABcjgAAA ABcjgAAA ABcjgAAA 
                ABcjgAAA ABcjgAAA 
            </column>
            <column x="53">
                ABcjgAAA ABcjgAAA ABcjgAAA ABcjgAAA ABcjgAAA ABcjgAAA 
                ABcjgAAA ABcjgAAA ABcjgAAA ABcjgAAA ABcjgAAA ABcjgAAA 
                ABcjgAAA ABcjgAAA ABcjgAAA ABcjgAAA ABcjgAAA ABcjgAAA 
                ABcjgAAA ABcjgAAA ABcjgAAA ABcjgAAA ABcjgAAA ABcjgAAA 
                ABcjgAAA ABcjgAAA ABcjgAAA ABcjgAAA ABcjgAAA ABcjgAAA 
                ABcjgAAA ABcjgAAA ANcjgAAA ABcjgAAA AMcjgGAA ABcjgAAA 
                ABcjgAAA ABcjgAAA ABcjgAAA ABcjgAAA ABcjgAAA ABcjgAAA 
                ABcjgAAA ABcjgAAA ABcjgAAA ABcjgAAA ABcjgAAA ABcjgAAA 
                ABcjgAAA ABcjgAAA 
            </column>
            <column x="54">
                ABcjgAAA ABcjgAAA ABcjgAAA ABcjgAAA ABcjgAAA ABcjgAAA 
                ABcjgAAA ABcjgAAA ABcjgAAA ABcjgAAA ABcjgAAA ABcjgAAA 
                ABcjgAAA ABcjgAAA ABcjgAAA ABcjgAAA ABcjgAAA ABcjgAAA 
                ABcjgAAA ABcjgAAA ABcjgAAA ABcjgAAA ABcjgAAA ABcjgAAA 
                ABcjgAAA ABcjgAAA ABcjgAAA ABcjgAAA ABcjgAAA ABcjgAAA 
                ABcjgAAA ANcjgAAA ANcjgAAA ABcjgAAA ABcjgAAA AMcjgGAA 
                ABcjgAAA ABcjgAAA ABcjgAAA ABcjgAAA ABcjgAAA ABcjgAAA 
                ABcjgAAA ABcjgAAA ABcjgAAA ABcjgAAA ABcjgAAA ABcjgAAA 
                ABcjgAAA ABcjgAAA 
            </column>
            <column x="55">
                ABcjgAAA ABcjgAAA ABcjgAAA ABcjgAAA ABcjgAAA ABcjgAAA 
                ABcjgAAA ABcjgAAA ABcjgAAA ABcjgAAA ABcjgAAA ABcjgAAA 
                ABcjgAAA ABcjgAAA ABcjgAAA ABcjgAAA ABcjgAAA ABcjgAAA 
                ABcjgAAA ABcjgAAA ABcjgAAA ABcjgAAA ABcjgAAA ABcjgAAA 
                ABcjgAAA ABcjgAAA ABcjgAAA ABcjgAAA ABcjgAAA ANcjgAAA 
                ANcjgAAA ABcjgAAA ABcjgAAA AMcjgAAA AMcjgAAA AMcjgGAA 
                ABcjgAAA ABcjgAAA ABcjgAAA ABcjgAAA ABcjgAAA ABcjgAAA 
                ABcjgAAA ABcjgAAA ABcjgAAA ABcjgAAA ABcjgAAA ABcjgAAA 
                ABcjgAAA ABcjgAAA 
            </column>
            <column x="56">
                ABcjgAAA ABcjgAAA ABcjgAAA ABcjgAAA ABcjgAAA ABcjgAAA 
                ABcjgAAA ABcjgAAA ABcjgAAA ABcjgAAA ABcjgAAA ABcjgAAA 
                ABcjgAAA ABcjgAAA ABcjgAAA ABcjgAAA ABcjgAAA ABcjgAAA 
                ABcjgAAA ABcjgAAA ABcjgAAA ABcjgAAA ABcjgAAA ABcjgAAA 
                ABcjgAAA ABcjgAAA ABcjgAAA ABcjgAAA ABcjgAAA ANcjgAAA 
                ABcjgAAA ABcjgAAA ABcjgAAA AMcjgAAA AMcjgAAA AMcjgGAA 
                AMcjgAAA AMcjgAAA ABcjgAAA ABcjgAAA ABcjgAAA ABcjgAAA 
                ABcjgAAA ABcjgAAA ABcjgAAA ABcjgAAA ABcjgAAA ABcjgAAA 
                ABcjgAAA ABcjgAAA 
            </column>
            <column x="57">
                ABcjgAAA ABcjgAAA ABcjgAAA ABcjgAAA ABcjgAAA ABcjgAAA 
                ABcjgAAA ABcjgAAA ABcjgAAA ABcjgAAA ABcjgAAA ABcjgAAA 
                ABcjgAAA ABcjgAAA ABcjgAAA ABcjgAAA ABcjgAAA ABcjgAAA 
                ABcjgAAA ABcjgAAA ABcjgAAA ABcjgAAA ABcjgAAA ABcjgAAA 
                ABcjgAAA ABcjgAAA ABcjgAAA ABcjgAAA ABcjgAAA ANcjgAAA 
                ANcjgAAA ALcjgAAA AMcjgAAA AMcjgAAA ALcjgAAA AMcjgAAA 
                AMcjgAAA ABcjgAAA ABcjgAAA ABcjgAAA ABcjgAAA ABcjgAAA 
                ABcjgAAA ABcjgAAA ABcjgAAA ABcjgAAA ABcjgAAA ABcjgAAA 
                ABcjgAAA ABcjgAAA 
            </column>
            <column x="58">
                ABcjgAAA ABcjgAAA ABcjgAAA ABcjgAAA ABcjgAAA ABcjgAAA 
                ABcjgAAA ABcjgAAA ABcjgAAA ABcjgAAA ABcjgAAA ABcjgAAA 
                ABcjgAAA ABcjgAAA ABcjgAAA ABcjgAAA ABcjgAAA ABcjgAAA 
                ABcjgAAA ABcjgAAA ABcjgAAA ABcjgAAA ABcjgAAA ABcjgAAA 
                ABcjgAAA ABcjgAAA ABcjgAAA ABcjgAAA ABcjgAAA ABcjgAAA 
                ABcjgAAA ABcjgAAA ABcjgAAA ABcjgAAA ABcjgAAA ABcjgAAA 
                AMcjgAAA ABcjgAAA ABcjgAAA ABcjgAAA ABcjgAAA ABcjgAAA 
                ABcjgAAA ABcjgAAA ABcjgAAA ABcjgAAA ABcjgAAA ABcjgAAA 
                ABcjgAAA ABcjgAAA 
            </column>
            <column x="59">
                ABcjgAAA ABcjgAAA ABcjgAAA ABcjgAAA ABcjgAAA ABcjgAAA 
                ABcjgAAA ABcjgAAA ABcjgAAA ABcjgAAA ABcjgAAA ABcjgAAA 
                ABcjgAAA ABcjgAAA ABcjgAAA ABcjgAAA ABcjgAAA ABcjgAAA 
                ABcjgAAA ABcjgAAA ABcjgAAA ABcjgAAA ABcjgAAA ABcjgAAA 
                ABcjgAAA ABcjgAAA ABcjgAAA ABcjgAAA ABcjgAAA ABcjgAAA 
                ABcjgAAA ABcjgAAA ABcjgAAA ABcjgAAA ABcjgAAA AMcjgAAA 
                ABcjgAAA ABcjgAAA ABcjgAAA ABcjgAAA ABcjgAAA ABcjgAAA 
                ABcjgAAA ABcjgAAA ABcjgAAA ABcjgAAA ABcjgAAA ABcjgAAA 
                ABcjgAAA ABcjgAAA 
            </column>
            <column x="60">
                ABcjgAAA ABcjgAAA ABcjgAAA ABcjgAAA ABcjgAAA ABcjgAAA 
                ABcjgAAA ABcjgAAA ABcjgAAA ABcjgAAA ABcjgAAA ABcjgAAA 
                ABcjgAAA ABcjgAAA ABcjgAAA ABcjgAAA ABcjgAAA ABcjgAAA 
                ABcjgAAA ABcjgAAA ABcjgAAA ABcjgAAA ABcjgAAA ABcjgAAA 
                ABcjgAAA ABcjgAAA ABcjgAAA ABcjgAAA ABcjgAAA ABcjgAAA 
                ABcjgAAA ABcjgAAA ABcjgAAA ABcjgAAA ABcjgAAA ABcjgAAA 
                AMcjgGAA ABcjgAAA ABcjgAAA ABcjgAAA ABcjgAAA ABcjgAAA 
                ABcjgAAA ABcjgAAA ABcjgAAA ABcjgAAA ABcjgAAA ABcjgAAA 
                ABcjgAAA ABcjgAAA 
            </column>
            <column x="61">
                ABcjgAAA ABcjgAAA ABcjgAAA ABcjgAAA ABcjgAAA ABcjgAAA 
                ABcjgAAA ABcjgAAA ABcjgAAA ABcjgAAA ABcjgAAA ABcjgAAA 
                ABcjgAAA ABcjgAAA ABcjgAAA ABcjgAAA ABcjgAAA ABcjgAAA 
                ABcjgAAA ABcjgAAA ABcjgAAA ABcjgAAA ABcjgAAA ABcjgAAA 
                ABcjgAAA ABcjgAAA ABcjgAAA ABcjgAAA ABcjgAAA ABcjgAAA 
                ABcjgAAA ABcjgAAA ABcjgAAA ABcjgAAA ABcjgAAA ABcjgAAA 
                AMcjgAAA ABcjgAAA ABcjgAAA ABcjgAAA ABcjgAAA ABcjgAAA 
                ABcjgAAA ABcjgAAA ABcjgAAA ABcjgAAA ABcjgAAA ABcjgAAA 
                ABcjgAAA ABcjgAAA 
            </column>
            <column x="62">
                ABcjgAAA ABcjgAAA ABcjgAAA ABcjgAAA ABcjgAAA ABcjgAAA 
                ABcjgAAA ABcjgAAA ABcjgAAA ABcjgAAA ABcjgAAA ABcjgAAA 
                ABcjgAAA ABcjgAAA ABcjgAAA ABcjgAAA ABcjgAAA ABcjgAAA 
                ABcjgAAA ABcjgAAA ABcjgAAA ABcjgAAA ABcjgAAA ABcjgAAA 
                ABcjgAAA ABcjgAAA ABcjgAAA ABcjgAAA ABcjgAAA ABcjgAAA 
                ABcjgAAA ABcjgAAA ABcjgAAA ABcjgAAA ABcjgAAA ABcjgAAA 
                AMcjgAAA ALcjgGAA ABcjgAAA ABcjgAAA ABcjgAAA ABcjgAAA 
                ABcjgAAA ABcjgAAA ABcjgAAA ABcjgAAA ABcjgAAA ABcjgAAA 
                ABcjgAAA ABcjgAAA 
            </column>
            <column x="63">
                ABcjgAAA ABcjgAAA ABcjgAAA ABcjgAAA ABcjgAAA ABcjgAAA 
                ABcjgAAA ABcjgAAA ABcjgAAA ABcjgAAA ABcjgAAA ABcjgAAA 
                ABcjgAAA ABcjgAAA ABcjgAAA ABcjgAAA ABcjgAAA ABcjgAAA 
                ABcjgAAA ABcjgAAA ABcjgAAA ABcjgAAA ABcjgAAA ABcjgAAA 
                ABcjgAAA ABcjgAAA ABcjgAAA ABcjgAAA ABcjgAAA ABcjgAAA 
                ABcjgAAA ABcjgAAA ABcjgAAA ABcjgAAA ABcjgAAA ABcjgAAA 
                ALcjgAAA ABcjgAAA ABcjgAAA ABcjgAAA ABcjgAAA ABcjgAAA 
                ABcjgAAA ABcjgAAA ABcjgAAA ABcjgAAA ABcjgAAA ABcjgAAA 
                ABcjgAAA ABcjgAAA 
            </column>
            <column x="64">
                ABcjgAAA ABcjgAAA ABcjgAAA ABcjgAAA ABcjgAAA ABcjgAAA 
                ABcjgAAA ABcjgAAA ABcjgAAA ABcjgAAA ABcjgAAA ABcjgAAA 
                ABcjgAAA ABcjgAAA ABcjgAAA ABcjgAAA ABcjgAAA ABcjgAAA 
                ABcjgAAA ABcjgAAA ABcjgAAA ABcjgAAA ABcjgAAA ABcjgAAA 
                ABcjgAAA ABcjgAAA ABcjgAAA ABcjgAAA ABcjgAAA ABcjgAAA 
                ABcjgAAA ABcjgAAA ABcjgAAA ABcjgAAA ABcjgAAA ABcjgAAA 
                ALcjgAAA ALcjgAAA ALcjgAAA ALcjgAAA ABcjgAAA ABcjgAAA 
                ALcjgAAA ALcjgAAA ALcjgAAA ALcjgAAA ABcjgAAA ABcjgAAA 
                ABcjgAAA ABcjgAAA 
            </column>
            <column x="65">
                ABcjgAAA ABcjgAAA ABcjgAAA ABcjgAAA ABcjgAAA ABcjgAAA 
                ABcjgAAA ABcjgAAA ABcjgAAA ABcjgAAA ABcjgAAA ABcjgAAA 
                ABcjgAAA ABcjgAAA ABcjgAAA ABcjgAAA ABcjgAAA ABcjgAAA 
                ABcjgAAA ABcjgAAA ABcjgAAA ABcjgAAA ABcjgAAA ABcjgAAA 
                ABcjgAAA ABcjgAAA ABcjgAAA ABcjgAAA ABcjgAAA ABcjgAAA 
                ABcjgAAA ABcjgAAA ABcjgAAA ABcjgAAA ABcjgAAA ABcjgAAA 
                ALcjgAAA ALcjgAAA ALcjgAAA AKcjgAAA ALcjgAAA ALcjgAAA 
                ALcjgAAA ALcjgAAA ALcjgAAA ALcjgAAA ABcjgAAA ABcjgAAA 
                ABcjgAAA ABcjgAAA 
            </column>
            <column x="66">
                ABcjgAAA ABcjgAAA ABcjgAAA ABcjgAAA ABcjgAAA ABcjgAAA 
                ABcjgAAA ABcjgAAA ABcjgAAA ABcjgAAA ABcjgAAA ABcjgAAA 
                ABcjgAAA ABcjgAAA ABcjgAAA ABcjgAAA ABcjgAAA ABcjgAAA 
                ABcjgAAA ABcjgAAA ABcjgAAA ABcjgAAA ABcjgAAA ABcjgAAA 
                ABcjgAAA ABcjgAAA ABcjgAAA ABcjgAAA ABcjgAAA ABcjgAAA 
                ABcjgAAA ABcjgAAA ABcjgAAA ABcjgAAA ABcjgAAA ABcjgAAA 
                ABcjgAAA ALcjgAAA ALcjgAAA ALcjgAAA ALcjgAAA ALcjgAAA 
                ALcjgAAA ALcjgAAA AKcjgAAA ALcjgAAA ALcjgAAA ABcjgAAA 
                ABcjgAAA ABcjgAAA 
            </column>
            <column x="67">
                ABcjgAAA ABcjgAAA ABcjgAAA ABcjgAAA ABcjgAAA ABcjgAAA 
                ABcjgAAA ABcjgAAA ABcjgAAA ABcjgAAA ABcjgAAA ABcjgAAA 
                ABcjgAAA ABcjgAAA ABcjgAAA ABcjgAAA ABcjgAAA ABcjgAAA 
                ABcjgAAA ABcjgAAA ABcjgAAA ABcjgAAA ABcjgAAA ABcjgAAA 
                ABcjgAAA ABcjgAAA ABcjgAAA ABcjgAAA ABcjgAAA ABcjgAAA 
                ABcjgAAA ABcjgAAA ABcjgAAA ABcjgAAA ABcjgAAA ABcjgAAA 
                ABcjgAAA ABcjgAAA ABcjgAAA ABcjgAAA ABcjgAAA ABcjgAAA 
                ABcjgAAA ABcjgAAA ABcjgAAA ALcjgAAA ABcjgAAA ABcjgAAA 
                ABcjgAAA ABcjgAAA 
            </column>
            <column x="68">
                ABcjgAAA ABcjgAAA ABcjgAAA ABcjgAAA ABcjgAAA ABcjgAAA 
                ABcjgAAA ABcjgAAA ABcjgAAA ABcjgAAA ABcjgAAA ABcjgAAA 
                ABcjgAAA ABcjgAAA ABcjgAAA ABcjgAAA ABcjgAAA ABcjgAAA 
                ABcjgAAA ABcjgAAA ABcjgAAA ABcjgAAA ABcjgAAA ABcjgAAA 
                ABcjgAAA ABcjgAAA ABcjgAAA ABcjgAAA ABcjgAAA ABcjgAAA 
                ABcjgAAA ABcjgAAA ABcjgAAA ABcjgAAA ABcjgAAA ABcjgAAA 
                ABcjgAAA ABcjgAAA ABcjgAAA ABcjgAAA ABcjgAAA ABcjgAAA 
                ABcjgAAA ABcjgAAA ABcjgAAA ALcjgAAA ABcjgAAA ABcjgAAA 
                ABcjgAAA ABcjgAAA 
            </column>
            <column x="69">
                ABcjgAAA ABcjgAAA ABcjgAAA ABcjgAAA ABcjgAAA ABcjgAAA 
                ABcjgAAA ABcjgAAA ABcjgAAA ABcjgAAA ABcjgAAA ABcjgAAA 
                ABcjgAAA ABcjgAAA ABcjgAAA ABcjgAAA ABcjgAAA ABcjgAAA 
                ABcjgAAA ABcjgAAA ABcjgAAA ABcjgAAA ABcjgAAA ABcjgAAA 
                ABcjgAAA ABcjgAAA ABcjgAAA ABcjgAAA ABcjgAAA ABcjgAAA 
                ABcjgAAA ABcjgAAA ABcjgAAA ABcjgAAA ABcjgAAA ABcjgAAA 
                ABcjgAAA ABcjgAAA ABcjgAAA ABcjgAAA ABcjgAAA ABcjgAAA 
                ABcjgAAA ABcjgAAA ALcjgAAA ABcjgAAA ABcjgAAA ABcjgAAA 
                ABcjgAAA ABcjgAAA 
            </column>
            <column x="70">
                ABcjgAAA ABcjgAAA ABcjgAAA ABcjgAAA ABcjgAAA ABcjgAAA 
                ABcjgAAA ABcjgAAA ABcjgAAA ABcjgAAA ABcjgAAA ABcjgAAA 
                ABcjgAAA ABcjgAAA ABcjgAAA ABcjgAAA ABcjgAAA ABcjgAAA 
                ABcjgAAA ABcjgAAA ABcjgAAA ABcjgAAA ABcjgAAA ABcjgAAA 
                ABcjgAAA ABcjgAAA ABcjgAAA ABcjgAAA ABcjgAAA ABcjgAAA 
                ABcjgAAA ABcjgAAA ABcjgAAA ABcjgAAA ABcjgAAA ABcjgAAA 
                ABcjgAAA ABcjgAAA ABcjgAAA ABcjgAAA ABcjgAAA ABcjgAAA 
                ABcjgAAA ABcjgAAA ABcjgAAA ALcjgAAA ABcjgAAA ABcjgAAA 
                ABcjgAAA ABcjgAAA 
            </column>
            <column x="71">
                ABcjgAAA ABcjgAAA ABcjgAAA ABcjgAAA ABcjgAAA ABcjgAAA 
                ABcjgAAA ABcjgAAA ABcjgAAA ABcjgAAA ABcjgAAA ABcjgAAA 
                ABcjgAAA ABcjgAAA ABcjgAAA ABcjgAAA ABcjgAAA ABcjgAAA 
                ABcjgAAA ABcjgAAA ABcjgAAA ABcjgAAA ABcjgAAA ABcjgAAA 
                ABcjgAAA ABcjgAAA ABcjgAAA ABcjgAAA ABcjgAAA ABcjgAAA 
                ABcjgAAA ABcjgAAA ABcjgAAA ABcjgAAA ABcjgAAA ABcjgAAA 
                ABcjgAAA ABcjgAAA ABcjgAAA ABcjgAAA ABcjgAAA ABcjgAAA 
                ABcjgAAA ABcjgAAA ALcjgAAA ALcjgAAA ABcjgAAA ABcjgAAA 
                ABcjgAAA ABcjgAAA 
            </column>
            <column x="72">
                ABcjgAAA ABcjgAAA ABcjgAAA ABcjgAAA ABcjgAAA ABcjgAAA 
                ABcjgAAA ABcjgAAA ABcjgAAA ABcjgAAA ABcjgAAA ABcjgAAA 
                ABcjgAAA ABcjgAAA ABcjgAAA ABcjgAAA ABcjgAAA ABcjgAAA 
                ABcjgAAA ABcjgAAA ABcjgAAA ABcjgAAA ABcjgAAA ABcjgAAA 
                ABcjgAAA ABcjgAAA ABcjgAAA ABcjgAAA ABcjgAAA ABcjgAAA 
                ABcjgAAA ABcjgAAA ABcjgAAA ABcjgAAA ABcjgAAA ABcjgAAA 
                ABcjgAAA ABcjgAAA ABcjgAAA ABcjgAAA ABcjgAAA ABcjgAAA 
                ABcjgAAA ABcjgAAA ALcjgAAA ABcjgAAA ABcjgAAA ABcjgAAA 
                ABcjgAAA ABcjgAAA 
            </column>
            <column x="73">
                ABcjgAAA ABcjgAAA ABcjgAAA ABcjgAAA ABcjgAAA ABcjgAAA 
                ABcjgAAA ABcjgAAA ABcjgAAA ABcjgAAA ABcjgAAA ABcjgAAA 
                ABcjgAAA ABcjgAAA ABcjgAAA ABcjgAAA ABcjgAAA ABcjgAAA 
                ABcjgAAA ABcjgAAA ABcjgAAA ABcjgAAA ABcjgAAA ABcjgAAA 
                ABcjgAAA ABcjgAAA ABcjgAAA ABcjgAAA ABcjgAAA ABcjgAAA 
                ABcjgAAA ABcjgAAA ABcjgAAA ABcjgAAA ABcjgAAA ABcjgAAA 
                ABcjgAAA ABcjgAAA ABcjgAAA ABcjgAAA ABcjgAAA ABcjgAAA 
                ABcjgAAA ALcjgAAA ABcjgAAA ABcjgAAA ABcjgAAA ALcjgAAA 
                AMcjgAAA ABcjgAAA 
            </column>
            <column x="74">
                ABcjgAAA ABcjgAAA ABcjgAAA ABcjgAAA ABcjgAAA ABcjgAAA 
                ABcjgAAA ABcjgAAA ABcjgAAA ABcjgAAA ABcjgAAA ABcjgAAA 
                ABcjgAAA ABcjgAAA ABcjgAAA ABcjgAAA ABcjgAAA ABcjgAAA 
                ABcjgAAA ABcjgAAA ABcjgAAA ABcjgAAA ABcjgAAA ABcjgAAA 
                ABcjgAAA ABcjgAAA ABcjgAAA ABcjgAAA ABcjgAAA ABcjgAAA 
                ABcjgAAA ABcjgAAA ABcjgAAA ABcjgAAA ABcjgAAA ABcjgAAA 
                ABcjgAAA ABcjgAAA ABcjgAAA ABcjgAAA ABcjgAAA ABcjgAAA 
                ALcjgAAA ALcjgAAA ABcjgAAA ABcjgAAA ABcjgAAA ALcjgAAA 
                ALcjgBAA AMcjgAAA 
            </column>
            <column x="75">
                ABcjgAAA ABcjgAAA ABcjgAAA ABcjgAAA ABcjgAAA ABcjgAAA 
                ABcjgAAA ABcjgAAA ABcjgAAA ABcjgAAA ABcjgAAA ABcjgAAA 
                ABcjgAAA ABcjgAAA ABcjgAAA ABcjgAAA ABcjgAAA ABcjgAAA 
                ABcjgAAA ABcjgAAA ABcjgAAA ABcjgAAA ABcjgAAA ABcjgAAA 
                ABcjgAAA ABcjgAAA ABcjgAAA ABcjgAAA ABcjgAAA ABcjgAAA 
                ABcjgAAA ABcjgAAA ABcjgAAA ABcjgAAA ABcjgAAA ABcjgAAA 
                ABcjgAAA ABcjgAAA ABcjgAAA ABcjgAAA ABcjgAAA ALcjgAAA 
                ABcjgAAA ABcjgAAA ABcjgAAA ABcjgAAA ALcjgAAA ANcjgAAA 
                AMcjgAAA ABcjgAAA 
            </column>
            <column x="76">
                ABcjgAAA ABcjgAAA ABcjgAAA ABcjgAAA ABcjgAAA ABcjgAAA 
                ABcjgAAA ABcjgAAA ABcjgAAA ABcjgAAA ABcjgAAA ABcjgAAA 
                ABcjgAAA ABcjgAAA ABcjgAAA ABcjgAAA ABcjgAAA ABcjgAAA 
                ABcjgAAA ABcjgAAA ABcjgAAA ABcjgAAA ABcjgAAA ABcjgAAA 
                ABcjgAAA ABcjgAAA ABcjgAAA ABcjgAAA ABcjgAAA ABcjgAAA 
                ABcjgAAA ABcjgAAA ABcjgAAA ABcjgAAA ABcjgAAA ABcjgAAA 
                ABcjgAAA ABcjgAAA ABcjgAAA ABcjgAAA ABcjgAAA ALcjgAAA 
                ABcjgAAA ABcjgAAA ABcjgAAA ALcjgAAA ALcjgAAA ANcjgAAA 
                ANcjgBAA ABcjgAAA 
            </column>
            <column x="77">
                ABcjgAAA ABcjgAAA ABcjgAAA ABcjgAAA ABcjgAAA ABcjgAAA 
                ABcjgAAA ABcjgAAA ABcjgAAA ABcjgAAA ABcjgAAA ABcjgAAA 
                ABcjgAAA ABcjgAAA ABcjgAAA ABcjgAAA ABcjgAAA ABcjgAAA 
                ABcjgAAA ABcjgAAA ABcjgAAA ABcjgAAA ABcjgAAA ABcjgAAA 
                ABcjgAAA ABcjgAAA ABcjgAAA ABcjgAAA ABcjgAAA ABcjgAAA 
                ABcjgAAA ABcjgAAA ABcjgAAA ABcjgAAA ABcjgAAA ABcjgAAA 
                ABcjgAAA ABcjgAAA ABcjgAAA ABcjgAAA ABcjgAAA ALcjgAAA 
                ABcjgAAA ABcjgAAA ALcjgBAA ANcjgAAA ANcjgAAA ANcjgBAA 
                ABcjgAAA ABcjgAAA 
            </column>
            <column x="78">
                ABcjgAAA ABcjgAAA ABcjgAAA ABcjgAAA ABcjgAAA ABcjgAAA 
                ABcjgAAA ABcjgAAA ABcjgAAA ABcjgAAA ABcjgAAA ABcjgAAA 
                ABcjgAAA ABcjgAAA ABcjgAAA ABcjgAAA ABcjgAAA ABcjgAAA 
                ABcjgAAA ABcjgAAA ABcjgAAA ABcjgAAA ABcjgAAA ABcjgAAA 
                ABcjgAAA ABcjgAAA ABcjgAAA ABcjgAAA ABcjgAAA ABcjgAAA 
                ABcjgAAA ABcjgAAA ABcjgAAA ABcjgAAA ABcjgAAA ABcjgAAA 
                ABcjgAAA ABcjgAAA ABcjgAAA ABcjgAAA ALcjgAAA ALcjgAAA 
                ABcjgAAA ABcjgAAA ALcjgAAA ANcjgBAA ANcjgBAA ANcjgAAA 
                ANcjgAAA ABcjgAAA 
            </column>
            <column x="79">
                ABcjgAAA ABcjgAAA ABcjgAAA ABcjgAAA ABcjgAAA ABcjgAAA 
                ABcjgAAA ABcjgAAA ABcjgAAA ABcjgAAA ABcjgAAA ABcjgAAA 
                ABcjgAAA ABcjgAAA ABcjgAAA ABcjgAAA ABcjgAAA ABcjgAAA 
                ABcjgAAA ABcjgAAA ABcjgAAA ABcjgAAA ABcjgAAA ABcjgAAA 
                ABcjgAAA ABcjgAAA ABcjgAAA ABcjgAAA ABcjgAAA ABcjgAAA 
                ABcjgAAA ABcjgAAA ABcjgAAA ABcjgAAA ABcjgAAA ABcjgAAA 
                ABcjgAAA ABcjgAAA ABcjgAAA ABcjgAAA ABcjgAAA ABcjgAAA 
                ABcjgAAA ABcjgAAA ALcjgAAA ANcjgBAA ALcjgAAA AKcjgAAA 
                ABcjgAAA ABcjgAAA 
            </column>
            <column x="80">
                ABcjgAAA ABcjgAAA ABcjgAAA ABcjgAAA ABcjgAAA ABcjgAAA 
                ABcjgAAA ABcjgAAA ABcjgAAA ABcjgAAA ABcjgAAA ABcjgAAA 
                ABcjgAAA ABcjgAAA ABcjgAAA ABcjgAAA ABcjgAAA ABcjgAAA 
                ABcjgAAA ABcjgAAA ABcjgAAA ABcjgAAA ABcjgAAA ABcjgAAA 
                ABcjgAAA ABcjgAAA ABcjgAAA ABcjgAAA ABcjgAAA ABcjgAAA 
                ABcjgAAA ABcjgAAA ABcjgAAA ABcjgAAA ABcjgAAA ABcjgAAA 
                ABcjgAAA ABcjgAAA ABcjgAAA ABcjgAAA ABcjgAAA ABcjgAAA 
                ABcjgAAA ABcjgAAA ABcjgAAA ALcjgAAA ANcjgBAA ANcjgAAA 
                ALcjgGAA ABcjgAAA 
            </column>
            <column x="81">
                ABcjgAAA ABcjgAAA ABcjgAAA ABcjgAAA ABcjgAAA ABcjgAAA 
                ABcjgAAA ABcjgAAA ABcjgAAA ABcjgAAA ABcjgAAA ABcjgAAA 
                ABcjgAAA ABcjgAAA ABcjgAAA ABcjgAAA ABcjgAAA ABcjgAAA 
                ABcjgAAA ABcjgAAA ABcjgAAA ABcjgAAA ABcjgAAA ABcjgAAA 
                ABcjgAAA ABcjgAAA ABcjgAAA ABcjgAAA ABcjgAAA ABcjgAAA 
                ABcjgAAA ABcjgAAA ABcjgAAA ABcjgAAA ABcjgAAA ABcjgAAA 
                ABcjgAAA ABcjgAAA ABcjgAAA ABcjgAAA ABcjgAAA ABcjgAAA 
                ABcjgAAA ABcjgAAA ABcjgAAA ALcjgAAA ALcjgBAA ALcjgGAA 
                ALcjgGAA ABcjgAAA 
            </column>
            <column x="82">
                ABcjgAAA ABcjgAAA ABcjgAAA ABcjgAAA ABcjgAAA ABcjgAAA 
                ABcjgAAA ABcjgAAA ABcjgAAA ABcjgAAA ABcjgAAA ABcjgAAA 
                ABcjgAAA ABcjgAAA ABcjgAAA ABcjgAAA ABcjgAAA ABcjgAAA 
                ABcjgAAA ABcjgAAA ABcjgAAA ABcjgAAA ABcjgAAA ABcjgAAA 
                ABcjgAAA ABcjgAAA ABcjgAAA ABcjgAAA ABcjgAAA ABcjgAAA 
                ABcjgAAA ABcjgAAA ABcjgAAA ABcjgAAA ABcjgAAA ABcjgAAA 
                ABcjgAAA ABcjgAAA ABcjgAAA ABcjgAAA ABcjgAAA ABcjgAAA 
                ABcjgAAA ABcjgAAA ABcjgAAA ABcjgAAA ALcjgAAA ALcjgAAA 
                ALcjgGAA ABcjgAAA 
            </column>
            <column x="83">
                ABcjgAAA ABcjgAAA ABcjgAAA ABcjgAAA ABcjgAAA ABcjgAAA 
                ABcjgAAA ABcjgAAA ABcjgAAA ABcjgAAA ABcjgAAA ABcjgAAA 
                ABcjgAAA ABcjgAAA ABcjgAAA ABcjgAAA ABcjgAAA ABcjgAAA 
                ABcjgAAA ABcjgAAA ABcjgAAA ABcjgAAA ABcjgAAA ABcjgAAA 
                ABcjgAAA ABcjgAAA ABcjgAAA ABcjgAAA ABcjgAAA ABcjgAAA 
                ABcjgAAA ABcjgAAA ABcjgAAA ABcjgAAA ABcjgAAA ABcjgAAA 
                ABcjgAAA ABcjgAAA ABcjgAAA ABcjgAAA ABcjgAAA ABcjgAAA 
                ABcjgAAA ABcjgAAA ABcjgAAA ABcjgAAA ABcjgAAA ABcjgAAA 
                ABcjgAAA ABcjgAAA 
            </column>
        </tiles>
    </tileset>

    <sites>
        <site type="20" x="15" y="19">
            <name>Kustan</name>
            <description>Unknown</description>
        </site>
        <site type="11" x="16" y="28">
            <name>Ithius</name>
            <description>Unknown</description>
        </site>
        <site type="10" x="17" y="26">
            <name>Tormau</name>
            <description>Unknown</description>
        </site>
        <site type="10" x="17" y="28">
            <name>Ithiko</name>
            <description>Unknown</description>
        </site>
        <site type="11" x="18" y="28">
            <name>Zaza</name>
            <description>Unknown</description>
        </site>
        <site type="10" x="20" y="42">
            <name>Sarkum</name>
            <description>Unknown</description>
        </site>
        <site type="10" x="21" y="32">
            <name>Selvos</name>
            <description>Unknown</description>
        </site>
        <site type="11" x="22" y="31">
            <name>Henwe</name>
            <description>Unknown</description>
        </site>
        <site type="11" x="22" y="32">
            <name>Hyen</name>
            <description>Unknown</description>
        </site>
        <site type="20" x="22" y="33">
            <name>Tesien</name>
            <description>Unknown</description>
        </site>
        <site type="11" x="22" y="35">
            <name>Dunir</name>
            <description>Unknown</description>
        </site>
        <site type="11" x="22" y="41">
            <name>Hebon</name>
            <description>Unknown</description>
        </site>
        <site type="10" x="23" y="28">
            <name>Shostim</name>
            <description>Unknown</description>
        </site>
        <site type="2" x="23" y="30">
            <name>Golotha</name>
            <description>Unknown</description>
        </site>
        <site type="10" x="24" y="32">
            <name>Menekod</name>
            <description>Unknown</description>
        </site>
        <site type="11" x="25" y="36">
            <name>Sepire</name>
            <description>Unknown</description>
        </site>
        <site type="11" x="25" y="41">
            <name>Avertu</name>
            <description>Unknown</description>
        </site>
        <site type="11" x="26" y="38">
            <name>Chison</name>
            <description>Unknown</description>
        </site>
        <site type="11" x="26" y="41">
            <name>Gimon</name>
            <description>Unknown</description>
        </site>
        <site type="11" x="27" y="33">
            <name>Quivum</name>
            <description>Unknown</description>
        </site>
        <site type="11" x="27" y="34">
            <name>Ohetis</name>
            <description>Unknown</description>
        </site>
        <site type="10" x="27" y="35">
            <name>Dyrisa</name>
            <description>Unknown</description>
        </site>
        <site type="11" x="27" y="36">
            <name>Pinide</name>
            <description>Unknown</description>
        </site>
        <site type="11" x="27" y="38">
            <name>Findumon</name>
            <description>Unknown</description>
        </site>
        <site type="11" x="27" y="39">
            <name>Torthan</name>
            <description>Unknown</description>
        </site>
        <site type="11" x="27" y="40">
            <name>Minilaous</name>
            <description>Unknown</description>
        </site>
        <site type="11" x="28" y="36">
            <name>Edino</name>
            <description>Unknown</description>
        </site>
        <site type="11" x="28" y="38">
            <name>Kedis</name>
            <description>Unknown</description>
        </site>
        <site type="11" x="28" y="39">
            <name>Cuton</name>
            <description>Unknown</description>
        </site>
        <site type="11" x="29" y="37">
            <name>Sumon</name>
            <description>Unknown</description>
        </site>
        <site type="2" x="29" y="38">
            <name>Aleath</name>
            <description>Unknown</description>
        </site>
        <site type="10" x="30" y="28">
            <name>Imrian</name>
            <description>Unknown</description>
        </site>
        <site type="11" x="30" y="33">
            <name>Eidru</name>
            <description>Unknown</description>
        </site>
        <site type="11" x="32" y="32">
            <name>Hibut</name>
            <description>Unknown</description>
        </site>
        <site type="10" x="32" y="33">
            <name>Moleryn</name>
            <description>Unknown</description>
        </site>
        <site type="11" x="32" y="34">
            <name>Ibonost</name>
            <description>Unknown</description>
        </site>
        <site type="11" x="34" y="31">
            <name>Chenad</name>
            <description>Unknown</description>
        </site>
        <site type="10" x="35" y="30">
            <name>Telen</name>
            <description>Unknown</description>
        </site>
        <site type="20" x="46" y="32">
            <name>Pesino</name>
            <description>Unknown</description>
        </site>
    </sites>
</map>
