<?xml version="1.0"?>
<map>
    <header>
        <name>Harn</name>
        <author>Unknown</author>
        <id>Harn.1038772776688</id>
        <parent>none</parent>
        <cvs>
            <version>$Revision$</version>
            <date>$Date$</date>
        </cvs>
        <type>World</type>
        <shape>Hexagonal</shape>
        <imagedir>hexagonal/harn</imagedir>
        <format>0.0.4</format>
    </header>
    <!-- Standard terrain set -->
    <terrainset id="basic" path=".">
        <terrain id="0">
            <name>clear</name>
            <description>Clear</description>
            <image>clear.png</image>
            <solid value="false"/>
        </terrain>
        <terrain id="1">
            <name>water</name>
            <description>Water</description>
            <image>water.png</image>
            <solid value="false"/>
        </terrain>
        <terrain id="10">
            <name>cropland</name>
            <description>Cropland</description>
            <image>cropland.png</image>
            <solid value="false"/>
        </terrain>
        <terrain id="11">
            <name>woodland</name>
            <description>Mixed Wooland</description>
            <image>woodland.png</image>
            <solid value="false"/>
        </terrain>
        <terrain id="12">
            <name>heath</name>
            <description>Heath</description>
            <image>heath.png</image>
            <solid value="false"/>
        </terrain>
        <terrain id="13">
            <name>forest.mixed</name>
            <description>Mixed Forest</description>
            <image>forest.png</image>
            <solid value="false"/>
        </terrain>
        <terrain id="14">
            <name>forest.needleleaf</name>
            <description>Needleleaf Forest</description>
            <image>needleleaf.png</image>
            <solid value="false"/>
        </terrain>
        <terrain id="15">
            <name>alpine</name>
            <description>Alpine Vegetation</description>
            <image>alpine.png</image>
            <solid value="false"/>
        </terrain>
        <terrain id="16">
            <name>snow</name>
            <description>Ice, Snow or Rockfield</description>
            <image>snow.png</image>
            <solid value="false"/>
        </terrain>
    </terrainset>
    <!-- Features -->
    <terrainset id="places" path="places">
        <terrain id="0">
            <name>clear</name>
            <description>Clear</description>
            <image>clear.png</image>
            <solid value="false"/>
        </terrain>
        <terrain id="1">
            <name>town.village</name>
            <description>Village</description>
            <image>village.png</image>
            <solid value="false"/>
        </terrain>
        <terrain id="2">
            <name>town.town</name>
            <description>Walled Town</description>
            <image>town.png</image>
            <solid value="false"/>
        </terrain>
        <terrain id="10">
            <name>castle.castle</name>
            <description>Castle</description>
            <image>castle.png</image>
            <solid value="false"/>
        </terrain>
        <terrain id="11">
            <name>castle.keep</name>
            <description>Keep</description>
            <image>keep.png</image>
            <solid value="false"/>
        </terrain>
        <terrain id="20">
            <name>marker.interest</name>
            <description>Point of interest</description>
            <image>point-of-interest.png</image>
            <solid value="false"/>
        </terrain>
        <terrain id="21">
            <name>marker.peak</name>
            <description>Peak</description>
            <image>peak.png</image>
            <solid value="false"/>
        </terrain>
    </terrainset>
    <tileset id="root">
        <dimensions>
            <scale>20</scale>
            <width>84</width>
            <height>50</height>
        </dimensions>
        <tiles>
            <column x="0">
                ABAAAAAA ABAAAAAA ABAAAAAA ABAAAAAA ABAAAAAA ABAAAAAA 
                ABAAAAAA ABAAAAAA ABAAAAAA ABAAAAAA ABAAAAAA ABAAAAAA 
                ABAAAAAA ABAAAAAA ABAAAAAA ABAAAAAA ABAAAAAA ABAAAAAA 
                ABAAAAAA ABAAAAAA ABAAAAAA ABAAAAAA ABAAAAAA ABAAAAAA 
                ABAAAAAA ABAAAAAA ABAAAAAA ABAAAAAA ABAAAAAA ABAAAAAA 
                ABAAAAAA ABAAAAAA ABAAAAAA ABAAAAAA ABAAAAAA ABAAAAAA 
                ABAAAAAA ABAAAAAA ABAAAAAA ABAAAAAA ABAAAAAA ABAAAAAA 
                ABAAAAAA ABAAAAAA ABAAAAAA ABAAAAAA ABAAAAAA ABAAAAAA 
                ABAAAAAA ABAAAAAA 
            </column>
            <column x="1">
                ABAAAAAA ABAAAAAA ABAAAAAA ABAAAAAA ABAAAAAA ABAAAAAA 
                ABAAAAAA ABAAAAAA ABAAAAAA ABAAAAAA ABAAAAAA ABAAAAAA 
                ABAAAAAA ABAAAAAA ABAAAAAA ABAAAAAA ABAAAAAA ABAAAAAA 
                ABAAAAAA ABAAAAAA ABAAAAAA ABAAAAAA ABAAAAAA ABAAAAAA 
                ABAAAAAA ABAAAAAA ABAAAAAA ABAAAAAA ABAAAAAA ABAAAAAA 
                ABAAAAAA ABAAAAAA ABAAAAAA ABAAAAAA ABAAAAAA ABAAAAAA 
                ABAAAAAA ABAAAAAA ABAAAAAA ABAAAAAA ABAAAAAA ABAAAAAA 
                ABAAAAAA ABAAAAAA ABAAAAAA ABAAAAAA ABAAAAAA ABAAAAAA 
                ABAAAAAA ABAAAAAA 
            </column>
            <column x="2">
                ABAAAAAA ABAAAAAA ABAAAAAA ABAAAAAA ABAAAAAA ABAAAAAA 
                ABAAAAAA ABAAAAAA ABAAAAAA ABAAAAAA ABAAAAAA ABAAAAAA 
                ABAAAAAA ABAAAAAA ABAAAAAA ABAAAAAA ABAAAAAA ABAAAAAA 
                ABAAAAAA ABAAAAAA ABAAAAAA ABAAAAAA ABAAAAAA ABAAAAAA 
                ABAAAAAA ABAAAAAA ABAAAAAA ABAAAAAA ABAAAAAA ABAAAAAA 
                ABAAAAAA ABAAAAAA ABAAAAAA ABAAAAAA ABAAAAAA ABAAAAAA 
                ABAAAAAA ABAAAAAA ABAAAAAA ABAAAAAA ABAAAAAA ABAAAAAA 
                ABAAAAAA ABAAAAAA ABAAAAAA ABAAAAAA ABAAAAAA ABAAAAAA 
                ABAAAAAA ABAAAAAA 
            </column>
            <column x="3">
                ABAAAAAA ABAAAAAA ABAAAAAA ABAAAAAA ABAAAAAA ABAAAAAA 
                ABAAAAAA ABAAAAAA ABAAAAAA ABAAAAAA ABAAAAAA ABAAAAAA 
                ABAAAAAA ABAAAAAA ABAAAAAA ABAAAAAA ABAAAAAA ABAAAAAA 
                ABAAAAAA ABAAAAAA ABAAAAAA ABAAAAAA ABAAAAAA ABAAAAAA 
                ABAAAAAA ABAAAAAA ABAAAAAA ABAAAAAA ABAAAAAA ABAAAAAA 
                ABAAAAAA ABAAAAAA ABAAAAAA ABAAAAAA ABAAAAAA ABAAAAAA 
                ABAAAAAA ABAAAAAA ABAAAAAA ABAAAAAA ABAAAAAA ABAAAAAA 
                ABAAAAAA ABAAAAAA ABAAAAAA ABAAAAAA ABAAAAAA ABAAAAAA 
                ABAAAAAA ABAAAAAA 
            </column>
            <column x="4">
                ABAAAAAA ABAAAAAA ABAAAAAA ABAAAAAA ABAAAAAA ABAAAAAA 
                ABAAAAAA ABAAAAAA ABAAAAAA ABAAAAAA ABAAAAAA ABAAAAAA 
                ABAAAAAA ABAAAAAA ABAAAAAA ABAAAAAA ABAAAAAA ABAAAAAA 
                ABAAAAAA ABAAAAAA ABAAAAAA ABAAAAAA ABAAAAAA ABAAAAAA 
                ABAAAAAA ABAAAAAA ABAAAAAA ABAAAAAA ABAAAAAA ABAAAAAA 
                ABAAAAAA ABAAAAAA ABAAAAAA ABAAAAAA ABAAAAAA ABAAAAAA 
                ABAAAAAA ABAAAAAA ABAAAAAA ABAAAAAA ABAAAAAA ABAAAAAA 
                ABAAAAAA ABAAAAAA ABAAAAAA ABAAAAAA ABAAAAAA ABAAAAAA 
                ABAAAAAA ABAAAAAA 
            </column>
            <column x="5">
                ABAAAAAA ABAAAAAA ABAAAAAA ABAAAAAA ABAAAAAA ABAAAAAA 
                ABAAAAAA ABAAAAAA ABAAAAAA ABAAAAAA ABAAAAAA ABAAAAAA 
                ABAAAAAA ABAAAAAA ABAAAAAA ABAAAAAA ABAAAAAA ABAAAAAA 
                ABAAAAAA ABAAAAAA ABAAAAAA ABAAAAAA ABAAAAAA ABAAAAAA 
                ABAAAAAA ABAAAAAA ABAAAAAA ABAAAAAA ABAAAAAA ABAAAAAA 
                ABAAAAAA ABAAAAAA ABAAAAAA ABAAAAAA ABAAAAAA ABAAAAAA 
                ABAAAAAA ABAAAAAA ABAAAAAA ABAAAAAA ABAAAAAA ABAAAAAA 
                ABAAAAAA ABAAAAAA ABAAAAAA AMAAAAAA AMAAAAAA AMAAAAAA 
                ABAAAAAA ABAAAAAA 
            </column>
            <column x="6">
                ABAAAAAA ABAAAAAA ABAAAAAA ABAAAAAA ABAAAAAA ABAAAAAA 
                ABAAAAAA ABAAAAAA ABAAAAAA ABAAAAAA ABAAAAAA ABAAAAAA 
                ABAAAAAA ABAAAAAA ABAAAAAA ABAAAAAA ABAAAAAA ANAAAAAA 
                ANAAAAAA ABAAAAAA ABAAAAAA ABAAAAAA ABAAAAAA ABAAAAAA 
                ABAAAAAA ABAAAAAA ABAAAAAA ABAAAAAA ABAAAAAA ABAAAAAA 
                ABAAAAAA ABAAAAAA ABAAAAAA ABAAAAAA ABAAAAAA ABAAAAAA 
                ABAAAAAA ABAAAAAA ABAAAAAA ABAAAAAA ABAAAAAA ABAAAAAA 
                ABAAAAAA ABAAAAAA ABAAAAAA ABAAAAAA ANAAAAAA ANAAAAAA 
                ABAAAAAA ABAAAAAA 
            </column>
            <column x="7">
                ABAAAAAA ABAAAAAA ABAAAAAA ABAAAAAA ABAAAAAA ABAAAAAA 
                ABAAAAAA ABAAAAAA ABAAAAAA ABAAAAAA ABAAAAAA ABAAAAAA 
                ABAAAAAA ABAAAAAA ABAAAAAA ABAAAAAA ABAAAAAA ANAAAAAA 
                ANAAACAA ABAAAAAA ABAAAAAA ABAAAAAA ABAAAAAA ABAAAAAA 
                ABAAAAAA ABAAAAAA ABAAAAAA ABAAAAAA ABAAAAAA ABAAAAAA 
                ABAAAAAA ABAAAAAA ABAAAAAA ABAAAAAA ABAAAAAA ABAAAAAA 
                ABAAAAAA ABAAAAAA ABAAAAAA ABAAAAAA ABAAAAAA ABAAAAAA 
                ABAAAAAA ABAAAAAA ABAAAAAA ABAAAAAA ABAAAAAA ABAAAAAA 
                ABAAAAAA ABAAAAAA 
            </column>
            <column x="8">
                ABAAAAAA ABAAAAAA ABAAAAAA ABAAAAAA ABAAAAAA ABAAAAAA 
                ABAAAAAA ABAAAAAA ABAAAAAA ABAAAAAA ABAAAAAA ABAAAAAA 
                ABAAAAAA ABAAAAAA ABAAAAAA ABAAAAAA ABAAAAAA ANAAAAAA 
                ANAAACAA ANAAACAA ANAAAAAA ANAAAAAA ABAAAAAA ABAAAAAA 
                ABAAAAAA ABAAAAAA ABAAAAAA ABAAAAAA ABAAAAAA ABAAAAAA 
                ABAAAAAA ABAAAAAA ABAAAAAA ABAAAAAA ABAAAAAA ABAAAAAA 
                ABAAAAAA ABAAAAAA ABAAAAAA ABAAAAAA ABAAAAAA ABAAAAAA 
                ABAAAAAA ABAAAAAA ABAAAAAA ABAAAAAA AKAAAAAA ABAAAAAA 
                ABAAAAAA ABAAAAAA 
            </column>
            <column x="9">
                ABAAAAAA ABAAAAAA ABAAAAAA ABAAAAAA ABAAAAAA ABAAAAAA 
                ABAAAAAA ABAAAAAA ABAAAAAA ABAAAAAA ABAAAAAA ABAAAAAA 
                ABAAAAAA ABAAAAAA ABAAAAAA ABAAAAAA ABAAAAAA ANAAAAAA 
                ANAAACAA ANAAACAA ANAAAAAA ANAAAAAA ABAAAAAA ABAAAAAA 
                ABAAAAAA ABAAAAAA ABAAAAAA ABAAAAAA ABAAAAAA ABAAAAAA 
                ABAAAAAA ABAAAAAA ABAAAAAA ABAAAAAA ABAAAAAA ABAAAAAA 
                ABAAAAAA ABAAAAAA ABAAAAAA ABAAAAAA ABAAAAAA ABAAAAAA 
                AMAAAAAA AMAAAAAA AMAAAAAA ABAAAAAA ABAAAAAA ABAAAAAA 
                ABAAAAAA ABAAAAAA 
            </column>
            <column x="10">
                ABAAAAAA ABAAAAAA ABAAAAAA ABAAAAAA ABAAAAAA ABAAAAAA 
                ABAAAAAA ABAAAAAA ABAAAAAA ABAAAAAA ABAAAAAA ABAAAAAA 
                ABAAAAAA ABAAAAAA ABAAAAAA ABAAAAAA ABAAAAAA ABAAAAAA 
                ANAAACAA ANAAACAA ANAAACAA ANAAAAAA ANAAAAAA ABAAAAAA 
                ABAAAAAA ABAAAAAA ABAAAAAA ABAAAAAA ABAAAAAA ABAAAAAA 
                ABAAAAAA ABAAAAAA ABAAAAAA ABAAAAAA ABAAAAAA ABAAAAAA 
                ABAAAAAA ABAAAAAA ABAAAAAA ABAAAAAA ABAAAAAA ABAAAAAA 
                ANAAAAAA ALAAAAAA ALAAAAAA ANAAAAAA ABAAAAAA ABAAAAAA 
                ABAAAAAA ABAAAAAA 
            </column>
            <column x="11">
                ABAAAAAA ABAAAAAA ABAAAAAA ABAAAAAA ABAAAAAA ABAAAAAA 
                ABAAAAAA ABAAAAAA ABAAAAAA ABAAAAAA ABAAAAAA ABAAAAAA 
                ABAAAAAA ABAAAAAA ABAAAAAA ABAAAAAA ABAAAAAA ANAAAAAA 
                ANAAAAAA ANAAACAA ANAAACAA ANAAAAAA ANAAAAAA ABAAAAAA 
                ABAAAAAA ABAAAAAA ABAAAAAA ABAAAAAA ABAAAAAA ABAAAAAA 
                ABAAAAAA ABAAAAAA ABAAAAAA ABAAAAAA ABAAAAAA ABAAAAAA 
                ABAAAAAA ABAAAAAA ABAAAAAA ABAAAAAA ABAAAAAA ANAAAAAA 
                ALAAAAAA ALAAAAAA ANAAAAAA ANAAAAAA ABAAAAAA ABAAAAAA 
                ABAAAAAA ABAAAAAA 
            </column>
            <column x="12">
                ABAAAAAA ABAAAAAA ABAAAAAA ABAAAAAA ABAAAAAA ABAAAAAA 
                ABAAAAAA ABAAAAAA ABAAAAAA ABAAAAAA ABAAAAAA ABAAAAAA 
                ABAAAAAA ABAAAAAA ABAAAAAA ABAAAAAA ABAAAAAA ABAAAAAA 
                ANAAAAAA ANAAAAAA ANAAACAA ANAAAAAA ANAAAAAA ANAAAAAA 
                ABAAAAAA ABAAAAAA ABAAAAAA ABAAAAAA ABAAAAAA ABAAAAAA 
                ABAAAAAA ABAAAAAA ABAAAAAA ABAAAAAA ABAAAAAA ABAAAAAA 
                ABAAAAAA ABAAAAAA ABAAAAAA ABAAAAAA ABAAAAAA ANAAAAAA 
                ALAAAAAA ALAAAAAA ANAAAAAA ANAAAAAA ABAAAAAA ABAAAAAA 
                ABAAAAAA ABAAAAAA 
            </column>
            <column x="13">
                ABAAAAAA ABAAAAAA ABAAAAAA ABAAAAAA ABAAAAAA ABAAAAAA 
                ABAAAAAA ABAAAAAA ABAAAAAA ABAAAAAA ABAAAAAA ABAAAAAA 
                ABAAAAAA ABAAAAAA ABAAAAAA ABAAAAAA ABAAAAAA ANAAAAAA 
                ANAAAAAA ANAAAAAA ANAAAAAA ANAAAAAA ANAAAAAA ANAAAAAA 
                ABAAAAAA ABAAAAAA ABAAAAAA ABAAAAAA ABAAAAAA ABAAAAAA 
                ABAAAAAA ABAAAAAA ABAAAAAA ABAAAAAA ABAAAAAA ABAAAAAA 
                ABAAAAAA ABAAAAAA ABAAAAAA ABAAAAAA ABAAAAAA ALAAAAAA 
                ALAAAAAA ALAAAAAA ABAAAAAA ABAAAAAA ALAAAAAA ABAAAAAA 
                ABAAAAAA ABAAAAAA 
            </column>
            <column x="14">
                ABAAAAAA ABAAAAAA ABAAAAAA ABAAAAAA ABAAAAAA ABAAAAAA 
                ABAAAAAA ABAAAAAA ABAAAAAA ABAAAAAA ABAAAAAA ABAAAAAA 
                ABAAAAAA ABAAAAAA ABAAAAAA ABAAAAAA ABAAAAAA ANAAAAAA 
                ANAAAAAA ANAAAAAA ANAAABAA ANAAABAA ANAAABAA ANAAAAAA 
                ABAAAAAA ABAAAAAA ABAAAAAA ABAAAAAA ABAAAAAA ABAAAAAA 
                ABAAAAAA ABAAAAAA ABAAAAAA ABAAAAAA ABAAAAAA ABAAAAAA 
                ABAAAAAA ABAAAAAA ABAAAAAA ABAAAAAA ABAAAAAA ABAAAAAA 
                ALAAAAAA ALAAAAAA ABAAAAAA ABAAAAAA ABAAAAAA ABAAAAAA 
                ABAAAAAA ABAAAAAA 
            </column>
            <column x="15">
                ABAAAAAA ABAAAAAA ABAAAAAA ABAAAAAA ABAAAAAA ABAAAAAA 
                ABAAAAAA ABAAAAAA ABAAAAAA ABAAAAAA ABAAAAAA ABAAAAAA 
                ABAAAAAA ABAAAAAA ABAAAAAA ABAAAAAA ABAAAAAA ANAAAAAA 
                ANAAAAAA ANAAABAA ANAAABAA ANAAAAAA ANAAAAAA ANAAAAAA 
                ABAAAAAA ABAAAAAA ABAAAAAA ABAAAAAA ABAAAAAA ABAAAAAA 
                ABAAAAAA ABAAAAAA ABAAAAAA ABAAAAAA ABAAAAAA ABAAAAAA 
                ABAAAAAA ABAAAAAA ABAAAAAA ABAAAAAA ABAAAAAA ABAAAAAA 
                ABAAAAAA ABAAAAAA ABAAAAAA ABAAAAAA ABAAAAAA ABAAAAAA 
                ABAAAAAA ABAAAAAA 
            </column>
            <column x="16">
                ABAAAAAA ABAAAAAA ABAAAAAA ABAAAAAA ABAAAAAA ABAAAAAA 
                ABAAAAAA ABAAAAAA ABAAAAAA ABAAAAAA ABAAAAAA ABAAAAAA 
                ABAAAAAA ABAAAAAA ABAAAAAA ABAAAAAA ABAAAAAA ABAAAAAA 
                ANAAAAAA ANAAAAAA ANAAABAA ANAAAAAA ANAAAAAA ANAAAAAA 
                ABAAAAAA ABAAAAAA ABAAAAAA ABAAAAAA AKAAAAAA ABAAAAAA 
                ABAAAAAA ABAAAAAA ABAAAAAA ABAAAAAA ABAAAAAA ABAAAAAA 
                ABAAAAAA ABAAAAAA ABAAAAAA ABAAAAAA ABAAAAAA ABAAAAAA 
                ABAAAAAA ABAAAAAA ABAAAAAA ABAAAAAA ABAAAAAA ABAAAAAA 
                ABAAAAAA ABAAAAAA 
            </column>
            <column x="17">
                ABAAAAAA ABAAAAAA ABAAAAAA ABAAAAAA ABAAAAAA ABAAAAAA 
                ABAAAAAA ABAAAAAA ABAAAAAA ABAAAAAA ABAAAAAA ABAAAAAA 
                ABAAAAAA ABAAAAAA ABAAAAAA ABAAAAAA ABAAAAAA ABAAAAAA 
                ANAAAAAA ANAAAAAA ANAAABAA ANAAAAAA ANAAAAAA ANAAAAAA 
                ANAAAAAA ANAAAAAA AKAAAAAA ANAAAAAA ALAAAAAA ABAAAAAA 
                ABAAAAAA ABAAAAAA ABAAAAAA ABAAAAAA ABAAAAAA ABAAAAAA 
                ABAAAAAA ABAAAAAA ABAAAAAA ABAAAAAA ABAAAAAA ABAAAAAA 
                ABAAAAAA ABAAAAAA ABAAAAAA ABAAAAAA ABAAAAAA ABAAAAAA 
                ABAAAAAA ABAAAAAA 
            </column>
            <column x="18">
                ABAAAAAA ABAAAAAA ABAAAAAA ABAAAAAA ABAAAAAA ABAAAAAA 
                ABAAAAAA ABAAAAAA ABAAAAAA ABAAAAAA ABAAAAAA ABAAAAAA 
                ABAAAAAA ABAAAAAA ABAAAAAA ABAAAAAA ABAAAAAA ANAAAAAA 
                ANAAAAAA ANAAAAAA ANAAACAA ANAAABAA ANAAAAAA ANAAAAAA 
                ANAAAAAA ANAAAAAA AKAAAAAA ANAAAAAA ALAAAAAA ABAAAAAA 
                ABAAAAAA ABAAAAAA ABAAAAAA ABAAAAAA ABAAAAAA ABAAAAAA 
                ABAAAAAA ABAAAAAA ABAAAAAA ABAAAAAA ABAAAAAA ABAAAAAA 
                ABAAAAAA ABAAAAAA ABAAAAAA ABAAAAAA ABAAAAAA ABAAAAAA 
                ABAAAAAA ABAAAAAA 
            </column>
            <column x="19">
                ABAAAAAA ABAAAAAA ABAAAAAA ABAAAAAA ABAAAAAA ABAAAAAA 
                ABAAAAAA ABAAAAAA ABAAAAAA ABAAAAAA ABAAAAAA ABAAAAAA 
                ABAAAAAA ABAAAAAA ABAAAAAA ABAAAAAA ABAAAAAA ANAAAAAA 
                ANAAAAAA ANAAAAAA ANAAACAA ANAAACAA ANAAAAAA ANAAAAAA 
                ANAAAAAA ANAAAAAA ALAAAAAA ALAAAAAA ALAAAAAA ABAAAAAA 
                ABAAAAAA ABAAAAAA ABAAAAAA ABAAAAAA ABAAAAAA ABAAAAAA 
                ABAAAAAA ABAAAAAA ABAAAAAA ABAAAAAA ABAAAAAA ABAAAAAA 
                ABAAAAAA ABAAAAAA ABAAAAAA ABAAAAAA ABAAAAAA ABAAAAAA 
                ABAAAAAA ABAAAAAA 
            </column>
            <column x="20">
                ABAAAAAA ABAAAAAA ABAAAAAA ABAAAAAA ABAAAAAA ABAAAAAA 
                ABAAAAAA ABAAAAAA ABAAAAAA ABAAAAAA ABAAAAAA ABAAAAAA 
                ABAAAAAA ABAAAAAA ABAAAAAA ABAAAAAA ABAAAAAA ABAAAAAA 
                ANAAAAAA ANAAAAAA ANAAAAAA ANAAAAAA ANAAACAA ANAAAAAA 
                ANAAAAAA ANAAAAAA ANAAAAAA ANAAAAAA ANAAAAAA ABAAAAAA 
                ABAAAAAA ABAAAAAA AMAAAAAA ABAAAAAA ABAAAAAA ABAAAAAA 
                ABAAAAAA ABAAAAAA ABAAAAAA ABAAAAAA ABAAAAAA AMAAAAAA 
                AMAAAAAA ABAAAAAA ABAAAAAA ABAAAAAA ABAAAAAA ABAAAAAA 
                ABAAAAAA ABAAAAAA 
            </column>
            <column x="21">
                ABAAAAAA ABAAAAAA ABAAAAAA ABAAAAAA ABAAAAAA ABAAAAAA 
                ABAAAAAA ABAAAAAA ABAAAAAA ABAAAAAA ABAAAAAA ABAAAAAA 
                ABAAAAAA ABAAAAAA ABAAAAAA ABAAAAAA ABAAAAAA ABAAAAAA 
                ABAAAAAA ANAAAAAA ANAAAAAA ANAAAAAA ANAAACAA ANAAAGAA 
                ANAAAAAA ANAAAAAA ANAAAAAA ANAAAGAA ABAAAAAA ABAAAAAA 
                ABAAAAAA AKAAAAAA AKAAAAAA AMAAAAAA AMAAAAAA ABAAAAAA 
                ABAAAAAA ABAAAAAA AMAAAGAA AMAAAAAA ABAAAAAA AMAAAAAA 
                AMAAAGAA ABAAAAAA ABAAAAAA ABAAAAAA ABAAAAAA ABAAAAAA 
                ABAAAAAA ABAAAAAA 
            </column>
            <column x="22">
                ABAAAAAA ABAAAAAA ABAAAAAA ABAAAAAA ABAAAAAA ABAAAAAA 
                ABAAAAAA ABAAAAAA ABAAAAAA ABAAAAAA ABAAAAAA ABAAAAAA 
                ABAAAAAA ABAAAAAA ABAAAAAA ABAAAAAA ABAAAAAA ABAAAAAA 
                ANAAAAAA ANAAAAAA ANAAAAAA ANAAAAAA ANAAAAAA ANAAAGAA 
                ANAAAGAA ANAAACAA ANAAAAAA ALAAAAAA ANAAAAAA ABAAAAAA 
                ABAAAAAA AKAAAAAA AKAAAAAA AMAAAGAA AMAAAAAA AMAAAAAA 
                AMAAAAAA AMAAAAAA AMAAAAAA AMAAAAAA AMAAAAAA AMAAAAAA 
                AMAAAAAA AMAAAGAA ABAAAAAA ABAAAAAA ABAAAAAA ABAAAAAA 
                ABAAAAAA ABAAAAAA 
            </column>
            <column x="23">
                ABAAAAAA ABAAAAAA ABAAAAAA ABAAAAAA ABAAAAAA ABAAAAAA 
                ABAAAAAA ABAAAAAA ABAAAAAA ABAAAAAA ABAAAAAA ABAAAAAA 
                ABAAAAAA ABAAAAAA ABAAAAAA ABAAAAAA ABAAAAAA ANAAAAAA 
                ANAAAAAA ANAAAAAA ANAAAAAA ANAAAAAA ANAAABAA ANAAACAA 
                ALAAACAA ANAAACAA ANAAAAAA ANAAAAAA AKAAAAAA ANAAAAAA 
                AKAAAAAA AKAAAAAA AMAAAAAA AMAAAAAA AMAAABAA AMAAAAAA 
                AMAAAAAA AMAAAAAA AMAAAAAA AMAAAAAA AMAAAAAA AMAAAAAA 
                AMAAAGAA ABAAAAAA ABAAAAAA ABAAAAAA ABAAAAAA ABAAAAAA 
                ABAAAAAA ABAAAAAA 
            </column>
            <column x="24">
                ABAAAAAA ABAAAAAA ABAAAAAA ABAAAAAA ABAAAAAA ABAAAAAA 
                ABAAAAAA ABAAAAAA ABAAAAAA ABAAAAAA ABAAAAAA ABAAAAAA 
                ABAAAAAA ABAAAAAA ABAAAAAA ABAAAAAA ANAAAAAA ANAAAAAA 
                ANAAAAAA ANAAAAAA ANAAAAAA ANAAAAAA ANAAAAAA ANAAACAA 
                ANAAACAA ALAAACAA ANAAACAA ALAAABAA ALAAAAAA ANAAAAAA 
                ANAAAAAA AKAAAAAA AKAAAAAA AMAAAAAA AMAAACAA AMAAACAA 
                AMAAACAA AMAAAGAA AMAAAAAA AMAAAAAA AMAAAAAA AMAAAAAA 
                AMAAAGAA ABAAAAAA ABAAAAAA ABAAAAAA ABAAAAAA ABAAAAAA 
                ABAAAAAA ABAAAAAA 
            </column>
            <column x="25">
                ABAAAAAA ABAAAAAA ABAAAAAA ABAAAAAA ABAAAAAA ABAAAAAA 
                ABAAAAAA ABAAAAAA ABAAAAAA ABAAAAAA ABAAAAAA ABAAAAAA 
                ABAAAAAA ABAAAAAA ABAAAAAA ABAAAAAA ANAAAAAA ANAAAAAA 
                ANAAAAAA ANAAAAAA ANAAAAAA ANAAAAAA ANAAAAAA ANAAAAAA 
                ANAAACAA ANAAACAA ANAAACAA ALAAAAAA ANAAAAAA ANAAAAAA 
                ANAAAAAA AKAAAAAA ALAAAAAA ALAAAAAA ALAAABAA AMAAAAAA 
                AMAAABAA ALAAAAAA AMAAAAAA AMAAAAAA AMAAAAAA AMAAAAAA 
                ABAAAAAA ABAAAAAA ABAAAAAA ABAAAAAA ABAAAAAA ABAAAAAA 
                ABAAAAAA ABAAAAAA 
            </column>
            <column x="26">
                ABAAAAAA ABAAAAAA ABAAAAAA ABAAAAAA ABAAAAAA ABAAAAAA 
                ABAAAAAA ABAAAAAA ABAAAAAA ABAAAAAA ABAAAAAA ABAAAAAA 
                ABAAAAAA ABAAAAAA ABAAAAAA ANAAAAAA ANAAAAAA ANAAAAAA 
                ANAAAAAA ANAAAAAA ANAAAAAA ANAAAAAA ANAAAAAA ANAAAAAA 
                ANAAAAAA ANAAADAA ANAAACAA ALAAAAAA ANAAAAAA ANAAAAAA 
                ANAAAAAA ANAAAAAA ALAAAAAA ALAAAAAA ALAAAAAA ALAAAAAA 
                ALAAAAAA ALAAAAAA ALAAAAAA AMAAAAAA AMAAAAAA ALAAAAAA 
                ABAAAAAA ABAAAAAA ABAAAAAA ABAAAAAA ABAAAAAA ABAAAAAA 
                ABAAAAAA ABAAAAAA 
            </column>
            <column x="27">
                ABAAAAAA ABAAAAAA ABAAAAAA ABAAAAAA ABAAAAAA ABAAAAAA 
                ABAAAAAA ABAAAAAA ABAAAAAA ABAAAAAA ABAAAAAA ABAAAAAA 
                ABAAAAAA ABAAAAAA ANAAAAAA ANAAAAAA ANAAAAAA ANAAAAAA 
                ANAAAAAA ANAAAAAA ANAAAAAA ANAAAAAA AOAAAEAA ANAAAEAA 
                ANAAAEAA ANAAADAA ANAAAAAA ANAAAAAA ALAAACAA AKAAAAAA 
                AKAAAAAA ANAAAAAA ANAAAAAA ALAAAAAA ALAAAAAA AKAAAAAA 
                ALAAAAAA ALAAAAAA ALAAAAAA ALAAAAAA ALAAAAAA ABAAAAAA 
                ABAAAAAA ABAAAAAA ABAAAAAA ABAAAAAA ABAAAAAA ABAAAAAA 
                ABAAAAAA ABAAAAAA 
            </column>
            <column x="28">
                ABAAAAAA ABAAAAAA ABAAAAAA ABAAAAAA ABAAAAAA ABAAAAAA 
                ABAAAAAA ABAAAAAA ABAAAAAA ABAAAAAA ABAAAAAA ABAAAAAA 
                ABAAAAAA ABAAAAAA ANAAAAAA ANAAAAAA ANAAACAA ANAAACAA 
                ANAAACAA ANAAAAAA ANAAAAAA ANAAACAA ANAAACAA AOAAAFAA 
                AOAAAEAA AOAAAEAA AOAAAFAA AOAAAEAA AOAAAEAA ANAAACAA 
                AKAAAAAA AKAAAAAA ALAAAAAA ANAAAAAA AMAAACAA AMAAACAA 
                ALAAAAAA ALAAAAAA AKAAAAAA ALAAAAAA ABAAAAAA ABAAAAAA 
                ABAAAAAA ABAAAAAA ABAAAAAA ABAAAAAA ABAAAAAA ABAAAAAA 
                ABAAAAAA ABAAAAAA 
            </column>
            <column x="29">
                ABAAAAAA ABAAAAAA ABAAAAAA ABAAAAAA ABAAAAAA ABAAAAAA 
                ABAAAAAA ABAAAAAA ABAAAAAA ABAAAAAA ABAAAAAA ABAAAAAA 
                ABAAAAAA ANAAAAAA ANAAAAAA ANAAACAA ANAAACAA ANAAAAAA 
                ANAAAAAA ANAAACAA ANAAACAA ANAAADAA APAAAFAA APAAAFAA 
                AOAAAFAA AOAAAFAA AOAAAEAA ANAAAEAA ANAAADAA ALAAAAAA 
                AKAAAAAA AKAAAAAA ANAAAAAA ALAAAAAA ALAAAAAA ALAAAAAA 
                ANAAAAAA AKAAAAAA ALAAAAAA ABAAAAAA ABAAAAAA ABAAAAAA 
                ABAAAAAA ABAAAAAA ABAAAAAA ABAAAAAA ABAAAAAA ABAAAAAA 
                ABAAAAAA ABAAAAAA 
            </column>
            <column x="30">
                ABAAAAAA ABAAAAAA ABAAAAAA ABAAAAAA ABAAAAAA ABAAAAAA 
                ABAAAAAA ABAAAAAA ABAAAAAA ABAAAAAA ABAAAAAA ABAAAAAA 
                ABAAAAAA ANAAAAAA ANAAACAA ANAAACAA ANAAACAA ANAAACAA 
                ANAAAAAA ANAAACAA ANAAAEAA AOAAAEAA APAAAFAA AOAAAAAA 
                AOAAAFAA ANAAAEAA ANAAAEAA ANAAADAA ANAAACAA ANAAAAAA 
                ANAAAAAA ANAAAAAA AKAAAAAA AKAAAAAA ANAAAAAA ANAAAAAA 
                ANAAAAAA ANAAAAAA ANAAAAAA ALAAAAAA ABAAAAAA ABAAAAAA 
                ABAAAAAA ABAAAAAA ABAAAAAA ABAAAAAA ABAAAAAA ABAAAAAA 
                ABAAAAAA ABAAAAAA 
            </column>
            <column x="31">
                ABAAAAAA ABAAAAAA ABAAAAAA ABAAAAAA ABAAAAAA ABAAAAAA 
                ABAAAAAA ABAAAAAA ABAAAAAA ABAAAAAA ABAAAAAA ABAAAAAA 
                ABAAAAAA ABAAAAAA ANAAAAAA ANAAAAAA ABAAAAAA ABAAAAAA 
                ABAAAAAA ABAAAAAA AOAAAAAA AOAAAAAA AOAAAAAA AOAAAAAA 
                ANAAAAAA ANAAAAAA ANAAACAA AOAAAEAA AOAAAEAA ANAAADAA 
                ANAAABAA ALAAAAAA ANAAAAAA ANAAABAA ANAAAAAA ANAAAAAA 
                ANAAAAAA ANAAAAAA ALAAAAAA AMAAAAAA ABAAAAAA ABAAAAAA 
                ABAAAAAA ABAAAAAA ABAAAAAA ABAAAAAA ABAAAAAA ABAAAAAA 
                ABAAAAAA ABAAAAAA 
            </column>
            <column x="32">
                ABAAAAAA ABAAAAAA ABAAAAAA ABAAAAAA ABAAAAAA ABAAAAAA 
                ABAAAAAA ABAAAAAA ABAAAAAA ABAAAAAA ABAAAAAA ABAAAAAA 
                ABAAAAAA ABAAAAAA ABAAAAAA ANAAAAAA ANAAAAAA ABAAAAAA 
                ABAAAAAA ABAAAAAA AOAAAAAA APAAAAAA AOAAAAAA AOAAAAAA 
                ANAAAAAA ANAAAAAA ANAAAAAA ANAAACAA AOAAAEAA AOAAAEAA 
                AOAAAEAA ALAAAAAA ANAAAAAA ALAAAAAA ANAAAAAA ANAAAAAA 
                ANAAABAA ANAAABAA ALAAAAAA ALAAAAAA ABAAAAAA ABAAAAAA 
                ABAAAAAA ABAAAAAA ABAAAAAA ABAAAAAA ABAAAAAA ABAAAAAA 
                ABAAAAAA ABAAAAAA 
            </column>
            <column x="33">
                ABAAAAAA ABAAAAAA ABAAAAAA ABAAAAAA ABAAAAAA ABAAAAAA 
                ABAAAAAA ABAAAAAA ABAAAAAA ABAAAAAA ABAAAAAA ABAAAAAA 
                ABAAAAAA ABAAAAAA ANAAAAAA ANAAAAAA ABAAAAAA ABAAAAAA 
                ABAAAAAA AOAAAAAA APAAAAAA AOAAAAAA ANAAAAAA ANAAAAAA 
                ANAAAAAA ANAAAAAA ANAAAAAA ANAAACAA AOAAAEAA AOAAAEAA 
                ANAAADAA ALAAAAAA ANAAAAAA ANAAAAAA ANAAAGAA ANAAACAA 
                ANAAACAA ALAAABAA ALAAAAAA ALAAABAA ABAAAAAA ABAAAAAA 
                ABAAAAAA ABAAAAAA ABAAAAAA ABAAAAAA ABAAAAAA ABAAAAAA 
                ABAAAAAA ABAAAAAA 
            </column>
            <column x="34">
                ABAAAAAA ABAAAAAA ABAAAAAA ABAAAAAA ABAAAAAA ABAAAAAA 
                ABAAAAAA ABAAAAAA ABAAAAAA ABAAAAAA ABAAAAAA ABAAAAAA 
                ABAAAAAA ABAAAAAA ANAAAAAA ABAAAAAA ABAAAAAA ABAAAAAA 
                ABAAAAAA AOAAAAAA APAAAAAA APAAAAAA ANAAAAAA ANAAAAAA 
                ANAAAAAA ANAAAAAA ANAAAAAA ANAAAAAA ANAAACAA ANAAACAA 
                ANAAACAA ANAAAAAA ANAAAAAA ANAAABAA ANAAABAA ANAAACAA 
                ANAAACAA ANAAAAAA ALAAAAAA ALAAAAAA AMAAAAAA ABAAAAAA 
                ABAAAAAA ABAAAAAA ABAAAAAA ABAAAAAA ABAAAAAA ABAAAAAA 
                ABAAAAAA ABAAAAAA 
            </column>
            <column x="35">
                ABAAAAAA ABAAAAAA ABAAAAAA ABAAAAAA ABAAAAAA ABAAAAAA 
                ABAAAAAA ABAAAAAA ABAAAAAA ABAAAAAA ABAAAAAA ABAAAAAA 
                ABAAAAAA ABAAAAAA ANAAAAAA ABAAAAAA ABAAAAAA ABAAAAAA 
                ABAAAAAA AOAAAAAA AOAAAAAA AOAAAAAA ANAAAAAA ABAAAAAA 
                ABAAAAAA ANAAAAAA ANAAACAA ANAAACAA ANAAACAA AKAAACAA 
                AKAAAAAA ANAAAGAA ANAAABAA ANAAACAA ANAAACAA ANAAACAA 
                ANAAABAA ANAAAAAA ABAAAAAA ABAAAAAA ABAAAAAA ABAAAAAA 
                ABAAAAAA ABAAAAAA ABAAAAAA ABAAAAAA ABAAAAAA ABAAAAAA 
                ABAAAAAA ABAAAAAA 
            </column>
            <column x="36">
                ABAAAAAA ABAAAAAA ABAAAAAA ABAAAAAA ABAAAAAA ABAAAAAA 
                ABAAAAAA ABAAAAAA ABAAAAAA ABAAAAAA ABAAAAAA ABAAAAAA 
                ABAAAAAA ABAAAAAA ANAAAAAA ABAAAAAA ABAAAAAA ABAAAAAA 
                ABAAAAAA ABAAAAAA AOAAAAAA AOAAAAAA AOAAAAAA ABAAAAAA 
                ABAAAAAA ABAAAAAA ANAAACAA AKAAACAA AKAAACAA AKAAACAA 
                AKAAABAA ANAAAAAA ANAAABAA ANAAABAA ANAAACAA ANAAABAA 
                ANAAAAAA ABAAAAAA ABAAAAAA ANAAAAAA AMAAAAAA ABAAAAAA 
                ABAAAAAA ABAAAAAA ABAAAAAA ABAAAAAA ABAAAAAA ABAAAAAA 
                ABAAAAAA ABAAAAAA 
            </column>
            <column x="37">
                ABAAAAAA ABAAAAAA ABAAAAAA ABAAAAAA ABAAAAAA ABAAAAAA 
                ABAAAAAA ABAAAAAA ABAAAAAA ABAAAAAA ABAAAAAA ANAAAAAA 
                ANAAAAAA ANAAAAAA ABAAAAAA ABAAAAAA ABAAAAAA ABAAAAAA 
                ABAAAAAA ABAAAAAA ABAAAAAA ANAAAAAA ABAAAAAA ABAAAAAA 
                ABAAAAAA ABAAAAAA AKAAACAA AKAAACAA ANAAABAA ANAAABAA 
                ANAAABAA ANAAAAAA ANAAAAAA ANAAABAA ANAAABAA ANAAAAAA 
                ANAAAAAA ABAAAAAA ABAAAAAA ANAAAAAA ABAAAAAA ABAAAAAA 
                ABAAAAAA ABAAAAAA ABAAAAAA ABAAAAAA ABAAAAAA ABAAAAAA 
                ABAAAAAA ABAAAAAA 
            </column>
            <column x="38">
                ABAAAAAA ABAAAAAA ABAAAAAA ABAAAAAA ABAAAAAA ABAAAAAA 
                ABAAAAAA ABAAAAAA ABAAAAAA ABAAAAAA ANAAAAAA ABAAAAAA 
                ANAAAAAA ABAAAAAA ABAAAAAA ABAAAAAA ABAAAAAA ABAAAAAA 
                ABAAAAAA ABAAAAAA ABAAAAAA ANAAAAAA ABAAAAAA ABAAAAAA 
                ABAAAAAA ABAAAAAA ABAAAAAA AKAAAAAA AKAAACAA ANAAACAA 
                ANAAACAA ANAAAAAA ANAAAAAA ANAAAAAA ANAAAAAA ABAAAAAA 
                ANAAAAAA ABAAAAAA ABAAAAAA ANAAAAAA ABAAAAAA ABAAAAAA 
                ABAAAAAA ABAAAAAA ABAAAAAA ABAAAAAA ABAAAAAA ABAAAAAA 
                ABAAAAAA ABAAAAAA 
            </column>
            <column x="39">
                ABAAAAAA ABAAAAAA ABAAAAAA ABAAAAAA ABAAAAAA ABAAAAAA 
                ABAAAAAA ABAAAAAA ABAAAAAA ABAAAAAA ANAAAAAA ANAAAAAA 
                ABAAAAAA ABAAAAAA ABAAAAAA ABAAAAAA ABAAAAAA ABAAAAAA 
                ABAAAAAA ABAAAAAA ANAAAAAA ABAAAAAA ABAAAAAA ABAAAAAA 
                ABAAAAAA ABAAAAAA ABAAAAAA ANAAAAAA ANAAAEAA ANAAACAA 
                ANAAACAA ANAAAAAA ANAAAAAA ABAAAAAA ABAAAAAA ABAAAAAA 
                ABAAAAAA ABAAAAAA ABAAAAAA ABAAAAAA ABAAAAAA ABAAAAAA 
                ABAAAAAA ABAAAAAA ABAAAAAA ABAAAAAA ABAAAAAA ABAAAAAA 
                ABAAAAAA ABAAAAAA 
            </column>
            <column x="40">
                ABAAAAAA ABAAAAAA ABAAAAAA ABAAAAAA ABAAAAAA ABAAAAAA 
                ABAAAAAA ABAAAAAA ABAAAAAA ABAAAAAA ABAAAAAA ABAAAAAA 
                ABAAAAAA ABAAAAAA ABAAAAAA ABAAAAAA ABAAAAAA ABAAAAAA 
                ABAAAAAA ABAAAAAA ANAAAAAA ABAAAAAA ABAAAAAA ABAAAAAA 
                ABAAAAAA ABAAAAAA ABAAAAAA ABAAAAAA ANAAACAA ANAAAEAA 
                ANAAADAA ANAAACAA ANAAAAAA ANAAAAAA ABAAAAAA ABAAAAAA 
                ABAAAAAA ABAAAAAA ABAAAAAA ABAAAAAA ABAAAAAA ABAAAAAA 
                ABAAAAAA ABAAAAAA ABAAAAAA ABAAAAAA ABAAAAAA ABAAAAAA 
                ABAAAAAA ABAAAAAA 
            </column>
            <column x="41">
                ABAAAAAA ABAAAAAA ABAAAAAA ABAAAAAA ABAAAAAA ABAAAAAA 
                ABAAAAAA ABAAAAAA ABAAAAAA ABAAAAAA ABAAAAAA ABAAAAAA 
                ABAAAAAA ABAAAAAA ABAAAAAA ABAAAAAA ABAAAAAA ABAAAAAA 
                ABAAAAAA ABAAAAAA ANAAAAAA ABAAAAAA ABAAAAAA ABAAAAAA 
                ABAAAAAA ABAAAAAA ABAAAAAA ANAAAAAA ANAAACAA ANAAAEAA 
                ANAAACAA ANAAACAA ANAAAAAA ABAAAAAA ABAAAAAA ABAAAAAA 
                ABAAAAAA ABAAAAAA ABAAAAAA ABAAAAAA ABAAAAAA ABAAAAAA 
                ABAAAAAA ABAAAAAA ABAAAAAA ABAAAAAA ABAAAAAA ABAAAAAA 
                ABAAAAAA ABAAAAAA 
            </column>
            <column x="42">
                ABAAAAAA ABAAAAAA ABAAAAAA ABAAAAAA ABAAAAAA ABAAAAAA 
                ABAAAAAA ABAAAAAA ABAAAAAA ABAAAAAA ABAAAAAA ABAAAAAA 
                ABAAAAAA ABAAAAAA ABAAAAAA ABAAAAAA ABAAAAAA ABAAAAAA 
                ABAAAAAA ABAAAAAA ABAAAAAA ANAAAAAA ABAAAAAA ABAAAAAA 
                ABAAAAAA ABAAAAAA ABAAAAAA ABAAAAAA ANAAACAA ANAAADAA 
                ANAAACAA ANAAACAA ANAAAAAA ABAAAAAA ABAAAAAA ABAAAAAA 
                ABAAAAAA ABAAAAAA ABAAAAAA ABAAAAAA ABAAAAAA ABAAAAAA 
                ABAAAAAA ABAAAAAA ABAAAAAA ABAAAAAA ABAAAAAA ABAAAAAA 
                ABAAAAAA ABAAAAAA 
            </column>
            <column x="43">
                ABAAAAAA ABAAAAAA ABAAAAAA ABAAAAAA ABAAAAAA ABAAAAAA 
                ABAAAAAA ABAAAAAA ABAAAAAA ABAAAAAA ABAAAAAA ABAAAAAA 
                ABAAAAAA ABAAAAAA ABAAAAAA ABAAAAAA ABAAAAAA ABAAAAAA 
                ABAAAAAA ABAAAAAA ANAAAAAA ABAAAAAA ABAAAAAA ABAAAAAA 
                ABAAAAAA ABAAAAAA ABAAAAAA ABAAAAAA ANAAAAAA AOAAAEAA 
                AOAAAEAA ANAAACAA ANAAAAAA ABAAAAAA ABAAAAAA ABAAAAAA 
                ANAAABAA ABAAAAAA ABAAAAAA ABAAAAAA ABAAAAAA ABAAAAAA 
                ABAAAAAA ABAAAAAA ABAAAAAA ABAAAAAA ABAAAAAA ABAAAAAA 
                ABAAAAAA ABAAAAAA 
            </column>
            <column x="44">
                ABAAAAAA ABAAAAAA ABAAAAAA ABAAAAAA ABAAAAAA ABAAAAAA 
                ABAAAAAA ABAAAAAA ABAAAAAA ABAAAAAA ABAAAAAA ABAAAAAA 
                ABAAAAAA ABAAAAAA ABAAAAAA ABAAAAAA ABAAAAAA ABAAAAAA 
                ABAAAAAA ABAAAAAA AKAAAAAA ABAAAAAA ABAAAAAA ABAAAAAA 
                ANAAAAAA ANAAAAAA ANAAAAAA ANAAAAAA ANAAAAAA ANAAADAA 
                AOAAAEAA ANAAABAA ANAAABAA ANAAABAA ABAAAAAA ABAAAAAA 
                ANAAAAAA ANAAABAA ABAAAAAA ABAAAAAA ABAAAAAA ABAAAAAA 
                ABAAAAAA ABAAAAAA ABAAAAAA ABAAAAAA ABAAAAAA ABAAAAAA 
                ABAAAAAA ABAAAAAA 
            </column>
            <column x="45">
                ABAAAAAA ABAAAAAA ABAAAAAA ABAAAAAA ABAAAAAA ABAAAAAA 
                ABAAAAAA ABAAAAAA ABAAAAAA ABAAAAAA ABAAAAAA ABAAAAAA 
                ABAAAAAA ABAAAAAA ABAAAAAA ABAAAAAA ABAAAAAA ABAAAAAA 
                ABAAAAAA ABAAAAAA AKAAAAAA ABAAAAAA ABAAAAAA ANAAAAAA 
                ABAAAAAA ABAAAAAA ABAAAFAA ABAAAFAA AOAAAEAA ANAAACAA 
                ANAAABAA ANAAABAA ABAAAAAA ABAAAAAA ABAAAAAA ABAAAAAA 
                ABAAAAAA ANAAABAA ABAAAAAA ABAAAAAA ABAAAAAA ABAAAAAA 
                ABAAAAAA ABAAAAAA ABAAAAAA ABAAAAAA ABAAAAAA ABAAAAAA 
                ABAAAAAA ABAAAAAA 
            </column>
            <column x="46">
                ABAAAAAA ABAAAAAA ABAAAAAA ABAAAAAA ABAAAAAA ABAAAAAA 
                ABAAAAAA ABAAAAAA ABAAAAAA ABAAAAAA ABAAAAAA ABAAAAAA 
                ABAAAAAA ABAAAAAA ABAAAAAA ABAAAAAA ABAAAAAA ABAAAAAA 
                ABAAAAAA ABAAAAAA ABAAAAAA AKAAAAAA ANAAAAAA ANAAAAAA 
                ABAAAAAA ABAAAAAA ABAAAAAA ABAAAFAA AOAAAEAA ANAAACAA 
                ANAAABAA ALAAABAA ALAAABAA ABAAAAAA ABAAAAAA ABAAAAAA 
                ABAAAAAA ABAAAAAA ABAAAAAA ABAAAAAA ABAAAAAA ABAAAAAA 
                ABAAAAAA ABAAAAAA ABAAAAAA ABAAAAAA ABAAAAAA ABAAAAAA 
                ABAAAAAA ABAAAAAA 
            </column>
            <column x="47">
                ABAAAAAA ABAAAAAA ABAAAAAA ABAAAAAA ABAAAAAA ABAAAAAA 
                ABAAAAAA ABAAAAAA ABAAAAAA ABAAAAAA ABAAAAAA ABAAAAAA 
                ABAAAAAA ABAAAAAA ABAAAAAA ABAAAAAA ABAAAAAA ABAAAAAA 
                ABAAAAAA ABAAAAAA ABAAAAAA ABAAAAAA ABAAAAAA ABAAAAAA 
                ABAAAAAA AOAAAAAA ANAAAAAA ANAAADAA ANAAABAA ANAAABAA 
                ALAAAAAA ALAAAAAA ALAAABAA ABAAAAAA ABAAAAAA ABAAAAAA 
                ANAAAAAA ABAAAAAA ABAAAAAA ABAAAAAA ABAAAAAA ABAAAAAA 
                ABAAAAAA ABAAAAAA ABAAAAAA ABAAAAAA ABAAAAAA ABAAAAAA 
                ABAAAAAA ABAAAAAA 
            </column>
            <column x="48">
                ABAAAAAA ABAAAAAA ABAAAAAA ABAAAAAA ABAAAAAA ABAAAAAA 
                ABAAAAAA ABAAAAAA ABAAAAAA ABAAAAAA ABAAAAAA ABAAAAAA 
                ABAAAAAA ABAAAAAA ABAAAAAA ABAAAAAA ABAAAAAA ABAAAAAA 
                ABAAAAAA ABAAAAAA ABAAAAAA ABAAAAAA ABAAAAAA ABAAAAAA 
                ABAAAAAA ABAAAAAA ABAAAAAA ABAAAAAA ABAAAAAA ABAAAAAA 
                ABAAABAA ALAAABAA ANAAABAA ANAAAAAA ABAAAAAA ABAAAAAA 
                ANAAAAAA ANAAABAA ABAAAAAA ABAAAAAA ABAAAAAA ABAAAAAA 
                ABAAAAAA ABAAAAAA ABAAAAAA ABAAAAAA ABAAAAAA ABAAAAAA 
                ABAAAAAA ABAAAAAA 
            </column>
            <column x="49">
                ABAAAAAA ABAAAAAA ABAAAAAA ABAAAAAA ABAAAAAA ABAAAAAA 
                ABAAAAAA ABAAAAAA ABAAAAAA ABAAAAAA ABAAAAAA ABAAAAAA 
                ABAAAAAA ABAAAAAA ABAAAAAA ABAAAAAA ABAAAAAA ABAAAAAA 
                ABAAAAAA ABAAAAAA ABAAAAAA ABAAAAAA ABAAAAAA ABAAAAAA 
                ABAAAAAA ABAAAAAA ABAAAAAA ABAAAAAA ABAAABAA ABAAABAA 
                ABAAABAA ANAAABAA ANAAABAA ABAAAAAA ABAAAAAA ANAAAAAA 
                ANAAAAAA ANAAAAAA ABAAAAAA ABAAAAAA ABAAAAAA ABAAAAAA 
                ABAAAAAA ABAAAAAA ABAAAAAA ABAAAAAA ABAAAAAA ABAAAAAA 
                ABAAAAAA ABAAAAAA 
            </column>
            <column x="50">
                ABAAAAAA ABAAAAAA ABAAAAAA ABAAAAAA ABAAAAAA ABAAAAAA 
                ABAAAAAA ABAAAAAA ABAAAAAA ABAAAAAA ABAAAAAA ABAAAAAA 
                ABAAAAAA ABAAAAAA ABAAAAAA ABAAAAAA ABAAAAAA ABAAAAAA 
                ABAAAAAA ABAAAAAA ABAAAAAA ABAAAAAA ABAAAAAA ABAAAAAA 
                ABAAAAAA ABAAAAAA ABAAAAAA ABAAAAAA ABAAAAAA ABAAAAAA 
                ABAAAAAA ANAAAAAA ANAAAAAA ABAAAAAA ABAAAAAA ABAAAAAA 
                ABAAAAAA ANAAAAAA ABAAAAAA ABAAAAAA ABAAAAAA ABAAAAAA 
                ABAAAAAA ABAAAAAA ABAAAAAA ABAAAAAA ABAAAAAA ABAAAAAA 
                ABAAAAAA ABAAAAAA 
            </column>
            <column x="51">
                ABAAAAAA ABAAAAAA ABAAAAAA ABAAAAAA ABAAAAAA ABAAAAAA 
                ABAAAAAA ABAAAAAA ABAAAAAA ABAAAAAA ABAAAAAA ABAAAAAA 
                ABAAAAAA ABAAAAAA ABAAAAAA ABAAAAAA ABAAAAAA ABAAAAAA 
                ABAAAAAA ABAAAAAA ABAAAAAA ABAAAAAA ABAAAAAA ABAAAAAA 
                ABAAAAAA ABAAAAAA ABAAAAAA ABAAAAAA ABAAAAAA ABAAAAAA 
                ABAAAAAA ANAAAAAA ANAAAAAA ABAAAAAA ABAAAAAA ABAAAAAA 
                ABAAAAAA ABAAAAAA ABAAAAAA ABAAAAAA ABAAAAAA ABAAAAAA 
                ABAAAAAA ABAAAAAA ABAAAAAA ABAAAAAA ABAAAAAA ABAAAAAA 
                ABAAAAAA ABAAAAAA 
            </column>
            <column x="52">
                ABAAAAAA ABAAAAAA ABAAAAAA ABAAAAAA ABAAAAAA ABAAAAAA 
                ABAAAAAA ABAAAAAA ABAAAAAA ABAAAAAA ABAAAAAA ABAAAAAA 
                ABAAAAAA ABAAAAAA ABAAAAAA ABAAAAAA ABAAAAAA ABAAAAAA 
                ABAAAAAA ABAAAAAA ABAAAAAA ABAAAAAA ABAAAAAA ABAAAAAA 
                ABAAAAAA ABAAAAAA ABAAAAAA ABAAAAAA ABAAAAAA ABAAAAAA 
                ABAAAAAA ABAAAAAA ANAAAAAA ANAAAAAA ABAAAAAA ABAAAAAA 
                ABAAAAAA ABAAAAAA ABAAAAAA ABAAAAAA ABAAAAAA ABAAAAAA 
                ABAAAAAA ABAAAAAA ABAAAAAA ABAAAAAA ABAAAAAA ABAAAAAA 
                ABAAAAAA ABAAAAAA 
            </column>
            <column x="53">
                ABAAAAAA ABAAAAAA ABAAAAAA ABAAAAAA ABAAAAAA ABAAAAAA 
                ABAAAAAA ABAAAAAA ABAAAAAA ABAAAAAA ABAAAAAA ABAAAAAA 
                ABAAAAAA ABAAAAAA ABAAAAAA ABAAAAAA ABAAAAAA ABAAAAAA 
                ABAAAAAA ABAAAAAA ABAAAAAA ABAAAAAA ABAAAAAA ABAAAAAA 
                ABAAAAAA ABAAAAAA ABAAAAAA ABAAAAAA ABAAAAAA ABAAAAAA 
                ABAAAAAA ABAAAAAA ANAAAAAA ABAAAAAA AMAAAGAA ABAAAAAA 
                ABAAAAAA ABAAAAAA ABAAAAAA ABAAAAAA ABAAAAAA ABAAAAAA 
                ABAAAAAA ABAAAAAA ABAAAAAA ABAAAAAA ABAAAAAA ABAAAAAA 
                ABAAAAAA ABAAAAAA 
            </column>
            <column x="54">
                ABAAAAAA ABAAAAAA ABAAAAAA ABAAAAAA ABAAAAAA ABAAAAAA 
                ABAAAAAA ABAAAAAA ABAAAAAA ABAAAAAA ABAAAAAA ABAAAAAA 
                ABAAAAAA ABAAAAAA ABAAAAAA ABAAAAAA ABAAAAAA ABAAAAAA 
                ABAAAAAA ABAAAAAA ABAAAAAA ABAAAAAA ABAAAAAA ABAAAAAA 
                ABAAAAAA ABAAAAAA ABAAAAAA ABAAAAAA ABAAAAAA ABAAAAAA 
                ABAAAAAA ANAAAAAA ANAAAAAA ABAAAAAA ABAAAAAA AMAAAGAA 
                ABAAAAAA ABAAAAAA ABAAAAAA ABAAAAAA ABAAAAAA ABAAAAAA 
                ABAAAAAA ABAAAAAA ABAAAAAA ABAAAAAA ABAAAAAA ABAAAAAA 
                ABAAAAAA ABAAAAAA 
            </column>
            <column x="55">
                ABAAAAAA ABAAAAAA ABAAAAAA ABAAAAAA ABAAAAAA ABAAAAAA 
                ABAAAAAA ABAAAAAA ABAAAAAA ABAAAAAA ABAAAAAA ABAAAAAA 
                ABAAAAAA ABAAAAAA ABAAAAAA ABAAAAAA ABAAAAAA ABAAAAAA 
                ABAAAAAA ABAAAAAA ABAAAAAA ABAAAAAA ABAAAAAA ABAAAAAA 
                ABAAAAAA ABAAAAAA ABAAAAAA ABAAAAAA ABAAAAAA ANAAAAAA 
                ANAAAAAA ABAAAAAA ABAAAAAA AMAAAAAA AMAAAAAA AMAAAGAA 
                ABAAAAAA ABAAAAAA ABAAAAAA ABAAAAAA ABAAAAAA ABAAAAAA 
                ABAAAAAA ABAAAAAA ABAAAAAA ABAAAAAA ABAAAAAA ABAAAAAA 
                ABAAAAAA ABAAAAAA 
            </column>
            <column x="56">
                ABAAAAAA ABAAAAAA ABAAAAAA ABAAAAAA ABAAAAAA ABAAAAAA 
                ABAAAAAA ABAAAAAA ABAAAAAA ABAAAAAA ABAAAAAA ABAAAAAA 
                ABAAAAAA ABAAAAAA ABAAAAAA ABAAAAAA ABAAAAAA ABAAAAAA 
                ABAAAAAA ABAAAAAA ABAAAAAA ABAAAAAA ABAAAAAA ABAAAAAA 
                ABAAAAAA ABAAAAAA ABAAAAAA ABAAAAAA ABAAAAAA ANAAAAAA 
                ABAAAAAA ABAAAAAA ABAAAAAA AMAAAAAA AMAAAAAA AMAAAGAA 
                AMAAAAAA AMAAAAAA ABAAAAAA ABAAAAAA ABAAAAAA ABAAAAAA 
                ABAAAAAA ABAAAAAA ABAAAAAA ABAAAAAA ABAAAAAA ABAAAAAA 
                ABAAAAAA ABAAAAAA 
            </column>
            <column x="57">
                ABAAAAAA ABAAAAAA ABAAAAAA ABAAAAAA ABAAAAAA ABAAAAAA 
                ABAAAAAA ABAAAAAA ABAAAAAA ABAAAAAA ABAAAAAA ABAAAAAA 
                ABAAAAAA ABAAAAAA ABAAAAAA ABAAAAAA ABAAAAAA ABAAAAAA 
                ABAAAAAA ABAAAAAA ABAAAAAA ABAAAAAA ABAAAAAA ABAAAAAA 
                ABAAAAAA ABAAAAAA ABAAAAAA ABAAAAAA ABAAAAAA ANAAAAAA 
                ANAAAAAA ALAAAAAA AMAAAAAA AMAAAAAA ALAAAAAA AMAAAAAA 
                AMAAAAAA ABAAAAAA ABAAAAAA ABAAAAAA ABAAAAAA ABAAAAAA 
                ABAAAAAA ABAAAAAA ABAAAAAA ABAAAAAA ABAAAAAA ABAAAAAA 
                ABAAAAAA ABAAAAAA 
            </column>
            <column x="58">
                ABAAAAAA ABAAAAAA ABAAAAAA ABAAAAAA ABAAAAAA ABAAAAAA 
                ABAAAAAA ABAAAAAA ABAAAAAA ABAAAAAA ABAAAAAA ABAAAAAA 
                ABAAAAAA ABAAAAAA ABAAAAAA ABAAAAAA ABAAAAAA ABAAAAAA 
                ABAAAAAA ABAAAAAA ABAAAAAA ABAAAAAA ABAAAAAA ABAAAAAA 
                ABAAAAAA ABAAAAAA ABAAAAAA ABAAAAAA ABAAAAAA ABAAAAAA 
                ABAAAAAA ABAAAAAA ABAAAAAA ABAAAAAA ABAAAAAA ABAAAAAA 
                AMAAAAAA ABAAAAAA ABAAAAAA ABAAAAAA ABAAAAAA ABAAAAAA 
                ABAAAAAA ABAAAAAA ABAAAAAA ABAAAAAA ABAAAAAA ABAAAAAA 
                ABAAAAAA ABAAAAAA 
            </column>
            <column x="59">
                ABAAAAAA ABAAAAAA ABAAAAAA ABAAAAAA ABAAAAAA ABAAAAAA 
                ABAAAAAA ABAAAAAA ABAAAAAA ABAAAAAA ABAAAAAA ABAAAAAA 
                ABAAAAAA ABAAAAAA ABAAAAAA ABAAAAAA ABAAAAAA ABAAAAAA 
                ABAAAAAA ABAAAAAA ABAAAAAA ABAAAAAA ABAAAAAA ABAAAAAA 
                ABAAAAAA ABAAAAAA ABAAAAAA ABAAAAAA ABAAAAAA ABAAAAAA 
                ABAAAAAA ABAAAAAA ABAAAAAA ABAAAAAA ABAAAAAA AMAAAAAA 
                ABAAAAAA ABAAAAAA ABAAAAAA ABAAAAAA ABAAAAAA ABAAAAAA 
                ABAAAAAA ABAAAAAA ABAAAAAA ABAAAAAA ABAAAAAA ABAAAAAA 
                ABAAAAAA ABAAAAAA 
            </column>
            <column x="60">
                ABAAAAAA ABAAAAAA ABAAAAAA ABAAAAAA ABAAAAAA ABAAAAAA 
                ABAAAAAA ABAAAAAA ABAAAAAA ABAAAAAA ABAAAAAA ABAAAAAA 
                ABAAAAAA ABAAAAAA ABAAAAAA ABAAAAAA ABAAAAAA ABAAAAAA 
                ABAAAAAA ABAAAAAA ABAAAAAA ABAAAAAA ABAAAAAA ABAAAAAA 
                ABAAAAAA ABAAAAAA ABAAAAAA ABAAAAAA ABAAAAAA ABAAAAAA 
                ABAAAAAA ABAAAAAA ABAAAAAA ABAAAAAA ABAAAAAA ABAAAAAA 
                AMAAAGAA ABAAAAAA ABAAAAAA ABAAAAAA ABAAAAAA ABAAAAAA 
                ABAAAAAA ABAAAAAA ABAAAAAA ABAAAAAA ABAAAAAA ABAAAAAA 
                ABAAAAAA ABAAAAAA 
            </column>
            <column x="61">
                ABAAAAAA ABAAAAAA ABAAAAAA ABAAAAAA ABAAAAAA ABAAAAAA 
                ABAAAAAA ABAAAAAA ABAAAAAA ABAAAAAA ABAAAAAA ABAAAAAA 
                ABAAAAAA ABAAAAAA ABAAAAAA ABAAAAAA ABAAAAAA ABAAAAAA 
                ABAAAAAA ABAAAAAA ABAAAAAA ABAAAAAA ABAAAAAA ABAAAAAA 
                ABAAAAAA ABAAAAAA ABAAAAAA ABAAAAAA ABAAAAAA ABAAAAAA 
                ABAAAAAA ABAAAAAA ABAAAAAA ABAAAAAA ABAAAAAA ABAAAAAA 
                AMAAAAAA ABAAAAAA ABAAAAAA ABAAAAAA ABAAAAAA ABAAAAAA 
                ABAAAAAA ABAAAAAA ABAAAAAA ABAAAAAA ABAAAAAA ABAAAAAA 
                ABAAAAAA ABAAAAAA 
            </column>
            <column x="62">
                ABAAAAAA ABAAAAAA ABAAAAAA ABAAAAAA ABAAAAAA ABAAAAAA 
                ABAAAAAA ABAAAAAA ABAAAAAA ABAAAAAA ABAAAAAA ABAAAAAA 
                ABAAAAAA ABAAAAAA ABAAAAAA ABAAAAAA ABAAAAAA ABAAAAAA 
                ABAAAAAA ABAAAAAA ABAAAAAA ABAAAAAA ABAAAAAA ABAAAAAA 
                ABAAAAAA ABAAAAAA ABAAAAAA ABAAAAAA ABAAAAAA ABAAAAAA 
                ABAAAAAA ABAAAAAA ABAAAAAA ABAAAAAA ABAAAAAA ABAAAAAA 
                AMAAAAAA ALAAAGAA ABAAAAAA ABAAAAAA ABAAAAAA ABAAAAAA 
                ABAAAAAA ABAAAAAA ABAAAAAA ABAAAAAA ABAAAAAA ABAAAAAA 
                ABAAAAAA ABAAAAAA 
            </column>
            <column x="63">
                ABAAAAAA ABAAAAAA ABAAAAAA ABAAAAAA ABAAAAAA ABAAAAAA 
                ABAAAAAA ABAAAAAA ABAAAAAA ABAAAAAA ABAAAAAA ABAAAAAA 
                ABAAAAAA ABAAAAAA ABAAAAAA ABAAAAAA ABAAAAAA ABAAAAAA 
                ABAAAAAA ABAAAAAA ABAAAAAA ABAAAAAA ABAAAAAA ABAAAAAA 
                ABAAAAAA ABAAAAAA ABAAAAAA ABAAAAAA ABAAAAAA ABAAAAAA 
                ABAAAAAA ABAAAAAA ABAAAAAA ABAAAAAA ABAAAAAA ABAAAAAA 
                ALAAAAAA ABAAAAAA ABAAAAAA ABAAAAAA ABAAAAAA ABAAAAAA 
                ABAAAAAA ABAAAAAA ABAAAAAA ABAAAAAA ABAAAAAA ABAAAAAA 
                ABAAAAAA ABAAAAAA 
            </column>
            <column x="64">
                ABAAAAAA ABAAAAAA ABAAAAAA ABAAAAAA ABAAAAAA ABAAAAAA 
                ABAAAAAA ABAAAAAA ABAAAAAA ABAAAAAA ABAAAAAA ABAAAAAA 
                ABAAAAAA ABAAAAAA ABAAAAAA ABAAAAAA ABAAAAAA ABAAAAAA 
                ABAAAAAA ABAAAAAA ABAAAAAA ABAAAAAA ABAAAAAA ABAAAAAA 
                ABAAAAAA ABAAAAAA ABAAAAAA ABAAAAAA ABAAAAAA ABAAAAAA 
                ABAAAAAA ABAAAAAA ABAAAAAA ABAAAAAA ABAAAAAA ABAAAAAA 
                ALAAAAAA ALAAAAAA ALAAAAAA ALAAAAAA ABAAAAAA ABAAAAAA 
                ALAAAAAA ALAAAAAA ALAAAAAA ALAAAAAA ABAAAAAA ABAAAAAA 
                ABAAAAAA ABAAAAAA 
            </column>
            <column x="65">
                ABAAAAAA ABAAAAAA ABAAAAAA ABAAAAAA ABAAAAAA ABAAAAAA 
                ABAAAAAA ABAAAAAA ABAAAAAA ABAAAAAA ABAAAAAA ABAAAAAA 
                ABAAAAAA ABAAAAAA ABAAAAAA ABAAAAAA ABAAAAAA ABAAAAAA 
                ABAAAAAA ABAAAAAA ABAAAAAA ABAAAAAA ABAAAAAA ABAAAAAA 
                ABAAAAAA ABAAAAAA ABAAAAAA ABAAAAAA ABAAAAAA ABAAAAAA 
                ABAAAAAA ABAAAAAA ABAAAAAA ABAAAAAA ABAAAAAA ABAAAAAA 
                ALAAAAAA ALAAAAAA ALAAAAAA AKAAAAAA ALAAAAAA ALAAAAAA 
                ALAAAAAA ALAAAAAA ALAAAAAA ALAAAAAA ABAAAAAA ABAAAAAA 
                ABAAAAAA ABAAAAAA 
            </column>
            <column x="66">
                ABAAAAAA ABAAAAAA ABAAAAAA ABAAAAAA ABAAAAAA ABAAAAAA 
                ABAAAAAA ABAAAAAA ABAAAAAA ABAAAAAA ABAAAAAA ABAAAAAA 
                ABAAAAAA ABAAAAAA ABAAAAAA ABAAAAAA ABAAAAAA ABAAAAAA 
                ABAAAAAA ABAAAAAA ABAAAAAA ABAAAAAA ABAAAAAA ABAAAAAA 
                ABAAAAAA ABAAAAAA ABAAAAAA ABAAAAAA ABAAAAAA ABAAAAAA 
                ABAAAAAA ABAAAAAA ABAAAAAA ABAAAAAA ABAAAAAA ABAAAAAA 
                ABAAAAAA ALAAAAAA ALAAAAAA ALAAAAAA ALAAAAAA ALAAAAAA 
                ALAAAAAA ALAAAAAA AKAAAAAA ALAAAAAA ALAAAAAA ABAAAAAA 
                ABAAAAAA ABAAAAAA 
            </column>
            <column x="67">
                ABAAAAAA ABAAAAAA ABAAAAAA ABAAAAAA ABAAAAAA ABAAAAAA 
                ABAAAAAA ABAAAAAA ABAAAAAA ABAAAAAA ABAAAAAA ABAAAAAA 
                ABAAAAAA ABAAAAAA ABAAAAAA ABAAAAAA ABAAAAAA ABAAAAAA 
                ABAAAAAA ABAAAAAA ABAAAAAA ABAAAAAA ABAAAAAA ABAAAAAA 
                ABAAAAAA ABAAAAAA ABAAAAAA ABAAAAAA ABAAAAAA ABAAAAAA 
                ABAAAAAA ABAAAAAA ABAAAAAA ABAAAAAA ABAAAAAA ABAAAAAA 
                ABAAAAAA ABAAAAAA ABAAAAAA ABAAAAAA ABAAAAAA ABAAAAAA 
                ABAAAAAA ABAAAAAA ABAAAAAA ALAAAAAA ABAAAAAA ABAAAAAA 
                ABAAAAAA ABAAAAAA 
            </column>
            <column x="68">
                ABAAAAAA ABAAAAAA ABAAAAAA ABAAAAAA ABAAAAAA ABAAAAAA 
                ABAAAAAA ABAAAAAA ABAAAAAA ABAAAAAA ABAAAAAA ABAAAAAA 
                ABAAAAAA ABAAAAAA ABAAAAAA ABAAAAAA ABAAAAAA ABAAAAAA 
                ABAAAAAA ABAAAAAA ABAAAAAA ABAAAAAA ABAAAAAA ABAAAAAA 
                ABAAAAAA ABAAAAAA ABAAAAAA ABAAAAAA ABAAAAAA ABAAAAAA 
                ABAAAAAA ABAAAAAA ABAAAAAA ABAAAAAA ABAAAAAA ABAAAAAA 
                ABAAAAAA ABAAAAAA ABAAAAAA ABAAAAAA ABAAAAAA ABAAAAAA 
                ABAAAAAA ABAAAAAA ABAAAAAA ALAAAAAA ABAAAAAA ABAAAAAA 
                ABAAAAAA ABAAAAAA 
            </column>
            <column x="69">
                ABAAAAAA ABAAAAAA ABAAAAAA ABAAAAAA ABAAAAAA ABAAAAAA 
                ABAAAAAA ABAAAAAA ABAAAAAA ABAAAAAA ABAAAAAA ABAAAAAA 
                ABAAAAAA ABAAAAAA ABAAAAAA ABAAAAAA ABAAAAAA ABAAAAAA 
                ABAAAAAA ABAAAAAA ABAAAAAA ABAAAAAA ABAAAAAA ABAAAAAA 
                ABAAAAAA ABAAAAAA ABAAAAAA ABAAAAAA ABAAAAAA ABAAAAAA 
                ABAAAAAA ABAAAAAA ABAAAAAA ABAAAAAA ABAAAAAA ABAAAAAA 
                ABAAAAAA ABAAAAAA ABAAAAAA ABAAAAAA ABAAAAAA ABAAAAAA 
                ABAAAAAA ABAAAAAA ALAAAAAA ABAAAAAA ABAAAAAA ABAAAAAA 
                ABAAAAAA ABAAAAAA 
            </column>
            <column x="70">
                ABAAAAAA ABAAAAAA ABAAAAAA ABAAAAAA ABAAAAAA ABAAAAAA 
                ABAAAAAA ABAAAAAA ABAAAAAA ABAAAAAA ABAAAAAA ABAAAAAA 
                ABAAAAAA ABAAAAAA ABAAAAAA ABAAAAAA ABAAAAAA ABAAAAAA 
                ABAAAAAA ABAAAAAA ABAAAAAA ABAAAAAA ABAAAAAA ABAAAAAA 
                ABAAAAAA ABAAAAAA ABAAAAAA ABAAAAAA ABAAAAAA ABAAAAAA 
                ABAAAAAA ABAAAAAA ABAAAAAA ABAAAAAA ABAAAAAA ABAAAAAA 
                ABAAAAAA ABAAAAAA ABAAAAAA ABAAAAAA ABAAAAAA ABAAAAAA 
                ABAAAAAA ABAAAAAA ABAAAAAA ALAAAAAA ABAAAAAA ABAAAAAA 
                ABAAAAAA ABAAAAAA 
            </column>
            <column x="71">
                ABAAAAAA ABAAAAAA ABAAAAAA ABAAAAAA ABAAAAAA ABAAAAAA 
                ABAAAAAA ABAAAAAA ABAAAAAA ABAAAAAA ABAAAAAA ABAAAAAA 
                ABAAAAAA ABAAAAAA ABAAAAAA ABAAAAAA ABAAAAAA ABAAAAAA 
                ABAAAAAA ABAAAAAA ABAAAAAA ABAAAAAA ABAAAAAA ABAAAAAA 
                ABAAAAAA ABAAAAAA ABAAAAAA ABAAAAAA ABAAAAAA ABAAAAAA 
                ABAAAAAA ABAAAAAA ABAAAAAA ABAAAAAA ABAAAAAA ABAAAAAA 
                ABAAAAAA ABAAAAAA ABAAAAAA ABAAAAAA ABAAAAAA ABAAAAAA 
                ABAAAAAA ABAAAAAA ALAAAAAA ALAAAAAA ABAAAAAA ABAAAAAA 
                ABAAAAAA ABAAAAAA 
            </column>
            <column x="72">
                ABAAAAAA ABAAAAAA ABAAAAAA ABAAAAAA ABAAAAAA ABAAAAAA 
                ABAAAAAA ABAAAAAA ABAAAAAA ABAAAAAA ABAAAAAA ABAAAAAA 
                ABAAAAAA ABAAAAAA ABAAAAAA ABAAAAAA ABAAAAAA ABAAAAAA 
                ABAAAAAA ABAAAAAA ABAAAAAA ABAAAAAA ABAAAAAA ABAAAAAA 
                ABAAAAAA ABAAAAAA ABAAAAAA ABAAAAAA ABAAAAAA ABAAAAAA 
                ABAAAAAA ABAAAAAA ABAAAAAA ABAAAAAA ABAAAAAA ABAAAAAA 
                ABAAAAAA ABAAAAAA ABAAAAAA ABAAAAAA ABAAAAAA ABAAAAAA 
                ABAAAAAA ABAAAAAA ALAAAAAA ABAAAAAA ABAAAAAA ABAAAAAA 
                ABAAAAAA ABAAAAAA 
            </column>
            <column x="73">
                ABAAAAAA ABAAAAAA ABAAAAAA ABAAAAAA ABAAAAAA ABAAAAAA 
                ABAAAAAA ABAAAAAA ABAAAAAA ABAAAAAA ABAAAAAA ABAAAAAA 
                ABAAAAAA ABAAAAAA ABAAAAAA ABAAAAAA ABAAAAAA ABAAAAAA 
                ABAAAAAA ABAAAAAA ABAAAAAA ABAAAAAA ABAAAAAA ABAAAAAA 
                ABAAAAAA ABAAAAAA ABAAAAAA ABAAAAAA ABAAAAAA ABAAAAAA 
                ABAAAAAA ABAAAAAA ABAAAAAA ABAAAAAA ABAAAAAA ABAAAAAA 
                ABAAAAAA ABAAAAAA ABAAAAAA ABAAAAAA ABAAAAAA ABAAAAAA 
                ABAAAAAA ALAAAAAA ABAAAAAA ABAAAAAA ABAAAAAA ALAAAAAA 
                AMAAAAAA ABAAAAAA 
            </column>
            <column x="74">
                ABAAAAAA ABAAAAAA ABAAAAAA ABAAAAAA ABAAAAAA ABAAAAAA 
                ABAAAAAA ABAAAAAA ABAAAAAA ABAAAAAA ABAAAAAA ABAAAAAA 
                ABAAAAAA ABAAAAAA ABAAAAAA ABAAAAAA ABAAAAAA ABAAAAAA 
                ABAAAAAA ABAAAAAA ABAAAAAA ABAAAAAA ABAAAAAA ABAAAAAA 
                ABAAAAAA ABAAAAAA ABAAAAAA ABAAAAAA ABAAAAAA ABAAAAAA 
                ABAAAAAA ABAAAAAA ABAAAAAA ABAAAAAA ABAAAAAA ABAAAAAA 
                ABAAAAAA ABAAAAAA ABAAAAAA ABAAAAAA ABAAAAAA ABAAAAAA 
                ALAAAAAA ALAAAAAA ABAAAAAA ABAAAAAA ABAAAAAA ALAAAAAA 
                ALAAABAA AMAAAAAA 
            </column>
            <column x="75">
                ABAAAAAA ABAAAAAA ABAAAAAA ABAAAAAA ABAAAAAA ABAAAAAA 
                ABAAAAAA ABAAAAAA ABAAAAAA ABAAAAAA ABAAAAAA ABAAAAAA 
                ABAAAAAA ABAAAAAA ABAAAAAA ABAAAAAA ABAAAAAA ABAAAAAA 
                ABAAAAAA ABAAAAAA ABAAAAAA ABAAAAAA ABAAAAAA ABAAAAAA 
                ABAAAAAA ABAAAAAA ABAAAAAA ABAAAAAA ABAAAAAA ABAAAAAA 
                ABAAAAAA ABAAAAAA ABAAAAAA ABAAAAAA ABAAAAAA ABAAAAAA 
                ABAAAAAA ABAAAAAA ABAAAAAA ABAAAAAA ABAAAAAA ALAAAAAA 
                ABAAAAAA ABAAAAAA ABAAAAAA ABAAAAAA ALAAAAAA ANAAAAAA 
                AMAAAAAA ABAAAAAA 
            </column>
            <column x="76">
                ABAAAAAA ABAAAAAA ABAAAAAA ABAAAAAA ABAAAAAA ABAAAAAA 
                ABAAAAAA ABAAAAAA ABAAAAAA ABAAAAAA ABAAAAAA ABAAAAAA 
                ABAAAAAA ABAAAAAA ABAAAAAA ABAAAAAA ABAAAAAA ABAAAAAA 
                ABAAAAAA ABAAAAAA ABAAAAAA ABAAAAAA ABAAAAAA ABAAAAAA 
                ABAAAAAA ABAAAAAA ABAAAAAA ABAAAAAA ABAAAAAA ABAAAAAA 
                ABAAAAAA ABAAAAAA ABAAAAAA ABAAAAAA ABAAAAAA ABAAAAAA 
                ABAAAAAA ABAAAAAA ABAAAAAA ABAAAAAA ABAAAAAA ALAAAAAA 
                ABAAAAAA ABAAAAAA ABAAAAAA ALAAAAAA ALAAAAAA ANAAAAAA 
                ANAAABAA ABAAAAAA 
            </column>
            <column x="77">
                ABAAAAAA ABAAAAAA ABAAAAAA ABAAAAAA ABAAAAAA ABAAAAAA 
                ABAAAAAA ABAAAAAA ABAAAAAA ABAAAAAA ABAAAAAA ABAAAAAA 
                ABAAAAAA ABAAAAAA ABAAAAAA ABAAAAAA ABAAAAAA ABAAAAAA 
                ABAAAAAA ABAAAAAA ABAAAAAA ABAAAAAA ABAAAAAA ABAAAAAA 
                ABAAAAAA ABAAAAAA ABAAAAAA ABAAAAAA ABAAAAAA ABAAAAAA 
                ABAAAAAA ABAAAAAA ABAAAAAA ABAAAAAA ABAAAAAA ABAAAAAA 
                ABAAAAAA ABAAAAAA ABAAAAAA ABAAAAAA ABAAAAAA ALAAAAAA 
                ABAAAAAA ABAAAAAA ALAAABAA ANAAAAAA ANAAAAAA ANAAABAA 
                ABAAAAAA ABAAAAAA 
            </column>
            <column x="78">
                ABAAAAAA ABAAAAAA ABAAAAAA ABAAAAAA ABAAAAAA ABAAAAAA 
                ABAAAAAA ABAAAAAA ABAAAAAA ABAAAAAA ABAAAAAA ABAAAAAA 
                ABAAAAAA ABAAAAAA ABAAAAAA ABAAAAAA ABAAAAAA ABAAAAAA 
                ABAAAAAA ABAAAAAA ABAAAAAA ABAAAAAA ABAAAAAA ABAAAAAA 
                ABAAAAAA ABAAAAAA ABAAAAAA ABAAAAAA ABAAAAAA ABAAAAAA 
                ABAAAAAA ABAAAAAA ABAAAAAA ABAAAAAA ABAAAAAA ABAAAAAA 
                ABAAAAAA ABAAAAAA ABAAAAAA ABAAAAAA ALAAAAAA ALAAAAAA 
                ABAAAAAA ABAAAAAA ALAAAAAA ANAAABAA ANAAABAA ANAAAAAA 
                ANAAAAAA ABAAAAAA 
            </column>
            <column x="79">
                ABAAAAAA ABAAAAAA ABAAAAAA ABAAAAAA ABAAAAAA ABAAAAAA 
                ABAAAAAA ABAAAAAA ABAAAAAA ABAAAAAA ABAAAAAA ABAAAAAA 
                ABAAAAAA ABAAAAAA ABAAAAAA ABAAAAAA ABAAAAAA ABAAAAAA 
                ABAAAAAA ABAAAAAA ABAAAAAA ABAAAAAA ABAAAAAA ABAAAAAA 
                ABAAAAAA ABAAAAAA ABAAAAAA ABAAAAAA ABAAAAAA ABAAAAAA 
                ABAAAAAA ABAAAAAA ABAAAAAA ABAAAAAA ABAAAAAA ABAAAAAA 
                ABAAAAAA ABAAAAAA ABAAAAAA ABAAAAAA ABAAAAAA ABAAAAAA 
                ABAAAAAA ABAAAAAA ALAAAAAA ANAAABAA ALAAAAAA AKAAAAAA 
                ABAAAAAA ABAAAAAA 
            </column>
            <column x="80">
                ABAAAAAA ABAAAAAA ABAAAAAA ABAAAAAA ABAAAAAA ABAAAAAA 
                ABAAAAAA ABAAAAAA ABAAAAAA ABAAAAAA ABAAAAAA ABAAAAAA 
                ABAAAAAA ABAAAAAA ABAAAAAA ABAAAAAA ABAAAAAA ABAAAAAA 
                ABAAAAAA ABAAAAAA ABAAAAAA ABAAAAAA ABAAAAAA ABAAAAAA 
                ABAAAAAA ABAAAAAA ABAAAAAA ABAAAAAA ABAAAAAA ABAAAAAA 
                ABAAAAAA ABAAAAAA ABAAAAAA ABAAAAAA ABAAAAAA ABAAAAAA 
                ABAAAAAA ABAAAAAA ABAAAAAA ABAAAAAA ABAAAAAA ABAAAAAA 
                ABAAAAAA ABAAAAAA ABAAAAAA ALAAAAAA ANAAABAA ANAAAAAA 
                ALAAAGAA ABAAAAAA 
            </column>
            <column x="81">
                ABAAAAAA ABAAAAAA ABAAAAAA ABAAAAAA ABAAAAAA ABAAAAAA 
                ABAAAAAA ABAAAAAA ABAAAAAA ABAAAAAA ABAAAAAA ABAAAAAA 
                ABAAAAAA ABAAAAAA ABAAAAAA ABAAAAAA ABAAAAAA ABAAAAAA 
                ABAAAAAA ABAAAAAA ABAAAAAA ABAAAAAA ABAAAAAA ABAAAAAA 
                ABAAAAAA ABAAAAAA ABAAAAAA ABAAAAAA ABAAAAAA ABAAAAAA 
                ABAAAAAA ABAAAAAA ABAAAAAA ABAAAAAA ABAAAAAA ABAAAAAA 
                ABAAAAAA ABAAAAAA ABAAAAAA ABAAAAAA ABAAAAAA ABAAAAAA 
                ABAAAAAA ABAAAAAA ABAAAAAA ALAAAAAA ALAAABAA ALAAAGAA 
                ALAAAGAA ABAAAAAA 
            </column>
            <column x="82">
                ABAAAAAA ABAAAAAA ABAAAAAA ABAAAAAA ABAAAAAA ABAAAAAA 
                ABAAAAAA ABAAAAAA ABAAAAAA ABAAAAAA ABAAAAAA ABAAAAAA 
                ABAAAAAA ABAAAAAA ABAAAAAA ABAAAAAA ABAAAAAA ABAAAAAA 
                ABAAAAAA ABAAAAAA ABAAAAAA ABAAAAAA ABAAAAAA ABAAAAAA 
                ABAAAAAA ABAAAAAA ABAAAAAA ABAAAAAA ABAAAAAA ABAAAAAA 
                ABAAAAAA ABAAAAAA ABAAAAAA ABAAAAAA ABAAAAAA ABAAAAAA 
                ABAAAAAA ABAAAAAA ABAAAAAA ABAAAAAA ABAAAAAA ABAAAAAA 
                ABAAAAAA ABAAAAAA ABAAAAAA ABAAAAAA ALAAAAAA ALAAAAAA 
                ALAAAGAA ABAAAAAA 
            </column>
            <column x="83">
                ABAAAAAA ABAAAAAA ABAAAAAA ABAAAAAA ABAAAAAA ABAAAAAA 
                ABAAAAAA ABAAAAAA ABAAAAAA ABAAAAAA ABAAAAAA ABAAAAAA 
                ABAAAAAA ABAAAAAA ABAAAAAA ABAAAAAA ABAAAAAA ABAAAAAA 
                ABAAAAAA ABAAAAAA ABAAAAAA ABAAAAAA ABAAAAAA ABAAAAAA 
                ABAAAAAA ABAAAAAA ABAAAAAA ABAAAAAA ABAAAAAA ABAAAAAA 
                ABAAAAAA ABAAAAAA ABAAAAAA ABAAAAAA ABAAAAAA ABAAAAAA 
                ABAAAAAA ABAAAAAA ABAAAAAA ABAAAAAA ABAAAAAA ABAAAAAA 
                ABAAAAAA ABAAAAAA ABAAAAAA ABAAAAAA ABAAAAAA ABAAAAAA 
                ABAAAAAA ABAAAAAA 
            </column>
        </tiles>
    </tileset>

    <sites>
        <site type="20" x="15" y="19">
            <name>Kustan</name>
            <description>Unknown</description>
        </site>
        <site type="11" x="16" y="28">
            <name>Ithius</name>
            <description>Unknown</description>
        </site>
        <site type="10" x="17" y="26">
            <name>Tormau</name>
            <description>Unknown</description>
        </site>
        <site type="10" x="17" y="28">
            <name>Ithiko</name>
            <description>Unknown</description>
        </site>
        <site type="11" x="18" y="28">
            <name>Zaza</name>
            <description>Unknown</description>
        </site>
        <site type="10" x="20" y="42">
            <name>Sarkum</name>
            <description>Unknown</description>
        </site>
        <site type="10" x="21" y="32">
            <name>Selvos</name>
            <description>Unknown</description>
        </site>
        <site type="11" x="22" y="31">
            <name>Henwe</name>
            <description>Unknown</description>
        </site>
        <site type="11" x="22" y="32">
            <name>Hyen</name>
            <description>Unknown</description>
        </site>
        <site type="20" x="22" y="33">
            <name>Tesien</name>
            <description>Unknown</description>
        </site>
        <site type="11" x="22" y="35">
            <name>Dunir</name>
            <description>Unknown</description>
        </site>
        <site type="11" x="22" y="41">
            <name>Hebon</name>
            <description>Unknown</description>
        </site>
        <site type="10" x="23" y="28">
            <name>Shostim</name>
            <description>Unknown</description>
        </site>
        <site type="2" x="23" y="30">
            <name>Golotha</name>
            <description>Unknown</description>
        </site>
        <site type="10" x="24" y="32">
            <name>Menekod</name>
            <description>Unknown</description>
        </site>
        <site type="11" x="25" y="36">
            <name>Sepire</name>
            <description>Unknown</description>
        </site>
        <site type="11" x="25" y="41">
            <name>Avertu</name>
            <description>Unknown</description>
        </site>
        <site type="11" x="26" y="38">
            <name>Chison</name>
            <description>Unknown</description>
        </site>
        <site type="11" x="26" y="41">
            <name>Gimon</name>
            <description>Unknown</description>
        </site>
        <site type="11" x="27" y="33">
            <name>Quivum</name>
            <description>Unknown</description>
        </site>
        <site type="11" x="27" y="34">
            <name>Ohetis</name>
            <description>Unknown</description>
        </site>
        <site type="10" x="27" y="35">
            <name>Dyrisa</name>
            <description>Unknown</description>
        </site>
        <site type="11" x="27" y="36">
            <name>Pinide</name>
            <description>Unknown</description>
        </site>
        <site type="11" x="27" y="38">
            <name>Findumon</name>
            <description>Unknown</description>
        </site>
        <site type="11" x="27" y="39">
            <name>Torthan</name>
            <description>Unknown</description>
        </site>
        <site type="11" x="27" y="40">
            <name>Minilaous</name>
            <description>Unknown</description>
        </site>
        <site type="11" x="28" y="36">
            <name>Edino</name>
            <description>Unknown</description>
        </site>
        <site type="11" x="28" y="38">
            <name>Kedis</name>
            <description>Unknown</description>
        </site>
        <site type="11" x="28" y="39">
            <name>Cuton</name>
            <description>Unknown</description>
        </site>
        <site type="11" x="29" y="37">
            <name>Sumon</name>
            <description>Unknown</description>
        </site>
        <site type="2" x="29" y="38">
            <name>Aleath</name>
            <description>Unknown</description>
        </site>
        <site type="10" x="30" y="28">
            <name>Imrian</name>
            <description>Unknown</description>
        </site>
        <site type="11" x="30" y="33">
            <name>Eidru</name>
            <description>Unknown</description>
        </site>
        <site type="11" x="32" y="32">
            <name>Hibut</name>
            <description>Unknown</description>
        </site>
        <site type="10" x="32" y="33">
            <name>Moleryn</name>
            <description>Unknown</description>
        </site>
        <site type="11" x="32" y="34">
            <name>Ibonost</name>
            <description>Unknown</description>
        </site>
        <site type="11" x="34" y="31">
            <name>Chenad</name>
            <description>Unknown</description>
        </site>
        <site type="11" x="35" y="25">
            <name>Stimos</name>
            <description>Unknown</description>
        </site>
        <site type="10" x="35" y="30">
            <name>Telen</name>
            <description>Unknown</description>
        </site>
        <site type="20" x="37" y="33">
            <name>Taztos</name>
            <description>Unknown</description>
        </site>
        <site type="2" x="38" y="28">
            <name>Shiran</name>
            <description>Unknown</description>
        </site>
        <site type="10" x="41" y="27">
            <name>Firis</name>
            <description>Unknown</description>
        </site>
        <site type="20" x="46" y="32">
            <name>Pesino</name>
            <description>Unknown</description>
        </site>
    </sites>
</map>
