<?xml version="1.0"?>
<map>
    <header>
        <name>Harn</name>
        <author>Samuel Penn</author>
        <id>harn.54345</id>
        <parent>none</parent>
        <cvs>
            <version>$Revision$</version>
            <date>$Date$</date>
        </cvs>
        <format>0.0.3</format>
    </header>
    <terrainset id="basic" path=".">
        <terrain id="0">
            <name>null</name>
            <description>Unchartable</description>
            <image>hex.png</image>
            <solid value="false"/>
        </terrain>
        <terrain id="1">
            <name>sea.ocean</name>
            <description>Ocean</description>
            <image>ocean.png</image>
            <solid value="false"/>
        </terrain>
        <terrain id="2">
            <name>sea.sea</name>
            <description>Sea</description>
            <image>sea.png</image>
            <solid value="false"/>
        </terrain>
        <terrain id="5">
            <name>sea.island</name>
            <description>Island</description>
            <image>island.png</image>
            <solid value="false"/>
        </terrain>
        <terrain id="6">
            <name>Islands</name>
            <description>Islands</description>
            <image>islands.png</image>
            <solid value="false"/>
        </terrain>
        <terrain id="10">
            <name>clear.flat</name>
            <description>Cropland</description>
            <image>cropland.png</image>
            <solid value="false"/>
        </terrain>
        <terrain id="11">
            <name>clear.wooded</name>
            <description>Mixed woods</description>
            <image>woods.png</image>
            <solid value="false"/>
        </terrain>
        <terrain id="20">
            <name>wild.heath</name>
            <description>Heath</description>
            <image>heath.png</image>
            <solid value="false"/>
        </terrain>
        <terrain id="21">
            <name>wild.moor</name>
            <description>Moor</description>
            <image>moor.png</image>
            <solid value="false"/>
        </terrain>
        <terrain id="22">
            <name>wild.marsh</name>
            <description>Marshland</description>
            <image>marsh.png</image>
            <solid value="false"/>
        </terrain>
        <terrain id="30">
            <name>woods.light</name>
            <description>Light woods</description>
            <image>lightwoods.png</image>
            <solid value="false"/>
        </terrain>
        <terrain id="31">
            <name>woods.medium</name>
            <description>Medium woods</description>
            <image>mediumwoods.png</image>
            <solid value="false"/>
        </terrain>
        <terrain id="32">
            <name>woods.thick</name>
            <description>Thick woods</description>
            <image>thickwoods.png</image>
            <solid value="false"/>
        </terrain>
        <terrain id="40">
            <name>mountains.foot</name>
            <description>Foot hills</description>
            <image>hills.png</image>
            <solid value="false"/>
        </terrain>
        <terrain id="41">
            <name>mountains.low</name>
            <description>Low mountains</description>
            <image>hills.png</image>
            <solid value="false"/>
        </terrain>
    </terrainset>
    <terrainset id="places" path="places">
        <terrain id="0">
            <name>null</name>
            <description>Empty</description>
            <image>hex.png</image>
            <solid value="false"/>
        </terrain>
        <terrain id="1">
            <name>town.village</name>
            <description>Village</description>
            <image>village.png</image>
            <solid value="false"/>
        </terrain>
        <terrain id="2">
            <name>town.walled</name>
            <description>Walled town</description>
            <image>town.png</image>
            <solid value="false"/>
        </terrain>
        <terrain id="10">
            <name>castle.keep</name>
            <description>Small keep</description>
            <image>keep.png</image>
            <solid value="false"/>
        </terrain>
        <terrain id="11">
            <name>castle.castle</name>
            <description>Castle</description>
            <image>castle.png</image>
            <solid value="false"/>
        </terrain>
        <terrain id="20">
            <name>misc.interest</name>
            <description>Point of interest</description>
            <image>point-of-interest.png</image>
            <solid value="false"/>
        </terrain>
        <terrain id="30">
            <name>marker.peak</name>
            <description>Peak</description>
            <image>peak.png</image>
            <solid value="false"/>
        </terrain>
    </terrainset>
    <tileset id="root">
        <dimensions>
            <scale>20</scale>
            <width>86</width>
            <height>52</height>
        </dimensions>
        <tiles>
            <column x="0">
                ABYagAAA ABYagAAA ABYagAAA ABYagAAA ABYagAAA ABYagAAA 
                ABYagAAA ABYagAAA ABYagAAA ABYagAAA ABYagAAA ABYagAAA 
                ABYagAAA ABYagAAA ABYagAAA ABYagAAA ABYagAAA ABYagAAA 
                ABYagAAA ABYagAAA ABYagAAA ABYagAAA ABYagAAA ABYagAAA 
                ABYagAAA ABYagAAA ABYagAAA ABYagAAA ABYagAAA ABYagAAA 
                ABYagAAA ABYagAAA ABYagAAA ABYagAAA ABYagAAA ABYagAAA 
                ABYagAAA ABYagAAA ABYagAAA ABYagAAA ABYagAAA ABYagAAA 
                ABYagAAA ABYagAAA ABYagAAA ABYagAAA ABYagAAA ABYagAAA 
                ABYagAAA ABYagAAA ABYagAAA ABYagAAA 
            </column>
            <column x="1">
                ABYagAAA ABYagAAA ABYagAAA ABYagAAA ABYagAAA ABYagAAA 
                ABYagAAA ABYagAAA ABYagAAA ABYagAAA ABYagAAA ABYagAAA 
                ABYagAAA ABYagAAA ABYagAAA ABYagAAA ABYagAAA ABYagAAA 
                ABYagAAA ABYagAAA ABYagAAA ABYagAAA ABYagAAA ABYagAAA 
                ABYagAAA ABYagAAA ABYagAAA ABYagAAA ABYagAAA ABYagAAA 
                ABYagAAA ABYagAAA ABYagAAA ABYagAAA ABYagAAA ABYagAAA 
                ABYagAAA ABYagAAA ABYagAAA ABYagAAA ABYagAAA ABYagAAA 
                ABYagAAA ABYagAAA ABYagAAA ABYagAAA ABYagAAA ABYagAAA 
                ABYagAAA ABYagAAA ABYagAAA ABYagAAA 
            </column>
            <column x="2">
                ABYagAAA ABYagAAA ABYagAAA ABYagAAA ABYagAAA ABYagAAA 
                ABYagAAA ABYagAAA ABYagAAA ABYagAAA ABYagAAA ABYagAAA 
                ABYagAAA ABYagAAA ABYagAAA AFYagAAA ABYagAAA AGYagAAA 
                ABYagAAA AFYagAAA ABYagAAA ABYagAAA ABYagAAA ABYagAAA 
                ABYagAAA ABYagAAA ABYagAAA ABYagAAA ABYagAAA ABYagAAA 
                ABYagAAA ABYagAAA ABYagAAA ABYagAAA ABYagAAA ABYagAAA 
                ABYagAAA ABYagAAA ABYagAAA ABYagAAA ABYagAAA ABYagAAA 
                ABYagAAA ABYagAAA ABYagAAA ABYagAAA ABYagAAA ABYagAAA 
                ABYagAAA ABYagAAA ABYagAAA ABYagAAA 
            </column>
            <column x="3">
                ABYagAAA ABYagAAA ABYagAAA ABYagAAA ABYagAAA ABYagAAA 
                ABYagAAA ABYagAAA ABYagAAA ABYagAAA ABYagAAA ABYagAAA 
                ABYagAAA ABYagAAA ABYagAAA ABYagAAA ABYagAAA AFYagAAA 
                ABYagAAA AGYagAAA ABYagAAA ABYagAAA ABYagAAA ABYagAAA 
                ABYagAAA ABYagAAA ABYagAAA ABYagAAA ABYagAAA ABYagAAA 
                ABYagAAA ABYagAAA ABYagAAA ABYagAAA ABYagAAA ABYagAAA 
                ABYagAAA ABYagAAA ABYagAAA ABYagAAA ABYagAAA ABYagAAA 
                ABYagAAA ABYagAAA ABYagAAA ABYagAAA ABYagAAA ABYagAAA 
                ABYagAAA ABYagAAA ABYagAAA ABYagAAA 
            </column>
            <column x="4">
                ABYagAAA ABYagAAA ABYagAAA ABYagAAA ABYagAAA ABYagAAA 
                ABYagAAA ABYagAAA ABYagAAA ABYagAAA ABYagAAA ABYagAAA 
                ABYagAAA ABYagAAA ABYagAAA ABYagAAA ABYagAAA ABYagAAA 
                ABYagAAA ABYagAAA ABYagAAA AFYagAAA ABYagAAA ABYagAAA 
                ABYagAAA ABYagAAA ABYagAAA ABYagAAA ABYagAAA ABYagAAA 
                ABYagAAA ABYagAAA ABYagAAA ABYagAAA ABYagAAA ABYagAAA 
                ABYagAAA ABYagAAA ABYagAAA ABYagAAA ABYagAAA ABYagAAA 
                ABYagAAA ABYagAAA ABYagAAA ABYagAAA ABYagAAA ABYagAAA 
                ABYagAAA ABYagAAA ABYagAAA ABYagAAA 
            </column>
            <column x="5">
                ABYagAAA ABYagAAA ABYagAAA ABYagAAA ABYagAAA ABYagAAA 
                ABYagAAA ABYagAAA ABYagAAA ABYagAAA ABYagAAA ABYagAAA 
                ABYagAAA ABYagAAA ABYagAAA ABYagAAA ABYagAAA ABYagAAA 
                ABYagAAA AFYagAAA ABYagAAA ABYagAAA ABYagAAA ABYagAAA 
                ABYagAAA ABYagAAA ABYagAAA ABYagAAA ABYagAAA ABYagAAA 
                ABYagAAA ABYagAAA ABYagAAA ABYagAAA ABYagAAA ABYagAAA 
                ABYagAAA ABYagAAA ABYagAAA ABYagAAA ABYagAAA ABYagAAA 
                ABYagAAA ABYagAAA ABYagAAA ABYagAAA ABYagAAA ABYagAAA 
                ABYagAAA ABYagAAA ABYagAAA ABYagAAA 
            </column>
            <column x="6">
                ABYagAAA ABYagAAA ABYagAAA ABYagAAA ABYagAAA ABYagAAA 
                ABYagAAA ABYagAAA ABYagAAA ABYagAAA ABYagAAA ABYagAAA 
                ABYagAAA ABYagAAA ABYagAAA ABYagAAA ABYagAAA ABYagAAA 
                ABYagAAA ACYagAAA ACYagAAA AGYagAAA ACYagAAA ACYagAAA 
                ABYagAAA ABYagAAA ABYagAAA ABYagAAA ABYagAAA ABYagAAA 
                ABYagAAA ABYagAAA ABYagAAA ABYagAAA ABYagAAA ABYagAAA 
                ABYagAAA ABYagAAA ABYagAAA ABYagAAA ABYagAAA ABYagAAA 
                ABYagAAA ABYagAAA ABYagAAA ABYagAAA ABYagAAA ABYagAAA 
                AUYagAAA AUYagAAA AUYagAAA ABYagAAA 
            </column>
            <column x="7">
                ABYagAAA ABYagAAA ABYagAAA ABYagAAA ABYagAAA ABYagAAA 
                ABYagAAA ABYagAAA ABYagAAA ABYagAAA ABYagAAA ABYagAAA 
                ABYagAAA ABYagAAA ABYagAAA ABYagAAA ABYagAAA ABYagAAA 
                ABYagAAA AeYagAAA AeYagAAA ACYagAAA ACYagAAA ACYagAAA 
                ABYagAAA ABYagAAA ACYagAAA ABYagAAA ABYagAAA ABYagAAA 
                ABYagAAA ABYagAAA ABYagAAA ABYagAAA ABYagAAA ABYagAAA 
                ABYagAAA ABYagAAA ABYagAAA ABYagAAA ABYagAAA ABYagAAA 
                ABYagAAA ABYagAAA ABYagAAA ABYagAAA ABYagAAA ABYagAAA 
                AeYagAAA AeYagAAA ABYagAAA ABYagAAA 
            </column>
            <column x="8">
                ABYagAAA ABYagAAA ABYagAAA ABYagAAA ABYagAAA ABYagAAA 
                ABYagAAA ABYagAAA ABYagAAA ABYagAAA ABYagAAA ABYagAAA 
                ABYagAAA ABYagAAA ABYagAAA ABYagAAA ABYagAAA ABYagAAA 
                ACYagAAA ACYagAAA AeYagAAA AeYagAAA ACYagAAA ACYagAAA 
                ACYagAAA ACYagAAA ACYagAAA ACYagAAA ACYagAAA ACYagAAA 
                ACYagAAA ABYagAAA ABYagAAA ABYagAAA ABYagAAA ABYagAAA 
                ABYagAAA ABYagAAA ABYagAAA ABYagAAA ABYagAAA ABYagAAA 
                ABYagAAA ABYagAAA ABYagAAA ABYagAAA ABYagAAA ABYagAAA 
                ABYagAAA ABYagAAA ABYagAAA ABYagAAA 
            </column>
            <column x="9">
                ABYagAAA ABYagAAA ABYagAAA ABYagAAA ABYagAAA ABYagAAA 
                ABYagAAA ABYagAAA ABYagAAA ABYagAAA ABYagAAA ABYagAAA 
                ABYagAAA ABYagAAA ABYagAAA ABYagAAA ABYagAAA ABYagAAA 
                ACYagAAA AeYagAAA AeYagAAA AeYagAAA AeYagAAA AeYagAAA 
                ACYagAAA ACYagAAA ACYagAAA ACYagAAA AFYagAAA AFYagAAA 
                ACYagAAA ABYagAAA ABYagAAA ABYagAAA ABYagAAA ABYagAAA 
                ABYagAAA ABYagAAA ABYagAAA ABYagAAA ABYagAAA ABYagAAA 
                ABYagAAA ABYagAAA ABYagAAA ABYagAAA ABYagAAA ABYagAAA 
                AeYagAAA ABYagAAA ABYagAAA ABYagAAA 
            </column>
            <column x="10">
                ABYagAAA ABYagAAA ABYagAAA ABYagAAA ABYagAAA ABYagAAA 
                ABYagAAA ABYagAAA ABYagAAA ABYagAAA ABYagAAA ABYagAAA 
                ABYagAAA ABYagAAA ABYagAAA ABYagAAA ABYagAAA ACYagAAA 
                ACYagAAA ACYagAAA AeYagAAA AfYagAAA AfYagAAA AfYagAAA 
                AeYagAAA ACYagAAA ACYagAAA ACYagAAA ACYagAAA AFYagAAA 
                AGYagAAA ACYagAAA ABYagAAA ABYagAAA ABYagAAA ABYagAAA 
                ABYagAAA ABYagAAA ABYagAAA ABYagAAA ABYagAAA ABYagAAA 
                ABYagAAA ABYagAAA AUYagAAA AUYagAAA AUYagAAA AUYagAAA 
                ABYagAAA ABYagAAA ABYagAAA ABYagAAA 
            </column>
            <column x="11">
                ABYagAAA ABYagAAA ABYagAAA ABYagAAA ABYagAAA ABYagAAA 
                ABYagAAA ABYagAAA ABYagAAA ABYagAAA ABYagAAA ABYagAAA 
                ABYagAAA ABYagAAA ABYagAAA ABYagAAA ABYagAAA ACYagAAA 
                ACYagAAA AFYagAAA AeYagAAA AfYagAAA AfYagAAA AfYagAAA 
                AeYagAAA AFYagAAA ACYagAAA ACYagAAA AGYagAAA ACYagAAA 
                ACYagAAA ACYagAAA ABYagAAA ABYagAAA ABYagAAA ABYagAAA 
                ABYagAAA ABYagAAA ABYagAAA ABYagAAA ABYagAAA ABYagAAA 
                ABYagAAA AUYagAAA AeYagAAA AKYagAAA AeYagAAA AeYagAAA 
                ABYagAAA ABYagAAA ABYagAAA ABYagAAA 
            </column>
            <column x="12">
                ABYagAAA ABYagAAA ABYagAAA ABYagAAA ABYagAAA ABYagAAA 
                ABYagAAA ABYagAAA ABYagAAA ABYagAAA ABYagAAA ABYagAAA 
                ABYagAAA ABYagAAA ABYagAAA ABYagAAA ABYagAAA ACYagAAA 
                ACYagAAA ACYagAAA AeYagAAA AfYagAAA AfYagAAA AfYagAAA 
                AfYagAAA AeYagAAA ACYagAAA ACYagAAA ACYagAAA AGYagAAA 
                AGYagAAA AFYagAAA ACYagAAA ABYagAAA ABYagAAA ABYagAAA 
                ABYagAAA ABYagAAA ABYagAAA ABYagAAA ABYagAAA ABYagAAA 
                ABYagAAA AeYagAAA AeYagAAA AKYagAAA AKYagAAA AeYagAAA 
                AeYagAAA ABYagAAA ABYagAAA ABYagAAA 
            </column>
            <column x="13">
                ABYagAAA ABYagAAA ABYagAAA ABYagAAA ABYagAAA ABYagAAA 
                ABYagAAA ABYagAAA ABYagAAA ABYagAAA ABYagAAA ABYagAAA 
                ABYagAAA ABYagAAA ABYagAAA ABYagAAA ACYagAAA ACYagAAA 
                ACYagAAA ACYagAAA AeYagAAA AfYagAAA AfYagAAA AfYagAAA 
                AfYagAAA AfYagAAA ACYagAAA ACYagAAA ACYagAAA ALYagAAA 
                AFYagAAA ACYagAAA ACYagAAA ABYagAAA ABYagAAA ABYagAAA 
                ABYagAAA ABYagAAA ABYagAAA ABYagAAA ABYagAAA ABYagAAA 
                AeYagAAA AeYagAAA AKYagAAA AKYagAAA AeYagAAA AeYagAAA 
                ABYagAAA ABYagAAA ABYagAAA ABYagAAA 
            </column>
            <column x="14">
                ABYagAAA ABYagAAA ABYagAAA ABYagAAA ABYagAAA ABYagAAA 
                ABYagAAA ABYagAAA ABYagAAA ABYagAAA ABYagAAA ABYagAAA 
                ABYagAAA ABYagAAA ABYagAAA ABYagAAA ACYagAAA ACYagAAA 
                AFYagAAA ACYagAAA AeYagAAA AfYagAAA AfYagAAA AfYagAAA 
                AfYagAAA AfYagAAA AeYagAAA ACYagAAA ACYagAAA ACYagAAA 
                ACYagAAA ACYagAAA ACYagAAA ACYagAAA ABYagAAA ABYagAAA 
                ABYagAAA ABYagAAA ABYagAAA ABYagAAA ABYagAAA ABYagAAA 
                ABYagAAA AeYagAAA AKYagAAA AKYagAAA ABYagAAA ABYagAAA 
                ABYagAAA AeYagAAA ABYagAAA ABYagAAA 
            </column>
            <column x="15">
                ABYagAAA ABYagAAA ABYagAAA ABYagAAA ABYagAAA ABYagAAA 
                ABYagAAA ABYagAAA ABYagAAA ABYagAAA ABYagAAA ABYagAAA 
                ABYagAAA ABYagAAA ABYagAAA ABYagAAA ABYagAAA ACYagAAA 
                ACYagAAA AeYagAAA AeYagAAA AfYagAAA AfYagAAA AfYagAAA 
                AfYagAAA AeYagAAA ACYagAAA ACYagAAA ACYagAAA AFYagAAA 
                ALYagAAA ACYagAAA ACYagAAA ACYagAAA ABYagAAA ABYagAAA 
                ABYagAAA ABYagAAA ABYagAAA ABYagAAA ABYagAAA ABYagAAA 
                ABYagAAA AeYagAAA AKYagAAA AKYagAAA ABYagAAA ABYagAAA 
                ABYagAAA ABYagAAA ABYagAAA ABYagAAA 
            </column>
            <column x="16">
                ABYagAAA ABYagAAA ABYagAAA ABYagAAA ABYagAAA ABYagAAA 
                ABYagAAA ABYagAAA ABYagAAA ABYagAAA ABYagAAA ABYagAAA 
                ABYagAAA ABYagAAA ABYagAAA ABYagAAA ABYagAAA ACYagAAA 
                ACYagAAA ACYagAAA AeYagAAA AfYagAAA AfYagAAA AfYagAAA 
                AfYagAAA AfYagAAA AeYagAAA ACYagAAA ACYagAAA AGYagAAA 
                ACYagAAA ACYagAAA ACYagAAA ACYagAAA ABYagAAA ABYagAAA 
                ABYagAAA ABYagAAA ABYagAAA ABYagAAA ABYagAAA ABYagAAA 
                ABYagAAA ABYagAAA ACYagAAA ACYagAAA ACYagAAA ABYagAAA 
                ABYagAAA ABYagAAA ABYagAAA ABYagAAA 
            </column>
            <column x="17">
                ABYagAAA ABYagAAA ABYagAAA ABYagAAA ABYagAAA ABYagAAA 
                ABYagAAA ABYagAAA ABYagAAA ABYagAAA ABYagAAA ABYagAAA 
                ABYagAAA ABYagAAA ABYagAAA ABYagAAA ABYagAAA ACYagAAA 
                ACYagAAA ACYagAAA AeYagAAA AfYagAAA AfYagAAA AfYagAAA 
                AfYagAAA AfYagAAA ACYagAAA ACYagAAA ACYagAAA ACYagAAA 
                AKYagAAA ACYagAAA ACYagAAA ACYagAAA ABYagAAA ABYagAAA 
                ABYagAAA ABYagAAA ABYagAAA ABYagAAA ABYagAAA ABYagAAA 
                ABYagAAA ACYagAAA ACYagAAA ACYagAAA ABYagAAA ABYagAAA 
                ABYagAAA ABYagAAA ABYagAAA ABYagAAA 
            </column>
            <column x="18">
                ABYagAAA ABYagAAA ABYagAAA ABYagAAA ABYagAAA ABYagAAA 
                ABYagAAA ABYagAAA ABYagAAA ABYagAAA ABYagAAA ABYagAAA 
                ABYagAAA ABYagAAA ABYagAAA ABYagAAA ABYagAAA ACYagAAA 
                ACYagAAA ACYagAAA ACYagAAA AeYagAAA AfYagAAA AfYagAAA 
                AfYagAAA AeYagAAA AeYagAAA AeYagAAA AeYagAAA AKYagAAA 
                ALYagAAA AKYagAAA ACYagAAA ACYagAAA ACYagAAA ABYagAAA 
                ABYagAAA ABYagAAA ABYagAAA ABYagAAA ABYagAAA ABYagAAA 
                ACYagAAA ACYagAAA ACYagAAA ACYagAAA ACYagAAA ABYagAAA 
                ABYagAAA ABYagAAA ABYagAAA ABYagAAA 
            </column>
            <column x="19">
                ABYagAAA ABYagAAA ABYagAAA ABYagAAA ABYagAAA ABYagAAA 
                ABYagAAA ABYagAAA ABYagAAA ABYagAAA ABYagAAA ABYagAAA 
                ABYagAAA ABYagAAA ABYagAAA ABYagAAA ABYagAAA ACYagAAA 
                ACYagAAA AeYagAAA AeYagAAA AeYagAAA AfYagAAA AfYagAAA 
                AfYagAAA AfYagAAA AeYagAAA AfYagAAA AKYagAAA ALYagAAA 
                AKYagAAA AUYagAAA ACYagAAA ACYagAAA ACYagAAA ACYagAAA 
                ABYagAAA ABYagAAA ABYagAAA ACYagAAA ACYagAAA ABYagAAA 
                ACYagAAA ACYagAAA ACYagAAA ACYagAAA ACYagAAA ABYagAAA 
                ABYagAAA ABYagAAA ABYagAAA ABYagAAA 
            </column>
            <column x="20">
                ABYagAAA ABYagAAA ABYagAAA ABYagAAA ABYagAAA ABYagAAA 
                ABYagAAA ABYagAAA ABYagAAA ABYagAAA ABYagAAA ABYagAAA 
                ABYagAAA ABYagAAA ABYagAAA ABYagAAA ABYagAAA ACYagAAA 
                ACYagAAA ACYagAAA AeYagAAA AfYagAAA AfYagAAA AfYagAAA 
                AfYagAAA AfYagAAA AfYagAAA AfYagAAA AfYagAAA ALYagAAA 
                AKYagAAA AKYagAAA ACYagAAA ACYagAAA ACYagAAA ACYagAAA 
                ACYagAAA ACYagAAA ACYagAAA ACYagAAA ACYagAAA ACYagAAA 
                ACYagAAA ACYagAAA AUYagAAA ACYagAAA ACYagAAA ABYagAAA 
                ABYagAAA ABYagAAA ABYagAAA ABYagAAA 
            </column>
            <column x="21">
                ABYagAAA ABYagAAA ABYagAAA ABYagAAA ABYagAAA ABYagAAA 
                ABYagAAA ABYagAAA ABYagAAA ABYagAAA ABYagAAA ABYagAAA 
                ABYagAAA ABYagAAA ABYagAAA ABYagAAA ABYagAAA ACYagAAA 
                ACYagAAA ACYagAAA AeYagAAA AfYagAAA AfYagAAA AfYagAAA 
                AfYagAAA AfYagAAA AfYagAAA AfYagAAA AfYagAAA ALYagAAA 
                AKYagAAA AGYagAAA ACYagAAA AUYagAAA AUYagAAA ACYagAAA 
                ACYagAAA ACYagAAA ACYagAAA ACYagAAA ACYagAAA ACYagAAA 
                ACYagAAA AUYagAAA AUYagAAA ACYagAAA ACYagAAA ACYagAAA 
                ABYagAAA ABYagAAA ABYagAAA ABYagAAA 
            </column>
            <column x="22">
                ABYagAAA ABYagAAA ABYagAAA ABYagAAA ABYagAAA ABYagAAA 
                ABYagAAA ABYagAAA ABYagAAA ABYagAAA ABYagAAA ABYagAAA 
                ABYagAAA ABYagAAA ABYagAAA ABYagAAA ABYagAAA ACYagAAA 
                ACYagAAA AFYagAAA AFYagAAA ACYagAAA AfYagAAA AfYagAAA 
                AfYagAAA AfYagAAA AWYagAAA AfYagAAA AfYagAAA AfYagAAA 
                AWYagAAA ACYagAAA ACYagAAA AUYagAAA AKYagAAA AKYagAAA 
                AUYagAAA AUYagAAA ACYagAAA ACYagAAA AWYagAAA AWYagAAA 
                AUYagAAA AUYagAAA AUYagAAA AWYagAAA AFYagAAA ACYagAAA 
                ABYagAAA ABYagAAA ABYagAAA ABYagAAA 
            </column>
            <column x="23">
                ABYagAAA ABYagAAA ABYagAAA ABYagAAA ABYagAAA ABYagAAA 
                ABYagAAA ABYagAAA ABYagAAA ABYagAAA ABYagAAA ABYagAAA 
                ABYagAAA ABYagAAA ABYagAAA ABYagAAA ABYagAAA AGYagAAA 
                ACYagAAA AfYagAAA AfYagAAA AfYagAAA AfYagAAA AfYagAAA 
                AfYagAAA AWYagAAA AWYagAAA AfYagAAA AfYagAAA AeYagAAA 
                ACYagAAA AeYagAAA AGYagAAA AKYagAAA AKYagAAA AWYagAAA 
                AUYagAAA AKYagAAA AUYagAAA AUYagAAA AUYagAAA AUYagAAA 
                AUYagAAA AUYagAAA AWYagAAA AWYagAAA ACYagAAA ACYagAAA 
                ABYagAAA ABYagAAA ABYagAAA ABYagAAA 
            </column>
            <column x="24">
                ABYagAAA ABYagAAA ABYagAAA ABYagAAA ABYagAAA ABYagAAA 
                ABYagAAA ABYagAAA ABYagAAA ABYagAAA ABYagAAA ABYagAAA 
                ABYagAAA ABYagAAA ABYagAAA ABYagAAA ABYagAAA ACYagAAA 
                AGYagAAA ABYagAAA AfYagAAA AfYagAAA AfYagAAA AfYagAAA 
                AfYagAAA AfYagAAA AfYagAAA AfYagAAA AfYagAAA AfYagAAA 
                AeYagAAA AeYagAAA AeYagAAA AKYagAAA AKYagAAA AKYagAAA 
                AUYagAAA AUYagAAA AUYagAAA AUYagAAA AUYagAAA AUYagAAA 
                AUYagAAA AUYagAAA AUYagAAA AWYagAAA ACYagAAA ACYagAAA 
                ABYagAAA ABYagAAA ABYagAAA ABYagAAA 
            </column>
            <column x="25">
                ABYagAAA ABYagAAA ABYagAAA ABYagAAA ABYagAAA ABYagAAA 
                ABYagAAA ABYagAAA ABYagAAA ABYagAAA ABYagAAA ABYagAAA 
                ABYagAAA ABYagAAA ABYagAAA ABYagAAA ABYagAAA ACYagAAA 
                AfYagAAA AfYagAAA AfYagAAA AfYagAAA AfYagAAA ABYagAAA 
                AfYagAAA AfYagAAA AfYagAAA AfYagAAA AfYagAAA AfYagAAA 
                ALYagAAA AeYagAAA AeYagAAA AKYagAAA AKYagAAA AKYagAAA 
                AUYagAAA AUYagAAA AUYagAAA AWYagAAA AUYagAAA AUYagAAA 
                AUYagAAA AUYagAAA AWYagAAA ACYagAAA ACYagAAA ABYagAAA 
                ABYagAAA ABYagAAA ABYagAAA ABYagAAA 
            </column>
            <column x="26">
                ABYagAAA ABYagAAA ABYagAAA ABYagAAA ABYagAAA ABYagAAA 
                ABYagAAA ABYagAAA ABYagAAA ABYagAAA ABYagAAA ABYagAAA 
                ABYagAAA ABYagAAA ABYagAAA AFYagAAA AeYagAAA ACYagAAA 
                ACYagAAA ABYagAAA AfYagAAA AfYagAAA AfYagAAA ABYagAAA 
                ABYagAAA AfYagAAA AfYagAAA AfYagAAA AfYagAAA AfYagAAA 
                ALYagAAA ALYagAAA AeYagAAA AeYagAAA ABYagAAA ABYagAAA 
                AKYagAAA AKYagAAA AUYagAAA AKYagAAA AKYagAAA AUYagAAA 
                AUYagAAA AUYagAAA AKYagAAA ACYagAAA ACYagAAA ABYagAAA 
                ABYagAAA ABYagAAA ABYagAAA ABYagAAA 
            </column>
            <column x="27">
                ABYagAAA ABYagAAA ABYagAAA ABYagAAA ABYagAAA ABYagAAA 
                ABYagAAA ABYagAAA ABYagAAA ABYagAAA ABYagAAA ABYagAAA 
                ABYagAAA AGYagAAA AFYagAAA AGYagAAA ABYagAAA AfYagAAA 
                AfYagAAA AfYagAAA ABYagAAA AfYagAAA ABYagAAA ABYagAAA 
                AfYagAAA AfYagAAA AfYagAAA AfYagAAA AeYagAAA AKYagAAA 
                ACYagAAA ABYagAAA ABYagAAA ABYagAAA ABYagAAA ABYagAAA 
                ABYagAAA AKYagAAA AKYagAAA ABYagAAA AKYagAAA AKYagAAA 
                AUYagAAA AKYagAAA ACYagAAA ACYagAAA ACYagAAA ABYagAAA 
                ABYagAAA ABYagAAA ABYagAAA ABYagAAA 
            </column>
            <column x="28">
                ABYagAAA ABYagAAA ABYagAAA ABYagAAA ABYagAAA ABYagAAA 
                ABYagAAA ABYagAAA ABYagAAA ABYagAAA ABYagAAA ABYagAAA 
                ABYagAAA ABYagAAA AFYagAAA AGYagAAA AfYagAAA AfYagAAA 
                ABYagAAA ABYagAAA ABYagAAA ABYagAAA ABYagAAA ABYagAAA 
                ABYagAAA AoYagAAA AoYagAAA AoYagAAA AeYagAAA ALYagAAA 
                AeYagAAA ACYagAAA ABYagAAA ABYagAAA ABYagAAA ABYagAAA 
                ABYagAAA ABYagAAA ABYagAAA ABYagAAA ABYagAAA AKYagAAA 
                AKYagAAA AKYagAAA ACYagAAA ACYagAAA ABYagAAA ABYagAAA 
                ABYagAAA ABYagAAA ABYagAAA ABYagAAA 
            </column>
            <column x="29">
                ABYagAAA ABYagAAA ABYagAAA ABYagAAA ABYagAAA ABYagAAA 
                ABYagAAA ABYagAAA ABYagAAA ABYagAAA ABYagAAA ABYagAAA 
                ABYagAAA ABYagAAA ABYagAAA AfYagAAA AfYagAAA ACYagAAA 
                ABYagAAA ABYagAAA ABYagAAA ABYagAAA ABYagAAA ABYagAAA 
                ABYagAAA AoYagAAA AoYagAAA AoYagAAA AoYagAAA AoYagAAA 
                ACYagAAA ABYagAAA ABYagAAA ABYagAAA ABYagAAA ABYagAAA 
                ABYagAAA ABYagAAA ABYagAAA ALYagAAA AKYagAAA AKYagAAA 
                ACYagAAA ACYagAAA ACYagAAA ACYagAAA ABYagAAA ABYagAAA 
                ABYagAAA ABYagAAA ABYagAAA ABYagAAA 
            </column>
            <column x="30">
                ABYagAAA ABYagAAA ABYagAAA ABYagAAA ABYagAAA ABYagAAA 
                ABYagAAA ABYagAAA ABYagAAA ABYagAAA ABYagAAA ABYagAAA 
                ABYagAAA ABYagAAA AFYagAAA AFYagAAA AfYagAAA ABYagAAA 
                ABYagAAA ABYagAAA ABYagAAA ABYagAAA ABYagAAA ABYagAAA 
                ABYagAAA AoYagAAA ABYagAAA ABYagAAA ABYagAAA ABYagAAA 
                ABYagAAA ABYagAAA ABYagAAA ABYagAAA ABYagAAA ABYagAAA 
                ABYagAAA ABYagAAA ABYagAAA ALYagAAA AKYagAAA AKYagAAA 
                ACYagAAA ACYagAAA ACYagAAA ACYagAAA ABYagAAA ABYagAAA 
                ABYagAAA ABYagAAA ABYagAAA ABYagAAA 
            </column>
            <column x="31">
                ABYagAAA ABYagAAA ABYagAAA ABYagAAA ABYagAAA ABYagAAA 
                ABYagAAA ABYagAAA ABYagAAA ABYagAAA ABYagAAA ABYagAAA 
                ABYagAAA AFYagAAA AfYagAAA AfYagAAA ABYagAAA ABYagAAA 
                ABYagAAA ABYagAAA ABYagAAA ABYagAAA ABYagAAA AoYagAAA 
                AoYagAAA ABYagAAA ABYagAAA ABYagAAA ABYagAAA ABYagAAA 
                ABYagAAA ABYagAAA ABYagAAA ABYagAAA ABYagAAA ABYagAAA 
                ABYagAAA ABYagAAA ABYagAAA ALYagAAA AKYagAAA AKYagAAA 
                ACYagAAA ABYagAAA ABYagAAA ABYagAAA ABYagAAA ABYagAAA 
                ABYagAAA ABYagAAA ABYagAAA ABYagAAA 
            </column>
            <column x="32">
                ABYagAAA ABYagAAA ABYagAAA ABYagAAA ABYagAAA ABYagAAA 
                ABYagAAA ABYagAAA ABYagAAA ABYagAAA ABYagAAA ABYagAAA 
                ABYagAAA AFYagAAA ABYagAAA ABYagAAA AfYagAAA AfYagAAA 
                ABYagAAA ABYagAAA ABYagAAA ABYagAAA ABYagAAA ABYagAAA 
                ABYagAAA ABYagAAA ABYagAAA ABYagAAA ABYagAAA ABYagAAA 
                ABYagAAA ABYagAAA ABYagAAA ABYagAAA ABYagAAA ABYagAAA 
                ABYagAAA ABYagAAA ABYagAAA ABYagAAA ABYagAAA ABYagAAA 
                AUYagAAA ABYagAAA ABYagAAA ABYagAAA ABYagAAA ABYagAAA 
                ABYagAAA ABYagAAA ABYagAAA ABYagAAA 
            </column>
            <column x="33">
                ABYagAAA ABYagAAA ABYagAAA ABYagAAA ABYagAAA ABYagAAA 
                ABYagAAA ABYagAAA ABYagAAA ABYagAAA ABYagAAA ABYagAAA 
                ABYagAAA ABYagAAA ABYagAAA ABYagAAA AfYagAAA AfYagAAA 
                ABYagAAA ABYagAAA ABYagAAA ABYagAAA ABYagAAA ABYagAAA 
                ABYagAAA ABYagAAA ABYagAAA ABYagAAA ABYagAAA ABYagAAA 
                ABYagAAA ABYagAAA ABYagAAA ABYagAAA ABYagAAA ABYagAAA 
                ABYagAAA ABYagAAA ABYagAAA ABYagAAA ABYagAAA AUYagAAA 
                ABYagAAA ABYagAAA ABYagAAA ABYagAAA ABYagAAA ABYagAAA 
                ABYagAAA ABYagAAA ABYagAAA ABYagAAA 
            </column>
            <column x="34">
                ABYagAAA ABYagAAA ABYagAAA ABYagAAA ABYagAAA ABYagAAA 
                ABYagAAA ABYagAAA ABYagAAA ABYagAAA ABYagAAA ABYagAAA 
                AGYagAAA ABYagAAA ABYagAAA ABYagAAA AfYagAAA AfYagAAA 
                ABYagAAA ABYagAAA ABYagAAA ABYagAAA ABYagAAA ABYagAAA 
                ABYagAAA ABYagAAA ABYagAAA ABYagAAA ABYagAAA ABYagAAA 
                ABYagAAA ABYagAAA ABYagAAA ABYagAAA ABYagAAA ABYagAAA 
                ABYagAAA ABYagAAA ABYagAAA ABYagAAA ABYagAAA ABYagAAA 
                AUYagAAA ABYagAAA ABYagAAA ABYagAAA ABYagAAA ABYagAAA 
                ABYagAAA ABYagAAA ABYagAAA ABYagAAA 
            </column>
            <column x="35">
                ABYagAAA ABYagAAA ABYagAAA ABYagAAA ABYagAAA ABYagAAA 
                ABYagAAA ABYagAAA ABYagAAA ABYagAAA ABYagAAA ABYagAAA 
                ABYagAAA ABYagAAA ABYagAAA ABYagAAA AfYagAAA AfYagAAA 
                ABYagAAA ABYagAAA ABYagAAA ABYagAAA ABYagAAA ABYagAAA 
                ABYagAAA ABYagAAA ABYagAAA ABYagAAA ABYagAAA ABYagAAA 
                ABYagAAA ABYagAAA ABYagAAA ABYagAAA ABYagAAA ABYagAAA 
                ABYagAAA ABYagAAA ABYagAAA ABYagAAA AKYagAAA AKYagAAA 
                AUYagAAA ABYagAAA ABYagAAA ABYagAAA ABYagAAA ABYagAAA 
                ABYagAAA ABYagAAA ABYagAAA ABYagAAA 
            </column>
            <column x="36">
                ABYagAAA ABYagAAA ABYagAAA ABYagAAA ABYagAAA ABYagAAA 
                ABYagAAA ABYagAAA ABYagAAA ABYagAAA ABYagAAA ABYagAAA 
                ABYagAAA ABYagAAA ABYagAAA ABYagAAA AGYagAAA AfYagAAA 
                AfYagAAA ABYagAAA ABYagAAA ABYagAAA ABYagAAA ABYagAAA 
                ABYagAAA ABYagAAA ABYagAAA ABYagAAA ABYagAAA ABYagAAA 
                ABYagAAA ABYagAAA ABYagAAA ABYagAAA ABYagAAA ABYagAAA 
                ABYagAAA ABYagAAA ABYagAAA AeYagAAA AeYagAAA ABYagAAA 
                ABYagAAA ABYagAAA ABYagAAA ABYagAAA ABYagAAA ABYagAAA 
                ABYagAAA ABYagAAA ABYagAAA ABYagAAA 
            </column>
            <column x="37">
                ABYagAAA ABYagAAA ABYagAAA ABYagAAA ABYagAAA ABYagAAA 
                ABYagAAA ABYagAAA ABYagAAA ABYagAAA ABYagAAA ABYagAAA 
                ABYagAAA ABYagAAA AfYagAAA AfYagAAA AfYagAAA AfYagAAA 
                ABYagAAA ABYagAAA ABYagAAA ABYagAAA ABYagAAA ABYagAAA 
                ABYagAAA ABYagAAA ABYagAAA ABYagAAA ABYagAAA ABYagAAA 
                ABYagAAA ABYagAAA ABYagAAA ABYagAAA ABYagAAA ABYagAAA 
                ABYagAAA ABYagAAA AeYagAAA ABYagAAA ABYagAAA ABYagAAA 
                ABYagAAA ABYagAAA ABYagAAA ABYagAAA ABYagAAA ABYagAAA 
                ABYagAAA ABYagAAA ABYagAAA ABYagAAA 
            </column>
            <column x="38">
                ABYagAAA ABYagAAA ABYagAAA ABYagAAA ABYagAAA ABYagAAA 
                ABYagAAA ABYagAAA ABYagAAA ABYagAAA ABYagAAA ABYagAAA 
                ABYagAAA ABYagAAA AfYagAAA ABYagAAA ABYagAAA ABYagAAA 
                ABYagAAA ABYagAAA ABYagAAA ABYagAAA ABYagAAA ABYagAAA 
                ABYagAAA ABYagAAA ABYagAAA ABYagAAA ABYagAAA ABYagAAA 
                ABYagAAA ABYagAAA ABYagAAA ABYagAAA ABYagAAA ABYagAAA 
                AfYagAAA ABYagAAA ABYagAAA AeYagAAA ABYagAAA ABYagAAA 
                ABYagAAA ABYagAAA ABYagAAA ABYagAAA ABYagAAA ABYagAAA 
                ABYagAAA ABYagAAA ABYagAAA ABYagAAA 
            </column>
            <column x="39">
                ABYagAAA ABYagAAA ABYagAAA ABYagAAA ABYagAAA ABYagAAA 
                ABYagAAA ABYagAAA ABYagAAA ABYagAAA ABYagAAA AKYagAAA 
                AfYagAAA ABYagAAA AfYagAAA ABYagAAA ABYagAAA ABYagAAA 
                ABYagAAA ABYagAAA ABYagAAA ABYagAAA ABYagAAA ABYagAAA 
                ABYagAAA ABYagAAA ABYagAAA ABYagAAA ABYagAAA ABYagAAA 
                ABYagAAA ABYagAAA ABYagAAA ABYagAAA ABYagAAA AfYagAAA 
                AfYagAAA AeYagAAA AeYagAAA ABYagAAA ABYagAAA ABYagAAA 
                ABYagAAA ABYagAAA ABYagAAA ABYagAAA ABYagAAA ABYagAAA 
                ABYagAAA ABYagAAA ABYagAAA ABYagAAA 
            </column>
            <column x="40">
                ABYagAAA ABYagAAA ABYagAAA ABYagAAA ABYagAAA ABYagAAA 
                ABYagAAA ABYagAAA ABYagAAA ABYagAAA ABYagAAA ALYagAAA 
                ALYagAAA AfYagAAA AfYagAAA AfYagAAA ABYagAAA ABYagAAA 
                ABYagAAA ABYagAAA ABYagAAA ABYagAAA ABYagAAA ABYagAAA 
                ABYagAAA ABYagAAA ABYagAAA ABYagAAA ABYagAAA ABYagAAA 
                ABYagAAA ABYagAAA ABYagAAA ABYagAAA ABYagAAA AfYagAAA 
                ABYagAAA ABYagAAA ABYagAAA ABYagAAA ABYagAAA ABYagAAA 
                ABYagAAA ABYagAAA ABYagAAA ABYagAAA ABYagAAA ABYagAAA 
                ABYagAAA ABYagAAA ABYagAAA ABYagAAA 
            </column>
            <column x="41">
                ABYagAAA ABYagAAA ABYagAAA ABYagAAA ABYagAAA ABYagAAA 
                ABYagAAA ABYagAAA ABYagAAA ABYagAAA ABYagAAA ABYagAAA 
                ABYagAAA ABYagAAA ABYagAAA ABYagAAA ABYagAAA ABYagAAA 
                ABYagAAA ABYagAAA ABYagAAA ABYagAAA ABYagAAA ABYagAAA 
                ABYagAAA ABYagAAA ABYagAAA ABYagAAA ABYagAAA ABYagAAA 
                ABYagAAA ABYagAAA ABYagAAA ABYagAAA ABYagAAA AfYagAAA 
                ABYagAAA ABYagAAA ABYagAAA ABYagAAA ABYagAAA ABYagAAA 
                ABYagAAA ABYagAAA ABYagAAA ABYagAAA ABYagAAA ABYagAAA 
                ABYagAAA ABYagAAA ABYagAAA ABYagAAA 
            </column>
            <column x="42">
                ABYagAAA ABYagAAA ABYagAAA ABYagAAA ABYagAAA ABYagAAA 
                ABYagAAA ABYagAAA ABYagAAA ABYagAAA ABYagAAA ABYagAAA 
                ABYagAAA ABYagAAA ABYagAAA ABYagAAA ABYagAAA ABYagAAA 
                ABYagAAA ABYagAAA ABYagAAA ABYagAAA ABYagAAA ABYagAAA 
                ABYagAAA ABYagAAA ABYagAAA ABYagAAA ABYagAAA ABYagAAA 
                ABYagAAA ABYagAAA ABYagAAA ABYagAAA ABYagAAA AfYagAAA 
                ABYagAAA ABYagAAA ABYagAAA ABYagAAA ABYagAAA ABYagAAA 
                ABYagAAA ABYagAAA ABYagAAA ABYagAAA ABYagAAA ABYagAAA 
                ABYagAAA ABYagAAA ABYagAAA ABYagAAA 
            </column>
            <column x="43">
                ABYagAAA ABYagAAA ABYagAAA ABYagAAA ABYagAAA ABYagAAA 
                ABYagAAA ABYagAAA ABYagAAA ABYagAAA ABYagAAA ABYagAAA 
                ABYagAAA ABYagAAA ABYagAAA ABYagAAA ABYagAAA ABYagAAA 
                ABYagAAA ABYagAAA ABYagAAA ABYagAAA ABYagAAA ABYagAAA 
                ABYagAAA ABYagAAA ABYagAAA ABYagAAA ABYagAAA ABYagAAA 
                ABYagAAA ABYagAAA ABYagAAA ABYagAAA AfYagAAA ABYagAAA 
                ABYagAAA ABYagAAA ABYagAAA ABYagAAA ABYagAAA ABYagAAA 
                ABYagAAA ABYagAAA ABYagAAA ABYagAAA ABYagAAA ABYagAAA 
                ABYagAAA ABYagAAA ABYagAAA ABYagAAA 
            </column>
            <column x="44">
                ABYagAAA ABYagAAA ABYagAAA ABYagAAA ABYagAAA ABYagAAA 
                ABYagAAA ABYagAAA ABYagAAA ABYagAAA ABYagAAA ABYagAAA 
                ABYagAAA ABYagAAA ABYagAAA ABYagAAA ABYagAAA ABYagAAA 
                ABYagAAA ABYagAAA ABYagAAA ABYagAAA ABYagAAA ABYagAAA 
                ABYagAAA ABYagAAA ABYagAAA ABYagAAA ABYagAAA ABYagAAA 
                ABYagAAA ABYagAAA ABYagAAA ABYagAAA ABYagAAA AfYagAAA 
                ABYagAAA ABYagAAA ABYagAAA ABYagAAA ABYagAAA ABYagAAA 
                ABYagAAA ABYagAAA ABYagAAA ABYagAAA ABYagAAA ABYagAAA 
                ABYagAAA ABYagAAA ABYagAAA ABYagAAA 
            </column>
            <column x="45">
                ABYagAAA ABYagAAA ABYagAAA ABYagAAA ABYagAAA ABYagAAA 
                ABYagAAA ABYagAAA ABYagAAA ABYagAAA ABYagAAA ABYagAAA 
                ABYagAAA ABYagAAA ABYagAAA ABYagAAA ABYagAAA ABYagAAA 
                ABYagAAA ABYagAAA ABYagAAA ABYagAAA ABYagAAA ABYagAAA 
                ABYagAAA ABYagAAA ABYagAAA ABYagAAA ABYagAAA ABYagAAA 
                ABYagAAA ABYagAAA ABYagAAA ABYagAAA AfYagAAA AfYagAAA 
                ABYagAAA ABYagAAA ABYagAAA ABYagAAA ABYagAAA ABYagAAA 
                ABYagAAA ABYagAAA ABYagAAA ABYagAAA ABYagAAA ABYagAAA 
                ABYagAAA ABYagAAA ABYagAAA ABYagAAA 
            </column>
            <column x="46">
                ABYagAAA ABYagAAA ABYagAAA ABYagAAA ABYagAAA ABYagAAA 
                ABYagAAA ABYagAAA ABYagAAA ABYagAAA ABYagAAA ABYagAAA 
                ABYagAAA ABYagAAA ABYagAAA ABYagAAA ABYagAAA ABYagAAA 
                ABYagAAA ABYagAAA ABYagAAA ABYagAAA ABYagAAA ABYagAAA 
                ABYagAAA ABYagAAA ABYagAAA ABYagAAA ABYagAAA ABYagAAA 
                ABYagAAA ABYagAAA ABYagAAA ABYagAAA AfYagAAA ABYagAAA 
                ABYagAAA ABYagAAA ABYagAAA ABYagAAA ABYagAAA ABYagAAA 
                ABYagAAA ABYagAAA ABYagAAA ABYagAAA ABYagAAA ABYagAAA 
                ABYagAAA ABYagAAA ABYagAAA ABYagAAA 
            </column>
            <column x="47">
                ABYagAAA ABYagAAA ABYagAAA ABYagAAA ABYagAAA ABYagAAA 
                ABYagAAA ABYagAAA ABYagAAA ABYagAAA ABYagAAA ABYagAAA 
                ABYagAAA ABYagAAA ABYagAAA ABYagAAA ABYagAAA ABYagAAA 
                ABYagAAA ABYagAAA ABYagAAA ABYagAAA ABYagAAA ABYagAAA 
                ABYagAAA ABYagAAA ABYagAAA ABYagAAA ABYagAAA ABYagAAA 
                ABYagAAA ABYagAAA ABYagAAA AKYagAAA AKYagAAA ABYagAAA 
                ABYagAAA ABYagAAA ABYagAAA ABYagAAA ABYagAAA ABYagAAA 
                ABYagAAA ABYagAAA ABYagAAA ABYagAAA ABYagAAA ABYagAAA 
                ABYagAAA ABYagAAA ABYagAAA ABYagAAA 
            </column>
            <column x="48">
                ABYagAAA ABYagAAA ABYagAAA ABYagAAA ABYagAAA ABYagAAA 
                ABYagAAA ABYagAAA ABYagAAA ABYagAAA ABYagAAA ABYagAAA 
                ABYagAAA ABYagAAA ABYagAAA ABYagAAA ABYagAAA ABYagAAA 
                ABYagAAA ABYagAAA ABYagAAA ABYagAAA ABYagAAA ABYagAAA 
                ABYagAAA ABYagAAA ABYagAAA ABYagAAA ABYagAAA ABYagAAA 
                ABYagAAA ABYagAAA ABYagAAA ALYagAAA AKYagAAA AKYagAAA 
                ABYagAAA ABYagAAA ABYagAAA ABYagAAA ABYagAAA ABYagAAA 
                ABYagAAA ABYagAAA ABYagAAA ABYagAAA ABYagAAA ABYagAAA 
                ABYagAAA ABYagAAA ABYagAAA ABYagAAA 
            </column>
            <column x="49">
                ABYagAAA ABYagAAA ABYagAAA ABYagAAA ABYagAAA ABYagAAA 
                ABYagAAA ABYagAAA ABYagAAA ABYagAAA ABYagAAA ABYagAAA 
                ABYagAAA ABYagAAA ABYagAAA ABYagAAA ABYagAAA ABYagAAA 
                ABYagAAA ABYagAAA ABYagAAA ABYagAAA ABYagAAA ABYagAAA 
                ABYagAAA ABYagAAA ABYagAAA ABYagAAA ABYagAAA ABYagAAA 
                ABYagAAA ABYagAAA ABYagAAA ALYagAAA ALYagAAA AfYagAAA 
                ABYagAAA ABYagAAA ABYagAAA ABYagAAA ABYagAAA ABYagAAA 
                ABYagAAA ABYagAAA ABYagAAA ABYagAAA ABYagAAA ABYagAAA 
                ABYagAAA ABYagAAA ABYagAAA ABYagAAA 
            </column>
            <column x="50">
                ABYagAAA ABYagAAA ABYagAAA ABYagAAA ABYagAAA ABYagAAA 
                ABYagAAA ABYagAAA ABYagAAA ABYagAAA ABYagAAA ABYagAAA 
                ABYagAAA ABYagAAA ABYagAAA ABYagAAA ABYagAAA ABYagAAA 
                ABYagAAA ABYagAAA ABYagAAA ABYagAAA ABYagAAA ABYagAAA 
                ABYagAAA ABYagAAA ABYagAAA ABYagAAA ABYagAAA ABYagAAA 
                ABYagAAA ABYagAAA ABYagAAA ABYagAAA ABYagAAA AfYagAAA 
                ABYagAAA ABYagAAA ABYagAAA ABYagAAA ABYagAAA ABYagAAA 
                ABYagAAA ABYagAAA ABYagAAA ABYagAAA ABYagAAA ABYagAAA 
                ABYagAAA ABYagAAA ABYagAAA ABYagAAA 
            </column>
            <column x="51">
                ABYagAAA ABYagAAA ABYagAAA ABYagAAA ABYagAAA ABYagAAA 
                ABYagAAA ABYagAAA ABYagAAA ABYagAAA ABYagAAA ABYagAAA 
                ABYagAAA ABYagAAA ABYagAAA ABYagAAA ABYagAAA ABYagAAA 
                ABYagAAA ABYagAAA ABYagAAA ABYagAAA ABYagAAA ABYagAAA 
                ABYagAAA ABYagAAA ABYagAAA ABYagAAA ABYagAAA ABYagAAA 
                ALYagAAA AfYagAAA AfYagAAA AfYagAAA AfYagAAA ABYagAAA 
                ABYagAAA ABYagAAA ABYagAAA ABYagAAA ABYagAAA ABYagAAA 
                ABYagAAA ABYagAAA ABYagAAA ABYagAAA ABYagAAA ABYagAAA 
                ABYagAAA ABYagAAA ABYagAAA ABYagAAA 
            </column>
            <column x="52">
                ABYagAAA ABYagAAA ABYagAAA ABYagAAA ABYagAAA ABYagAAA 
                ABYagAAA ABYagAAA ABYagAAA ABYagAAA ABYagAAA ABYagAAA 
                ABYagAAA ABYagAAA ABYagAAA ABYagAAA ABYagAAA ABYagAAA 
                ABYagAAA ABYagAAA ABYagAAA ABYagAAA ABYagAAA ABYagAAA 
                ABYagAAA ABYagAAA ABYagAAA ABYagAAA ABYagAAA ABYagAAA 
                ABYagAAA ABYagAAA ABYagAAA ABYagAAA ABYagAAA ABYagAAA 
                ABYagAAA ABYagAAA ABYagAAA ABYagAAA ABYagAAA ABYagAAA 
                ABYagAAA ABYagAAA ABYagAAA ABYagAAA ABYagAAA ABYagAAA 
                ABYagAAA ABYagAAA ABYagAAA ABYagAAA 
            </column>
            <column x="53">
                ABYagAAA ABYagAAA ABYagAAA ABYagAAA ABYagAAA ABYagAAA 
                ABYagAAA ABYagAAA ABYagAAA ABYagAAA ABYagAAA ABYagAAA 
                ABYagAAA ABYagAAA ABYagAAA ABYagAAA ABYagAAA ABYagAAA 
                ABYagAAA ABYagAAA ABYagAAA ABYagAAA ABYagAAA ABYagAAA 
                ABYagAAA ABYagAAA ABYagAAA ABYagAAA ABYagAAA ABYagAAA 
                ABYagAAA ABYagAAA ABYagAAA ABYagAAA ABYagAAA ABYagAAA 
                ABYagAAA ABYagAAA ABYagAAA ABYagAAA ABYagAAA ABYagAAA 
                ABYagAAA ABYagAAA ABYagAAA ABYagAAA ABYagAAA ABYagAAA 
                ABYagAAA ABYagAAA ABYagAAA ABYagAAA 
            </column>
            <column x="54">
                ABYagAAA ABYagAAA ABYagAAA ABYagAAA ABYagAAA ABYagAAA 
                ABYagAAA ABYagAAA ABYagAAA ABYagAAA ABYagAAA ABYagAAA 
                ABYagAAA ABYagAAA ABYagAAA ABYagAAA ABYagAAA ABYagAAA 
                ABYagAAA ABYagAAA ABYagAAA ABYagAAA ABYagAAA ABYagAAA 
                ABYagAAA ABYagAAA ABYagAAA ABYagAAA ABYagAAA ABYagAAA 
                ABYagAAA ABYagAAA ABYagAAA ABYagAAA ABYagAAA ABYagAAA 
                ABYagAAA ABYagAAA ABYagAAA ABYagAAA ABYagAAA ABYagAAA 
                ABYagAAA ABYagAAA ABYagAAA ABYagAAA ABYagAAA ABYagAAA 
                ABYagAAA ABYagAAA ABYagAAA ABYagAAA 
            </column>
            <column x="55">
                ABYagAAA ABYagAAA ABYagAAA ABYagAAA ABYagAAA ABYagAAA 
                ABYagAAA ABYagAAA ABYagAAA ABYagAAA ABYagAAA ABYagAAA 
                ABYagAAA ABYagAAA ABYagAAA ABYagAAA ABYagAAA ABYagAAA 
                ABYagAAA ABYagAAA ABYagAAA ABYagAAA ABYagAAA ABYagAAA 
                ABYagAAA ABYagAAA ABYagAAA ABYagAAA ABYagAAA ABYagAAA 
                ABYagAAA ABYagAAA ABYagAAA ABYagAAA ABYagAAA ABYagAAA 
                ABYagAAA ABYagAAA ABYagAAA ABYagAAA ABYagAAA ABYagAAA 
                ABYagAAA ABYagAAA ABYagAAA ABYagAAA ABYagAAA ABYagAAA 
                ABYagAAA ABYagAAA ABYagAAA ABYagAAA 
            </column>
            <column x="56">
                ABYagAAA ABYagAAA ABYagAAA ABYagAAA ABYagAAA ABYagAAA 
                ABYagAAA ABYagAAA ABYagAAA ABYagAAA ABYagAAA ABYagAAA 
                ABYagAAA ABYagAAA ABYagAAA ABYagAAA ABYagAAA ABYagAAA 
                ABYagAAA ABYagAAA ABYagAAA ABYagAAA ABYagAAA ABYagAAA 
                ABYagAAA ABYagAAA ABYagAAA ABYagAAA ABYagAAA ABYagAAA 
                ABYagAAA ABYagAAA ABYagAAA ABYagAAA ABYagAAA ABYagAAA 
                ABYagAAA ABYagAAA ABYagAAA ABYagAAA ABYagAAA ABYagAAA 
                ABYagAAA ABYagAAA ABYagAAA ABYagAAA ABYagAAA ABYagAAA 
                ABYagAAA ABYagAAA ABYagAAA ABYagAAA 
            </column>
            <column x="57">
                ABYagAAA ABYagAAA ABYagAAA ABYagAAA ABYagAAA ABYagAAA 
                ABYagAAA ABYagAAA ABYagAAA ABYagAAA ABYagAAA ABYagAAA 
                ABYagAAA ABYagAAA ABYagAAA ABYagAAA ABYagAAA ABYagAAA 
                ABYagAAA ABYagAAA ABYagAAA ABYagAAA ABYagAAA ABYagAAA 
                ABYagAAA ABYagAAA ABYagAAA ABYagAAA ABYagAAA ABYagAAA 
                ABYagAAA ABYagAAA ABYagAAA ABYagAAA ABYagAAA ABYagAAA 
                ABYagAAA ABYagAAA ABYagAAA ABYagAAA ABYagAAA ABYagAAA 
                ABYagAAA ABYagAAA ABYagAAA ABYagAAA ABYagAAA ABYagAAA 
                ABYagAAA ABYagAAA ABYagAAA ABYagAAA 
            </column>
            <column x="58">
                ABYagAAA ABYagAAA ABYagAAA ABYagAAA ABYagAAA ABYagAAA 
                ABYagAAA ABYagAAA ABYagAAA ABYagAAA ABYagAAA ABYagAAA 
                ABYagAAA ABYagAAA ABYagAAA ABYagAAA ABYagAAA ABYagAAA 
                ABYagAAA ABYagAAA ABYagAAA ABYagAAA ABYagAAA ABYagAAA 
                ABYagAAA ABYagAAA ABYagAAA ABYagAAA ABYagAAA ABYagAAA 
                ABYagAAA ABYagAAA ABYagAAA ABYagAAA ABYagAAA ABYagAAA 
                ABYagAAA ABYagAAA ABYagAAA ABYagAAA ABYagAAA ABYagAAA 
                ABYagAAA ABYagAAA ABYagAAA ABYagAAA ABYagAAA ABYagAAA 
                ABYagAAA ABYagAAA ABYagAAA ABYagAAA 
            </column>
            <column x="59">
                ABYagAAA ABYagAAA ABYagAAA ABYagAAA ABYagAAA ABYagAAA 
                ABYagAAA ABYagAAA ABYagAAA ABYagAAA ABYagAAA ABYagAAA 
                ABYagAAA ABYagAAA ABYagAAA ABYagAAA ABYagAAA ABYagAAA 
                ABYagAAA ABYagAAA ABYagAAA ABYagAAA ABYagAAA ABYagAAA 
                ABYagAAA ABYagAAA ABYagAAA ABYagAAA ABYagAAA ABYagAAA 
                ABYagAAA ABYagAAA ABYagAAA ABYagAAA ABYagAAA ABYagAAA 
                ABYagAAA ABYagAAA ABYagAAA ABYagAAA ABYagAAA ABYagAAA 
                ABYagAAA ABYagAAA ABYagAAA ABYagAAA ABYagAAA ABYagAAA 
                ABYagAAA ABYagAAA ABYagAAA ABYagAAA 
            </column>
            <column x="60">
                ABYagAAA ABYagAAA ABYagAAA ABYagAAA ABYagAAA ABYagAAA 
                ABYagAAA ABYagAAA ABYagAAA ABYagAAA ABYagAAA ABYagAAA 
                ABYagAAA ABYagAAA ABYagAAA ABYagAAA ABYagAAA ABYagAAA 
                ABYagAAA ABYagAAA ABYagAAA ABYagAAA ABYagAAA ABYagAAA 
                ABYagAAA ABYagAAA ABYagAAA ABYagAAA ABYagAAA ABYagAAA 
                ABYagAAA ABYagAAA ABYagAAA ABYagAAA ABYagAAA ABYagAAA 
                ABYagAAA ABYagAAA ABYagAAA ABYagAAA ABYagAAA ABYagAAA 
                ABYagAAA ABYagAAA ABYagAAA ABYagAAA ABYagAAA ABYagAAA 
                ABYagAAA ABYagAAA ABYagAAA ABYagAAA 
            </column>
            <column x="61">
                ABYagAAA ABYagAAA ABYagAAA ABYagAAA ABYagAAA ABYagAAA 
                ABYagAAA ABYagAAA ABYagAAA ABYagAAA ABYagAAA ABYagAAA 
                ABYagAAA ABYagAAA ABYagAAA ABYagAAA ABYagAAA ABYagAAA 
                ABYagAAA ABYagAAA ABYagAAA ABYagAAA ABYagAAA ABYagAAA 
                ABYagAAA ABYagAAA ABYagAAA ABYagAAA ABYagAAA ABYagAAA 
                ABYagAAA ABYagAAA ABYagAAA ABYagAAA ABYagAAA ABYagAAA 
                ABYagAAA ABYagAAA ABYagAAA ABYagAAA ABYagAAA ABYagAAA 
                ABYagAAA ABYagAAA ABYagAAA ABYagAAA ABYagAAA ABYagAAA 
                ABYagAAA ABYagAAA ABYagAAA ABYagAAA 
            </column>
            <column x="62">
                ABYagAAA ABYagAAA ABYagAAA ABYagAAA ABYagAAA ABYagAAA 
                ABYagAAA ABYagAAA ABYagAAA ABYagAAA ABYagAAA ABYagAAA 
                ABYagAAA ABYagAAA ABYagAAA ABYagAAA ABYagAAA ABYagAAA 
                ABYagAAA ABYagAAA ABYagAAA ABYagAAA ABYagAAA ABYagAAA 
                ABYagAAA ABYagAAA ABYagAAA ABYagAAA ABYagAAA ABYagAAA 
                ABYagAAA ABYagAAA ABYagAAA ABYagAAA ABYagAAA ABYagAAA 
                ABYagAAA ABYagAAA ABYagAAA ABYagAAA ABYagAAA ABYagAAA 
                ABYagAAA ABYagAAA ABYagAAA ABYagAAA ABYagAAA ABYagAAA 
                ABYagAAA ABYagAAA ABYagAAA ABYagAAA 
            </column>
            <column x="63">
                ABYagAAA ABYagAAA ABYagAAA ABYagAAA ABYagAAA ABYagAAA 
                ABYagAAA ABYagAAA ABYagAAA ABYagAAA ABYagAAA ABYagAAA 
                ABYagAAA ABYagAAA ABYagAAA ABYagAAA ABYagAAA ABYagAAA 
                ABYagAAA ABYagAAA ABYagAAA ABYagAAA ABYagAAA ABYagAAA 
                ABYagAAA ABYagAAA ABYagAAA ABYagAAA ABYagAAA ABYagAAA 
                ABYagAAA ABYagAAA ABYagAAA ABYagAAA ABYagAAA ABYagAAA 
                ABYagAAA ABYagAAA ABYagAAA ABYagAAA ABYagAAA ABYagAAA 
                ABYagAAA ABYagAAA ABYagAAA ABYagAAA ABYagAAA ABYagAAA 
                ABYagAAA ABYagAAA ABYagAAA ABYagAAA 
            </column>
            <column x="64">
                ABYagAAA ABYagAAA ABYagAAA ABYagAAA ABYagAAA ABYagAAA 
                ABYagAAA ABYagAAA ABYagAAA ABYagAAA ABYagAAA ABYagAAA 
                ABYagAAA ABYagAAA ABYagAAA ABYagAAA ABYagAAA ABYagAAA 
                ABYagAAA ABYagAAA ABYagAAA ABYagAAA ABYagAAA ABYagAAA 
                ABYagAAA ABYagAAA ABYagAAA ABYagAAA ABYagAAA ABYagAAA 
                ABYagAAA ABYagAAA ABYagAAA ABYagAAA ABYagAAA ABYagAAA 
                ABYagAAA ABYagAAA ABYagAAA ABYagAAA ABYagAAA ABYagAAA 
                ABYagAAA ABYagAAA ABYagAAA ABYagAAA ABYagAAA ABYagAAA 
                ABYagAAA ABYagAAA ABYagAAA ABYagAAA 
            </column>
            <column x="65">
                ABYagAAA ABYagAAA ABYagAAA ABYagAAA ABYagAAA ABYagAAA 
                ABYagAAA ABYagAAA ABYagAAA ABYagAAA ABYagAAA ABYagAAA 
                ABYagAAA ABYagAAA ABYagAAA ABYagAAA ABYagAAA ABYagAAA 
                ABYagAAA ABYagAAA ABYagAAA ABYagAAA ABYagAAA ABYagAAA 
                ABYagAAA ABYagAAA ABYagAAA ABYagAAA ABYagAAA ABYagAAA 
                ABYagAAA ABYagAAA ABYagAAA ABYagAAA ABYagAAA ABYagAAA 
                ABYagAAA ABYagAAA ABYagAAA ABYagAAA ABYagAAA ABYagAAA 
                ABYagAAA ABYagAAA ABYagAAA ABYagAAA ABYagAAA ABYagAAA 
                ABYagAAA ABYagAAA ABYagAAA ABYagAAA 
            </column>
            <column x="66">
                ABYagAAA ABYagAAA ABYagAAA ABYagAAA ABYagAAA ABYagAAA 
                ABYagAAA ABYagAAA ABYagAAA ABYagAAA ABYagAAA ABYagAAA 
                ABYagAAA ABYagAAA ABYagAAA ABYagAAA ABYagAAA ABYagAAA 
                ABYagAAA ABYagAAA ABYagAAA ABYagAAA ABYagAAA ABYagAAA 
                ABYagAAA ABYagAAA ABYagAAA ABYagAAA ABYagAAA ABYagAAA 
                ABYagAAA ABYagAAA ABYagAAA ABYagAAA ABYagAAA ABYagAAA 
                ABYagAAA ABYagAAA ABYagAAA ABYagAAA ABYagAAA ABYagAAA 
                ABYagAAA ABYagAAA ABYagAAA ABYagAAA ABYagAAA ABYagAAA 
                ABYagAAA ABYagAAA ABYagAAA ABYagAAA 
            </column>
            <column x="67">
                ABYagAAA ABYagAAA ABYagAAA ABYagAAA ABYagAAA ABYagAAA 
                ABYagAAA ABYagAAA ABYagAAA ABYagAAA ABYagAAA ABYagAAA 
                ABYagAAA ABYagAAA ABYagAAA ABYagAAA ABYagAAA ABYagAAA 
                ABYagAAA ABYagAAA ABYagAAA ABYagAAA ABYagAAA ABYagAAA 
                ABYagAAA ABYagAAA ABYagAAA ABYagAAA ABYagAAA ABYagAAA 
                ABYagAAA ABYagAAA ABYagAAA ABYagAAA ABYagAAA ABYagAAA 
                ABYagAAA ABYagAAA ABYagAAA ABYagAAA ABYagAAA ABYagAAA 
                ABYagAAA ABYagAAA ABYagAAA ABYagAAA ABYagAAA ABYagAAA 
                ABYagAAA ABYagAAA ABYagAAA ABYagAAA 
            </column>
            <column x="68">
                ABYagAAA ABYagAAA ABYagAAA ABYagAAA ABYagAAA ABYagAAA 
                ABYagAAA ABYagAAA ABYagAAA ABYagAAA ABYagAAA ABYagAAA 
                ABYagAAA ABYagAAA ABYagAAA ABYagAAA ABYagAAA ABYagAAA 
                ABYagAAA ABYagAAA ABYagAAA ABYagAAA ABYagAAA ABYagAAA 
                ABYagAAA ABYagAAA ABYagAAA ABYagAAA ABYagAAA ABYagAAA 
                ABYagAAA ABYagAAA ABYagAAA ABYagAAA ABYagAAA ABYagAAA 
                ABYagAAA ABYagAAA ABYagAAA ABYagAAA ABYagAAA ABYagAAA 
                ABYagAAA ABYagAAA ABYagAAA ABYagAAA ABYagAAA ABYagAAA 
                ABYagAAA ABYagAAA ABYagAAA ABYagAAA 
            </column>
            <column x="69">
                ABYagAAA ABYagAAA ABYagAAA ABYagAAA ABYagAAA ABYagAAA 
                ABYagAAA ABYagAAA ABYagAAA ABYagAAA ABYagAAA ABYagAAA 
                ABYagAAA ABYagAAA ABYagAAA ABYagAAA ABYagAAA ABYagAAA 
                ABYagAAA ABYagAAA ABYagAAA ABYagAAA ABYagAAA ABYagAAA 
                ABYagAAA ABYagAAA ABYagAAA ABYagAAA ABYagAAA ABYagAAA 
                ABYagAAA ABYagAAA ABYagAAA ABYagAAA ABYagAAA ABYagAAA 
                ABYagAAA ABYagAAA ABYagAAA ABYagAAA ABYagAAA ABYagAAA 
                ABYagAAA ABYagAAA ABYagAAA ABYagAAA ABYagAAA ABYagAAA 
                ABYagAAA ABYagAAA ABYagAAA ABYagAAA 
            </column>
            <column x="70">
                ABYagAAA ABYagAAA ABYagAAA ABYagAAA ABYagAAA ABYagAAA 
                ABYagAAA ABYagAAA ABYagAAA ABYagAAA ABYagAAA ABYagAAA 
                ABYagAAA ABYagAAA ABYagAAA ABYagAAA ABYagAAA ABYagAAA 
                ABYagAAA ABYagAAA ABYagAAA ABYagAAA ABYagAAA ABYagAAA 
                ABYagAAA ABYagAAA ABYagAAA ABYagAAA ABYagAAA ABYagAAA 
                ABYagAAA ABYagAAA ABYagAAA ABYagAAA ABYagAAA ABYagAAA 
                ABYagAAA ABYagAAA ABYagAAA ABYagAAA ABYagAAA ABYagAAA 
                ABYagAAA ABYagAAA ABYagAAA ABYagAAA ABYagAAA ABYagAAA 
                ABYagAAA ABYagAAA ABYagAAA ABYagAAA 
            </column>
            <column x="71">
                ABYagAAA ABYagAAA ABYagAAA ABYagAAA ABYagAAA ABYagAAA 
                ABYagAAA ABYagAAA ABYagAAA ABYagAAA ABYagAAA ABYagAAA 
                ABYagAAA ABYagAAA ABYagAAA ABYagAAA ABYagAAA ABYagAAA 
                ABYagAAA ABYagAAA ABYagAAA ABYagAAA ABYagAAA ABYagAAA 
                ABYagAAA ABYagAAA ABYagAAA ABYagAAA ABYagAAA ABYagAAA 
                ABYagAAA ABYagAAA ABYagAAA ABYagAAA ABYagAAA ABYagAAA 
                ABYagAAA ABYagAAA ABYagAAA ABYagAAA ABYagAAA ABYagAAA 
                ABYagAAA ABYagAAA ABYagAAA ABYagAAA ABYagAAA ABYagAAA 
                ABYagAAA ABYagAAA ABYagAAA ABYagAAA 
            </column>
            <column x="72">
                ABYagAAA ABYagAAA ABYagAAA ABYagAAA ABYagAAA ABYagAAA 
                ABYagAAA ABYagAAA ABYagAAA ABYagAAA ABYagAAA ABYagAAA 
                ABYagAAA ABYagAAA ABYagAAA ABYagAAA ABYagAAA ABYagAAA 
                ABYagAAA ABYagAAA ABYagAAA ABYagAAA ABYagAAA ABYagAAA 
                ABYagAAA ABYagAAA ABYagAAA ABYagAAA ABYagAAA ABYagAAA 
                ABYagAAA ABYagAAA ABYagAAA ABYagAAA ABYagAAA ABYagAAA 
                ABYagAAA ABYagAAA ABYagAAA ABYagAAA ABYagAAA ABYagAAA 
                ABYagAAA ABYagAAA ABYagAAA ABYagAAA ABYagAAA ABYagAAA 
                ABYagAAA ABYagAAA ABYagAAA ABYagAAA 
            </column>
            <column x="73">
                ABYagAAA ABYagAAA ABYagAAA ABYagAAA ABYagAAA ABYagAAA 
                ABYagAAA ABYagAAA ABYagAAA ABYagAAA ABYagAAA ABYagAAA 
                ABYagAAA ABYagAAA ABYagAAA ABYagAAA ABYagAAA ABYagAAA 
                ABYagAAA ABYagAAA ABYagAAA ABYagAAA ABYagAAA ABYagAAA 
                ABYagAAA ABYagAAA ABYagAAA ABYagAAA ABYagAAA ABYagAAA 
                ABYagAAA ABYagAAA ABYagAAA ABYagAAA ABYagAAA ABYagAAA 
                ABYagAAA ABYagAAA ABYagAAA ABYagAAA ABYagAAA ABYagAAA 
                ABYagAAA ABYagAAA ABYagAAA ABYagAAA ABYagAAA ABYagAAA 
                ABYagAAA ABYagAAA ABYagAAA ABYagAAA 
            </column>
            <column x="74">
                ABYagAAA ABYagAAA ABYagAAA ABYagAAA ABYagAAA ABYagAAA 
                ABYagAAA ABYagAAA ABYagAAA ABYagAAA ABYagAAA ABYagAAA 
                ABYagAAA ABYagAAA ABYagAAA ABYagAAA ABYagAAA ABYagAAA 
                ABYagAAA ABYagAAA ABYagAAA ABYagAAA ABYagAAA ABYagAAA 
                ABYagAAA ABYagAAA ABYagAAA ABYagAAA ABYagAAA ABYagAAA 
                ABYagAAA ABYagAAA ABYagAAA ABYagAAA ABYagAAA ABYagAAA 
                ABYagAAA ABYagAAA ABYagAAA ABYagAAA ABYagAAA ABYagAAA 
                ABYagAAA ABYagAAA ABYagAAA ABYagAAA ABYagAAA ABYagAAA 
                ABYagAAA ABYagAAA ABYagAAA ABYagAAA 
            </column>
            <column x="75">
                ABYagAAA ABYagAAA ABYagAAA ABYagAAA ABYagAAA ABYagAAA 
                ABYagAAA ABYagAAA ABYagAAA ABYagAAA ABYagAAA ABYagAAA 
                ABYagAAA ABYagAAA ABYagAAA ABYagAAA ABYagAAA ABYagAAA 
                ABYagAAA ABYagAAA ABYagAAA ABYagAAA ABYagAAA ABYagAAA 
                ABYagAAA ABYagAAA ABYagAAA ABYagAAA ABYagAAA ABYagAAA 
                ABYagAAA ABYagAAA ABYagAAA ABYagAAA ABYagAAA ABYagAAA 
                ABYagAAA ABYagAAA ABYagAAA ABYagAAA ABYagAAA ABYagAAA 
                ABYagAAA ABYagAAA ABYagAAA ABYagAAA ABYagAAA ABYagAAA 
                ABYagAAA ABYagAAA ABYagAAA ABYagAAA 
            </column>
            <column x="76">
                ABYagAAA ABYagAAA ABYagAAA ABYagAAA ABYagAAA ABYagAAA 
                ABYagAAA ABYagAAA ABYagAAA ABYagAAA ABYagAAA ABYagAAA 
                ABYagAAA ABYagAAA ABYagAAA ABYagAAA ABYagAAA ABYagAAA 
                ABYagAAA ABYagAAA ABYagAAA ABYagAAA ABYagAAA ABYagAAA 
                ABYagAAA ABYagAAA ABYagAAA ABYagAAA ABYagAAA ABYagAAA 
                ABYagAAA ABYagAAA ABYagAAA ABYagAAA ABYagAAA ABYagAAA 
                ABYagAAA ABYagAAA ABYagAAA ABYagAAA ABYagAAA ABYagAAA 
                ABYagAAA ABYagAAA ABYagAAA ABYagAAA ABYagAAA ABYagAAA 
                ABYagAAA ABYagAAA ABYagAAA ABYagAAA 
            </column>
            <column x="77">
                ABYagAAA ABYagAAA ABYagAAA ABYagAAA ABYagAAA ABYagAAA 
                ABYagAAA ABYagAAA ABYagAAA ABYagAAA ABYagAAA ABYagAAA 
                ABYagAAA ABYagAAA ABYagAAA ABYagAAA ABYagAAA ABYagAAA 
                ABYagAAA ABYagAAA ABYagAAA ABYagAAA ABYagAAA ABYagAAA 
                ABYagAAA ABYagAAA ABYagAAA ABYagAAA ABYagAAA ABYagAAA 
                ABYagAAA ABYagAAA ABYagAAA ABYagAAA ABYagAAA ABYagAAA 
                ABYagAAA ABYagAAA ABYagAAA ABYagAAA ABYagAAA ABYagAAA 
                ABYagAAA ABYagAAA ABYagAAA ABYagAAA ABYagAAA ABYagAAA 
                ABYagAAA ABYagAAA ABYagAAA ABYagAAA 
            </column>
            <column x="78">
                ABYagAAA ABYagAAA ABYagAAA ABYagAAA ABYagAAA ABYagAAA 
                ABYagAAA ABYagAAA ABYagAAA ABYagAAA ABYagAAA ABYagAAA 
                ABYagAAA ABYagAAA ABYagAAA ABYagAAA ABYagAAA ABYagAAA 
                ABYagAAA ABYagAAA ABYagAAA ABYagAAA ABYagAAA ABYagAAA 
                ABYagAAA ABYagAAA ABYagAAA ABYagAAA ABYagAAA ABYagAAA 
                ABYagAAA ABYagAAA ABYagAAA ABYagAAA ABYagAAA ABYagAAA 
                ABYagAAA ABYagAAA ABYagAAA ABYagAAA ABYagAAA ABYagAAA 
                ABYagAAA ABYagAAA ABYagAAA ABYagAAA ABYagAAA ABYagAAA 
                ABYagAAA ABYagAAA ABYagAAA ABYagAAA 
            </column>
            <column x="79">
                ABYagAAA ABYagAAA ABYagAAA ABYagAAA ABYagAAA ABYagAAA 
                ABYagAAA ABYagAAA ABYagAAA ABYagAAA ABYagAAA ABYagAAA 
                ABYagAAA ABYagAAA ABYagAAA ABYagAAA ABYagAAA ABYagAAA 
                ABYagAAA ABYagAAA ABYagAAA ABYagAAA ABYagAAA ABYagAAA 
                ABYagAAA ABYagAAA ABYagAAA ABYagAAA ABYagAAA ABYagAAA 
                ABYagAAA ABYagAAA ABYagAAA ABYagAAA ABYagAAA ABYagAAA 
                ABYagAAA ABYagAAA ABYagAAA ABYagAAA ABYagAAA ABYagAAA 
                ABYagAAA ABYagAAA ABYagAAA ABYagAAA ABYagAAA ABYagAAA 
                ABYagAAA ABYagAAA ABYagAAA ABYagAAA 
            </column>
            <column x="80">
                ABYagAAA ABYagAAA ABYagAAA ABYagAAA ABYagAAA ABYagAAA 
                ABYagAAA ABYagAAA ABYagAAA ABYagAAA ABYagAAA ABYagAAA 
                ABYagAAA ABYagAAA ABYagAAA ABYagAAA ABYagAAA ABYagAAA 
                ABYagAAA ABYagAAA ABYagAAA ABYagAAA ABYagAAA ABYagAAA 
                ABYagAAA ABYagAAA ABYagAAA ABYagAAA ABYagAAA ABYagAAA 
                ABYagAAA ABYagAAA ABYagAAA ABYagAAA ABYagAAA ABYagAAA 
                ABYagAAA ABYagAAA ABYagAAA ABYagAAA ABYagAAA ABYagAAA 
                ABYagAAA ABYagAAA ABYagAAA ABYagAAA ABYagAAA ABYagAAA 
                ABYagAAA ABYagAAA ABYagAAA ABYagAAA 
            </column>
            <column x="81">
                ABYagAAA ABYagAAA ABYagAAA ABYagAAA ABYagAAA ABYagAAA 
                ABYagAAA ABYagAAA ABYagAAA ABYagAAA ABYagAAA ABYagAAA 
                ABYagAAA ABYagAAA ABYagAAA ABYagAAA ABYagAAA ABYagAAA 
                ABYagAAA ABYagAAA ABYagAAA ABYagAAA ABYagAAA ABYagAAA 
                ABYagAAA ABYagAAA ABYagAAA ABYagAAA ABYagAAA ABYagAAA 
                ABYagAAA ABYagAAA ABYagAAA ABYagAAA ABYagAAA ABYagAAA 
                ABYagAAA ABYagAAA ABYagAAA ABYagAAA ABYagAAA ABYagAAA 
                ABYagAAA ABYagAAA ABYagAAA ABYagAAA ABYagAAA ABYagAAA 
                ABYagAAA ABYagAAA ABYagAAA ABYagAAA 
            </column>
            <column x="82">
                ABYagAAA ABYagAAA ABYagAAA ABYagAAA ABYagAAA ABYagAAA 
                ABYagAAA ABYagAAA ABYagAAA ABYagAAA ABYagAAA ABYagAAA 
                ABYagAAA ABYagAAA ABYagAAA ABYagAAA ABYagAAA ABYagAAA 
                ABYagAAA ABYagAAA ABYagAAA ABYagAAA ABYagAAA ABYagAAA 
                ABYagAAA ABYagAAA ABYagAAA ABYagAAA ABYagAAA ABYagAAA 
                ABYagAAA ABYagAAA ABYagAAA ABYagAAA ABYagAAA ABYagAAA 
                ABYagAAA ABYagAAA ABYagAAA ABYagAAA ABYagAAA ABYagAAA 
                ABYagAAA ABYagAAA ABYagAAA ABYagAAA ABYagAAA ABYagAAA 
                ABYagAAA ABYagAAA ABYagAAA ABYagAAA 
            </column>
            <column x="83">
                ABYagAAA ABYagAAA ABYagAAA ABYagAAA ABYagAAA ABYagAAA 
                ABYagAAA ABYagAAA ABYagAAA ABYagAAA ABYagAAA ABYagAAA 
                ABYagAAA ABYagAAA ABYagAAA ABYagAAA ABYagAAA ABYagAAA 
                ABYagAAA ABYagAAA ABYagAAA ABYagAAA ABYagAAA ABYagAAA 
                ABYagAAA ABYagAAA ABYagAAA ABYagAAA ABYagAAA ABYagAAA 
                ABYagAAA ABYagAAA ABYagAAA ABYagAAA ABYagAAA ABYagAAA 
                ABYagAAA ABYagAAA ABYagAAA ABYagAAA ABYagAAA ABYagAAA 
                ABYagAAA ABYagAAA ABYagAAA ABYagAAA ABYagAAA ABYagAAA 
                ABYagAAA ABYagAAA ABYagAAA ABYagAAA 
            </column>
            <column x="84">
                ABYagAAA ABYagAAA ABYagAAA ABYagAAA ABYagAAA ABYagAAA 
                ABYagAAA ABYagAAA ABYagAAA ABYagAAA ABYagAAA ABYagAAA 
                ABYagAAA ABYagAAA ABYagAAA ABYagAAA ABYagAAA ABYagAAA 
                ABYagAAA ABYagAAA ABYagAAA ABYagAAA ABYagAAA ABYagAAA 
                ABYagAAA ABYagAAA ABYagAAA ABYagAAA ABYagAAA ABYagAAA 
                ABYagAAA ABYagAAA ABYagAAA ABYagAAA ABYagAAA ABYagAAA 
                ABYagAAA ABYagAAA ABYagAAA ABYagAAA ABYagAAA ABYagAAA 
                ABYagAAA ABYagAAA ABYagAAA ABYagAAA ABYagAAA ABYagAAA 
                ABYagAAA ABYagAAA ABYagAAA ABYagAAA 
            </column>
            <column x="85">
                ABYagAAA ABYagAAA ABYagAAA ABYagAAA ABYagAAA ABYagAAA 
                ABYagAAA ABYagAAA ABYagAAA ABYagAAA ABYagAAA ABYagAAA 
                ABYagAAA ABYagAAA ABYagAAA ABYagAAA ABYagAAA ABYagAAA 
                ABYagAAA ABYagAAA ABYagAAA ABYagAAA ABYagAAA ABYagAAA 
                ABYagAAA ABYagAAA ABYagAAA ABYagAAA ABYagAAA ABYagAAA 
                ABYagAAA ABYagAAA ABYagAAA ABYagAAA ABYagAAA ABYagAAA 
                ABYagAAA ABYagAAA ABYagAAA ABYagAAA ABYagAAA ABYagAAA 
                ABYagAAA ABYagAAA ABYagAAA ABYagAAA ABYagAAA ABYagAAA 
                ABYagAAA ABYagAAA ABYagAAA ABYagAAA 
            </column>
        </tiles>
    </tileset>

    <sites>
        <site type="10" x="17" y="30">
            <name>Ithius</name>
            <description>Unknown</description>
        </site>
        <site type="10" x="18" y="27">
            <name>Bedenes</name>
            <description>Unknown</description>
        </site>
        <site type="11" x="18" y="29">
            <name>Tormau</name>
            <description>Unknown</description>
        </site>
        <site type="11" x="18" y="31">
            <name>Ithiko</name>
            <description>Unknown</description>
        </site>
        <site type="10" x="19" y="30">
            <name>Zaza</name>
            <description>Unknown</description>
        </site>
        <site type="10" x="20" y="31">
            <name>Arketh</name>
            <description>Unknown</description>
        </site>
        <site type="2" x="21" y="44">
            <name>Sarkum</name>
            <description>Castle</description>
        </site>
        <site type="10" x="22" y="33">
            <name>Weseda</name>
            <description>Unknown</description>
        </site>
        <site type="11" x="22" y="35">
            <name>Selvos</name>
            <description>Unknown</description>
        </site>
        <site type="10" x="22" y="43">
            <name>Hebon</name>
            <description>Keep</description>
        </site>
        <site type="10" x="23" y="33">
            <name>Henwe</name>
            <description>Unknown</description>
        </site>
        <site type="10" x="23" y="34">
            <name>Hyen</name>
            <description>Unknown</description>
        </site>
        <site type="20" x="23" y="35">
            <name>Tesien</name>
            <description>Unknown</description>
        </site>
        <site type="10" x="23" y="37">
            <name>Dunir</name>
            <description>Keep</description>
        </site>
        <site type="11" x="24" y="31">
            <name>Shostim</name>
            <description>Unknown</description>
        </site>
        <site type="2" x="24" y="33">
            <name>Golotha</name>
            <description>Unknown</description>
        </site>
        <site type="10" x="26" y="44">
            <name>Avertu</name>
            <description>Unknown</description>
        </site>
        <site type="10" x="27" y="40">
            <name>Chison</name>
            <description>Unknown</description>
        </site>
        <site type="10" x="27" y="43">
            <name>Gimon</name>
            <description>Unknown</description>
        </site>
        <site type="11" x="28" y="29">
            <name>Menekai</name>
            <description>Unknown</description>
        </site>
        <site type="10" x="28" y="41">
            <name>Findumon</name>
            <description>Unknown</description>
        </site>
        <site type="10" x="28" y="42">
            <name>Torthan</name>
            <description>Unknown</description>
        </site>
        <site type="10" x="28" y="43">
            <name>Minilaous</name>
            <description>Unknown</description>
        </site>
        <site type="10" x="29" y="38">
            <name>Pinide</name>
            <description>Unknown</description>
        </site>
        <site type="10" x="29" y="40">
            <name>Kedis</name>
            <description>Unknown</description>
        </site>
        <site type="10" x="30" y="40">
            <name>Sumon</name>
            <description>Unknown</description>
        </site>
        <site type="2" x="30" y="41">
            <name>Aleath</name>
            <description>Unknown</description>
        </site>
        <site type="20" x="38" y="36">
            <name>Taztos</name>
            <description>Unknown</description>
        </site>
        <site type="10" x="39" y="12">
            <name>Wethom</name>
            <description>Unknown</description>
        </site>
        <site type="20" x="47" y="34">
            <name>Pesino</name>
            <description>Unknown</description>
        </site>
    </sites>
</map>
