<?xml version="1.0"?>
<map>
    <header>
        <name>castle</name>
        <author>Unknown</author>
        <id>castle.1065271440948</id>
        <parent>none</parent>
        <cvs>
            <version>$Revision$</version>
            <date>$Date$</date>
        </cvs>
        <type>Local</type>
        <shape>Square</shape>
        <imagedir>square/outside</imagedir>
        <format>0.1.0</format>
    </header>
    <!-- Standard terrain set -->
    <terrainset id="basic" path="terrain">
        <terrain id="0">
            <name>null</name>
            <description>Unchartable</description>
            <image>null.png</image>
            <solid value="false"/>
        </terrain>
        <terrain id="1">
            <name>clear.clear</name>
            <description>Clear</description>
            <image>clear.png</image>
            <solid value="false"/>
        </terrain>
        <terrain id="2">
            <name>water.water</name>
            <description>Water</description>
            <image>water.png</image>
            <solid value="false"/>
        </terrain>
        <terrain id="3">
            <name>clear.grass</name>
            <description>Grass</description>
            <image>grass.png</image>
            <solid value="false"/>
        </terrain>
        <terrain id="4">
            <name>clear.sand</name>
            <description>Sand</description>
            <image>sand.png</image>
            <solid value="false"/>
        </terrain>
        <terrain id="5">
            <name>solid.stone</name>
            <description>Rock wall</description>
            <image>rock-wall.png</image>
            <solid value="false"/>
        </terrain>
        <terrain id="6">
            <name>clear.rock</name>
            <description>Rock floor</description>
            <image>rock.png</image>
            <solid value="false"/>
        </terrain>
        <terrain id="7">
            <name>clear.dirt</name>
            <description>Dirt</description>
            <image>dirt.png</image>
            <solid value="false"/>
        </terrain>
        <terrain id="8">
            <name>solid.dirt</name>
            <description>Dirt wall</description>
            <image>dirt-wall.png</image>
            <solid value="false"/>
        </terrain>
        <terrain id="9">
            <name>clear.path</name>
            <description>Dirt path</description>
            <image>path.png</image>
            <solid value="false"/>
        </terrain>
        <terrain id="10">
            <name>clear.path.corner</name>
            <description>Dirt path corner</description>
            <image>path-corner.png</image>
            <solid value="false"/>
        </terrain>
        <terrain id="11">
            <name>clear.shore</name>
            <description>Shore</description>
            <image>shore.png</image>
            <solid value="false"/>
        </terrain>
        <terrain id="12">
            <name>clear.shore.corner</name>
            <description>Shore corner</description>
            <image>shore-corner.png</image>
            <solid value="false"/>
        </terrain>
        <terrain id="13">
            <name>clear.cobbles</name>
            <description>Cobbles</description>
            <image>cobbles.png</image>
            <solid value="false"/>
        </terrain>
        <terrain id="14">
            <name>clear.slabs</name>
            <description>Stone slabs</description>
            <image>slabs.png</image>
            <solid value="false"/>
        </terrain>
        <terrain id="15">
            <name>clear.grass.raised</name>
            <description>Raised grass bank</description>
            <image>grass-raised.png</image>
            <solid value="false"/>
        </terrain>
        <terrain id="16">
            <name>clear.grass.raised.corner</name>
            <description>Raised grass bank corner</description>
            <image>grass-raised-corner.png</image>
            <solid value="false"/>
        </terrain>
        <terrain id="17">
            <name>wood.floor</name>
            <description>Wooden floor</description>
            <image>floorboards.png</image>
            <solid value="false"/>
        </terrain>
    </terrainset>
    <!-- Things -->
    <terrainset id="things" path="things">
        <terrain id="0">
            <name>null.null</name>
            <description>Nothing</description>
            <image>clear.png</image>
            <solid value="false"/>
        </terrain>
        <terrain id="1">
            <name>furniture.bed</name>
            <description>Single bed</description>
            <image>bed.png</image>
            <solid value="false"/>
        </terrain>
        <terrain id="2">
            <name>furniture.table</name>
            <description>Table</description>
            <image>table.png</image>
            <solid value="false"/>
        </terrain>
        <terrain id="3">
            <name>furniture.chair</name>
            <description>Chair</description>
            <image>chair.png</image>
            <solid value="false"/>
        </terrain>
        <terrain id="4">
            <name>object.chest</name>
            <description>Chest</description>
            <image>chest.png</image>
            <solid value="false"/>
        </terrain>
        <terrain id="5">
            <name>furniture.throne</name>
            <description>Throne</description>
            <image>throne.png</image>
            <solid value="false"/>
        </terrain>
        <terrain id="6">
            <name>furniture.bed.straw</name>
            <description>Straw bed</description>
            <image>bed-straw.png</image>
            <solid value="false"/>
        </terrain>
    </terrainset>
    <!-- Features -->
    <terrainset id="features" path="features">
        <terrain id="0">
            <name>blank</name>
            <description>Nothing</description>
            <image>empty.png</image>
            <solid value="false"/>
        </terrain>
        <terrain id="1">
            <name>wall.wood-n</name>
            <description>Wooden wall</description>
            <image>wall-wood-n.png</image>
            <solid value="false"/>
        </terrain>
        <terrain id="2">
            <name>wall.wood-nw</name>
            <description>Wooden walls</description>
            <image>wall-wood-nw.png</image>
            <solid value="false"/>
        </terrain>
        <terrain id="3">
            <name>wall.stone-n</name>
            <description>Stone wall</description>
            <image>wall-stone-n.png</image>
            <solid value="false"/>
        </terrain>
        <terrain id="4">
            <name>wall.stone-nw</name>
            <description>Stone walls</description>
            <image>wall-stone-nw.png</image>
            <solid value="false"/>
        </terrain>
        <terrain id="5">
            <name>pillar.small</name>
            <description>Small pillar</description>
            <image>pillar-small.png</image>
            <solid value="false"/>
        </terrain>
        <terrain id="6">
            <name>pillar.medium</name>
            <description>Medium pillar</description>
            <image>pillar-medium.png</image>
            <solid value="false"/>
        </terrain>
        <terrain id="7">
            <name>pillar.large</name>
            <description>Large pillar</description>
            <image>pillar-large.png</image>
            <solid value="false"/>
        </terrain>
        <terrain id="8">
            <name>doors.bars</name>
            <description>Iron bars</description>
            <image>bars.png</image>
            <solid value="false"/>
        </terrain>
        <terrain id="9">
            <name>planet.bush</name>
            <description>Bush</description>
            <image>bush.png</image>
            <solid value="false"/>
        </terrain>
        <terrain id="10">
            <name>plant.tree</name>
            <description>Large tree</description>
            <image>tree-large.png</image>
            <solid value="false"/>
        </terrain>
        <terrain id="11">
            <name>object.sewer</name>
            <description>Sewer grating</description>
            <image>sewer.png</image>
            <solid value="false"/>
        </terrain>
        <terrain id="12">
            <name>wall.hedge</name>
            <description>Hedge</description>
            <image>hedge.png</image>
            <solid value="false"/>
        </terrain>
        <terrain id="13">
            <name>wall.hedge.corner</name>
            <description>Hedge corner</description>
            <image>hedge-corner.png</image>
            <solid value="false"/>
        </terrain>
        <terrain id="14">
            <name>wall.hedge.junction</name>
            <description>Hedge T-junction</description>
            <image>hedge-t.png</image>
            <solid value="false"/>
        </terrain>
        <terrain id="15">
            <name>door.wood</name>
            <description>Wooden door</description>
            <image>door-wood.png</image>
            <solid value="false"/>
        </terrain>
        <terrain id="16">
            <name>water.shore</name>
            <description>Shore</description>
            <image>shore.png</image>
            <solid value="false"/>
        </terrain>
        <terrain id="17">
            <name>water.corner.out</name>
            <description>Shore outer corner</description>
            <image>shore-oc.png</image>
            <solid value="false"/>
        </terrain>
        <terrain id="18">
            <name>water.corner.in</name>
            <description>Shore inner corner</description>
            <image>shore-ic.png</image>
            <solid value="false"/>
        </terrain>
        <terrain id="19">
            <name>water.stream</name>
            <description>Stream</description>
            <image>stream.png</image>
            <solid value="false"/>
        </terrain>
        <terrain id="20">
            <name>table.small</name>
            <description>Small table</description>
            <image>table-small.png</image>
            <solid value="false"/>
        </terrain>
        <terrain id="21">
            <name>table.end</name>
            <description>Table end</description>
            <image>table-end.png</image>
            <solid value="false"/>
        </terrain>
        <terrain id="22">
            <name>table.middle</name>
            <description>Table middle</description>
            <image>table-middle.png</image>
            <solid value="false"/>
        </terrain>
        <terrain id="23">
            <name>roof.thatch.edge</name>
            <description>Thatched roof</description>
            <image>thatch.png</image>
            <solid value="false"/>
        </terrain>
        <terrain id="24">
            <name>roof.thatch.corner</name>
            <description>Thatched roof</description>
            <image>thatch-corner.png</image>
            <solid value="false"/>
        </terrain>
        <terrain id="25">
            <name>wall.battlements</name>
            <description>Battlements</description>
            <image>wall-battlements.png</image>
            <solid value="false"/>
        </terrain>
    </terrainset>
    <!-- TileSets contain blob data for the tiles -->
    <!-- Format is: "tthhffaacu" for each tile. -->
    <!--     tt = Terrain type    hh = height     -->
    <!--     ff = Feature         aa = area       -->
    <!--     c  = coast mask      u  = unused     -->
    <!-- Each blob is Base 64 encoded.            -->
    <tileset id="root">
        <dimensions>
            <scale>1</scale>
            <width>50</width>
            <height>50</height>
        </dimensions>

        <tiles>
            <column x="0">
                ADAAAAAAAA ADAAAAAAAA ADAAAAAAAA ADAAAAAAAA ADAAAAAAAA 
                ADAAAAAAAA ADAAAAAAAA ADAAAAAAAA ADAAAAAAAA ADAAAAAAAA 
                ADAAAAAAAA ADAAAAAAAA ADAAAAAAAA ADAAAAAAAA ADAAAAAAAA 
                ADAAAAAAAA ADAAAAAAAA ADAAAAAAAA ADAAAAAAAA ADAAAAAAAA 
                ADAAAAAAAA ADAAAAAAAA ADAAAAAAAA ADAAAAAAAA AHAAAAAAAA 
                AHAAAAAAAA ADAAAAAAAA ADAAAAAAAA ADAAAAAAAA ADAAAAAAAA 
                ADAAAAAAAA ADAAAAAAAA ADAAAAAAAA ADAAAAAAAA ADAAAAAAAA 
                ADAAAAAAAA ADAAAAAAAA ADAAAAAAAA ADAAAAAAAA ADAAAAAAAA 
                ADAAAAAAAA ADAAAAAAAA ADAAAAAAAA ADAAAAAAAA ADAAAAAAAA 
                ADAAAAAAAA ADAAAAAAAA ADAAAAAAAA ADAAAAAAAA ADAAAAAAAA 
            </column>
            <column x="1">
                ADAAAAAAAA ADAAAAAAAA ADAAAAAAAA ADAAAAAAAA ADAAAAAAAA 
                ADAAAAAAAA ADAAAAAAAA ADAAAAAAAA ADAAAAAAAA ADAAAAAAAA 
                ADAAAAAAAA ADAAAAAAAA ADAAAAAAAA ADAAAAAAAA ADAAAAAAAA 
                ADAAAAAAAA ADAAAAAAAA ADAAAAAAAA ADAAAAAAAA ADAAAAAAAA 
                ADAAAAAAAA ADAAAAAAAA ADAAAAAAAA ADAAAAAAAA AHAAAAAAAA 
                AHAAAAAAAA ADAAAAAAAA ADAAQYAAAA ADAAIXAAAA ADAAIYAAAA 
                ADAAAAAAAA ADAAAAAAAA ADAAAAAAAA ADAAAAAAAA ADAAAAAAAA 
                ADAAAAAAAA ADAAAAAAAA ADAAAAAAAA ADAAAAAAAA ADAAAAAAAA 
                ADAAAAAAAA ADAAAAAAAA ADAAAAAAAA ADAAAAAAAA ADAAAAAAAA 
                ADAAAAAAAA ADAAAAAAAA ADAAAAAAAA ADAAAAAAAA ADAAAAAAAA 
            </column>
            <column x="2">
                ADAAAAAAAA ADAAAAAAAA ADAAAAAAAA ADAAAAAAAA ADAAAAAAAA 
                ADAAAAAAAA ADAAAAAAAA ADAAAAAAAA ADAAAAAAAA ADAAAAAAAA 
                ADAAAAAAAA ADAAAAAAAA ADAAAAAAAA ADAAAAAAAA ADAAAAAAAA 
                ADAAAAAAAA ADAAAAAAAA ADAAAAAAAA ADAAAAAAAA ADAAAAAAAA 
                ADAAAAAAAA ADAAAAAAAA ADAAAAAAAA ADAAAAAAAA AHAAAAAAAA 
                AHAAAAAAAA ADAAAAAAAA ADAAYYAAAA ADAAYXAAAA ADAAAYAAAA 
                ADAAAAAAAA ADAAAAAAAA ADAAAAAAAA ADAAAAAAAA ADAAAAAAAA 
                ADAAAAAAAA ADAAAAAAAA ADAAAAAAAA ADAAAAAAAA ADAAAAAAAA 
                ADAAAAAAAA ADAAAAAAAA ADAAAAAAAA ADAAAAAAAA ADAAAAAAAA 
                ADAAAAAAAA ADAAAAAAAA ADAAAAAAAA ADAAAAAAAA ADAAAAAAAA 
            </column>
            <column x="3">
                ADAAAAAAAA ADAAAAAAAA ADAAAAAAAA ADAAAAAAAA ADAAAAAAAA 
                ADAAAAAAAA ADAAAAAAAA ADAAAAAAAA ADAAAAAAAA ADAAAAAAAA 
                ADAAAAAAAA ADAAAAAAAA ADAAAAAAAA ADAAAAAAAA ADAAAAAAAA 
                ADAAAAAAAA ADAAAAAAAA ADAAAAAAAA ADAAAAAAAA ADAAAAAAAA 
                ADAAAAAAAA ADAAAAAAAA ADAAAAAAAA ADAAAAAAAA AHAAAAAAAA 
                AHAAAAAAAA ADAAAAAAAA ADAAAAAAAA ADAAAAAAAA ADAAAAAAAA 
                ADAAAAAAAA ADAAAAAAAA ADAAAAAAAA ADAAAAAAAA ADAAAAAAAA 
                ADAAAAAAAA ADAAAAAAAA ADAAAAAAAA ADAAAAAAAA ADAAAAAAAA 
                ADAAAAAAAA ADAAAAAAAA ADAAAAAAAA ADAAAAAAAA ADAAAAAAAA 
                ADAAAAAAAA ADAAAAAAAA ADAAAAAAAA ADAAAAAAAA ADAAAAAAAA 
            </column>
            <column x="4">
                ADAAAAAAAA ADAAARAAAA ADAAYQAAAA ADAAYQAAAA ADAAYQAAAA 
                ADAAYQAAAA ADAAYQAAAA ADAAYQAAAA ADAAYQAAAA ADAAYQAAAA 
                ADAAYQAAAA ADAAYQAAAA ADAAYQAAAA ADAAYQAAAA ADAAYQAAAA 
                ADAAYQAAAA ADAAYQAAAA ADAAYQAAAA ADAAYQAAAA ADAAYQAAAA 
                ADAAYQAAAA ADAAYQAAAA ADAAYQAAAA ADAAYQAAAA IRAAAAAAAA 
                IRAAAAAAAA ADAAYQAAAA ADAAYQAAAA ADAAYQAAAA ADAAYQAAAA 
                ADAAYQAAAA ADAAYQAAAA ADAAYQAAAA ADAAYQAAAA ADAAYQAAAA 
                ADAAYQAAAA ADAAYQAAAA ADAAYQAAAA ADAAYQAAAA ADAAYQAAAA 
                ADAAYQAAAA ADAAYQAAAA ADAAYQAAAA ADAAYQAAAA ADAAYQAAAA 
                ADAAYQAAAA ADAAYQAAAA ADAAYQAAAA ADAAYRAAAA ADAAIAAAAA 
            </column>
            <column x="5">
                ADAAAAAAAA ADAAAQAAAA ACAAAAAAAA ACAAAAAAAA ACAAAAAAAA 
                ACAAAAAAAA ACAAAAAAAA ACAAAAAAAA ACAAYQAAAA ACAAYQAAAA 
                ACAAYQAAAA ACAAYQAAAA ACAAYQAAAA ACAAAAAAAA ACAAAAAAAA 
                ACAAAAAAAA ACAAAAAAAA ACAAAAAAAA ACAAAAAAAA ACAAAAAAAA 
                ACAAYQAAAA ACAAAAAAAA ACAAAAAAAA ACAAAAAAAA IRAAAAAAAA 
                IRAAAAAAAA ACAAAAAAAA ACAAAAAAAA ACAAAAAAAA ACAAYQAAAA 
                ACAAAAAAAA ACAAAAAAAA ACAAAAAAAA ACAAAAAAAA ACAAAAAAAA 
                ACAAAAAAAA ACAAAAAAAA ACAAAAAAAA ACAAAAAAAA ACAAAAAAAA 
                ACAAAAAAAA ACAAAAAAAA ACAAAAAAAA ACAAAAAAAA ACAAAAAAAA 
                ACAAAAAAAA ACAAAAAAAA ACAAAAAAAA ADAAQQAAAA ADAAAAAAAA 
            </column>
            <column x="6">
                ADAAAAAAAA ADAAAQAAAA ACAAAAAAAA ACAAAAAAAA ACAAAAAAAA 
                ACAAAAAAAA ACAAAAAAAA ACAAAAAAAA ACAAAAAAAA ACAAAAAAAA 
                ACAAAAAAAA ACAAAAAAAA ACAAAAAAAA ACAAAAAAAA ACAAAAAAAA 
                ACAAAAAAAA ACAAAAAAAA ACAAAAAAAA ACAAAAAAAA ACAAAAAAAA 
                ACAAAAAAAA ACAAAAAAAA ACAAAAAAAA ACAAAAAAAA IRAAAAAAAA 
                IRAAAAAAAA ACAAAAAAAA ACAAAAAAAA ACAAAAAAAA ACAAAAAAAA 
                ACAAAAAAAA ACAAAAAAAA ACAAAAAAAA ACAAAAAAAA ACAAAAAAAA 
                ACAAAAAAAA ACAAAAAAAA ACAAAAAAAA ACAAAAAAAA ACAAAAAAAA 
                ACAAAAAAAA ACAAAAAAAA ACAAAAAAAA ACAAAAAAAA ACAAAAAAAA 
                ACAAAAAAAA ACAAAAAAAA ACAAAAAAAA ADAAQQAAAA ADAAAAAAAA 
            </column>
            <column x="7">
                ADAAAAAAAA ADAAAQAAAA ACAAAAAAAA ACAAAAAAAA ACAAAAAAAA 
                ACAAAAAAAA ACAAAAAAAA ACAAAAAAAA ACAAAAAAAA ACAAAAAAAA 
                ACAAAAAAAA ACAAAAAAAA ACAAAAAAAA ACAAAAAAAA ACAAAAAAAA 
                ACAAAAAAAA ACAAAAAAAA ACAAAAAAAA ACAAAAAAAA ACAAAAAAAA 
                ACAAAAAAAA ACAAAAAAAA ACAAAAAAAA ACAAAAAAAA IRAAAAAAAA 
                IRAAAAAAAA ACAAAAAAAA ACAAAAAAAA ACAAAAAAAA ACAAAAAAAA 
                ACAAAAAAAA ACAAAAAAAA ACAAAAAAAA ACAAAAAAAA ACAAAAAAAA 
                ACAAAAAAAA ACAAAAAAAA ACAAAAAAAA ACAAAAAAAA ACAAAAAAAA 
                ACAAAAAAAA ACAAAAAAAA ACAAAAAAAA ACAAAAAAAA ACAAAAAAAA 
                ACAAAAAAAA ACAAAAAAAA ACAAAAAAAA ADAAQQAAAA ADAAAAAAAA 
            </column>
            <column x="8">
                ADAAAAAAAA ADAAAQAAAA ACAAAAAAAA ACAAAAAAAA ACAAAAAAAA 
                ACAAAAAAAA ACAAAAAAAA ACAAAAAAAA ACAAAAAAAA ACAAAAAAAA 
                ACAAAAAAAA ACAAAAAAAA ACAAAAAAAA ACAAAAAAAA ACAAAAAAAA 
                ACAAAAAAAA ACAAAAAAAA ACAAAAAAAA ACAAAAAAAA ACAAAAAAAA 
                ACAAAAAAAA ACAAAAAAAA ACAAAAAAAA ACAAAAAAAA IRAAAAAAAA 
                IRAAAAAAAA ACAAAAAAAA ACAAAAAAAA ACAAAAAAAA ACAAAAAAAA 
                ACAAAAAAAA ACAAAAAAAA ACAAAAAAAA ACAAAAAAAA ACAAAAAAAA 
                ACAAAAAAAA ACAAAAAAAA ACAAAAAAAA ACAAAAAAAA ACAAAAAAAA 
                ACAAAAAAAA ACAAAAAAAA ACAAAAAAAA ACAAAAAAAA ACAAAAAAAA 
                ACAAAAAAAA ACAAAAAAAA ACAAAAAAAA ADAAQQAAAA ADAAAAAAAA 
            </column>
            <column x="9">
                ADAAAAAAAA ADAAAQAAAA ACAAAAAAAA ACAAAAAAAA ACAAAAAAAA 
                ACAAAAAAAA ADAAQSAAAA ADAAIQAAAA ADAAIQAAAA ADAAIQAAAA 
                ADAAIQAAAA ADAAIQAAAA ADAAIQAAAA ADAAIQAAAA ADAAIQAAAA 
                ADAAIQAAAA ADAAIQAAAA ADAAIQAAAA ADAAIQAAAA ADAAIQAAAA 
                ADAAIQAAAA ADAAIQAAAA ADAAIQAAAA ADAAIQAAAA IRAAAAAAAA 
                IRAAAAAAAA ADAAIQAAAA ADAAIQAAAA ADAAIQAAAA ADAAIQAAAA 
                ADAAIQAAAA ADAAIQAAAA ADAAIQAAAA ADAAIQAAAA ADAAIQAAAA 
                ADAAIQAAAA ADAAIQAAAA ADAAIQAAAA ADAAIQAAAA ADAAIQAAAA 
                ADAAIQAAAA ADAAIQAAAA ADAAIQAAAA ADAAISAAAA ACAAAAAAAA 
                ACAAAAAAAA ACAAAAAAAA ACAAAAAAAA ADAAQQAAAA ADAAAAAAAA 
            </column>
            <column x="10">
                ADAAAAAAAA ADAAAQAAAA ACAAAAAAAA ACAAAAAAAA ACAAAAAAAA 
                ACAAAAAAAA ADAAQQAAAA ADAAAAAAAA ADAAAAAAAA ADAAAAAAAA 
                ADAAAAAAAA ADAAAAAAAA ADAAAAAAAA ADAAAAAAAA ADAAAAAAAA 
                ADAAAAAAAA ADAAAAAAAA ADAAAAAAAA ADAAAAAAAA ADAAAAAAAA 
                AFAAAEAAAA AFAAYDAAAA AFAAYDAAAA AFAAYEAAAA ANAAAAAAAA 
                ANAAAAAAAA AFAAAEAAAA AFAAYDAAAA AFAAYDAAAA AFAAYEAAAA 
                ADAAAAAAAA ADAAAAAAAA ADAAAAAAAA ADAAAAAAAA ADAAAAAAAA 
                ADAAAAAAAA ADAAAAAAAA ADAAAAAAAA ADAAAAAAAA ADAAAAAAAA 
                ADAAAAAAAA ADAAAAAAAA ADAAAAAAAA ADAAAQAAAA ACAAAAAAAA 
                ACAAAAAAAA ACAAAAAAAA ACAAAAAAAA ADAAQQAAAA ADAAAAAAAA 
            </column>
            <column x="11">
                ADAAAAAAAA ADAAAQAAAA ACAAAAAAAA ACAAAAAAAA ACAAAAAAAA 
                ACAAAAAAAA ADAAQQAAAA ADAAAAAAAA AFAAAEAAAA AFAAYDAAAA 
                AFAAYDAAAA AFAAYDAAAA AFAAYDAAAA AFAAYDAAAA AFAAYDAAAA 
                AFAAYDAAAA AFAAYDAAAA AFAAYDAAAA AFAAYDAAAA AFAAYDAAAA 
                AFAAAAAAAA AOAAAAAAAA AOAAAAAAAA AFAAQDAAAA ANAAYPAAAA 
                ANAAYPAAAA AFAAADAAAA AOAAAAAAAA AOAAAUAAAA AFAAAAAAAA 
                AFAAYDAAAA AFAAYDAAAA AFAAYDAAAA AFAAYDAAAA AFAAYDAAAA 
                AFAAYDAAAA AFAAYDAAAA AFAAYDAAAA AFAAYDAAAA AFAAYDAAAA 
                AFAAYDAAAA AFAAYEAAAA ADAAAAAAAA ADAAAQAAAA ACAAAAAAAA 
                ACAAAAAAAA ACAAAAAAAA ACAAAAAAAA ADAAQQAAAA ADAAAAAAAA 
            </column>
            <column x="12">
                ADAAAAAAAA ADAAAQAAAA ACAAAAAAAA ACAAAAAAAA ACAAAAAAAA 
                ACAAAAAAAA ADAAQQAAAA ADAAAAAAAA AFAAADAAAA AFAAAAAAAA 
                AFAAIDAAAA AFAAIDAAAA AFAAIDAAAA AFAAIDAAAA AFAAIDAAAA 
                AFAAIDAAAA AFAAIDAAAA AFAAIDAAAA AFAAIDAAAA AFAAIDAAAA 
                AFAAAAAAAA AOAAAAAAAA AOAAAAAAAA AFAAQDAAAA ANAAAAAAAA 
                ANAAAAAAAA AFAAADAAAA AOAAAAAAAA AOAAAAAAAA AFAAAAAAAA 
                AFAAIDAAAA AFAAIDAAAA AFAAIDAAAA AFAAIDAAAA AFAAIDAAAA 
                AFAAIDAAAA AFAAAAAAAA AFAAIDAAAA AFAAIDAAAA AFAAIDAAAA 
                AFAAAAAAAA AFAAQDAAAA ADAAAAAAAA ADAAAQAAAA ACAAAAAAAA 
                ACAAAAAAAA ACAAAAAAAA ACAAAAAAAA ADAAQQAAAA ADAAAAAAAA 
            </column>
            <column x="13">
                ADAAAAAAAA ADAAAQAAAA ACAAAAAAAA ACAAAAAAAA ACAAAAAAAA 
                ACAAAAAAAA ADAAQQAAAA ADAAAAAAAA AFAAADAAAA AFAAQDAAAA 
                ANAAAAAAAA ANAAAAAAAA ANAAAAAAAA ANAAAAAAAA ANAAAAAAAA 
                ANAAAAAAAA ANAAAAAAAA ANAAAAAAAA ANAAAAAAAA ANAAAAAAAA 
                AFAAADAAAA AOAAAAAAAA AOAAAAAAAA AFAAQDAAAA ANAAQAAAAA 
                ANAAAAAAAA AFAAADAAAA AOAAAAAAAA AOAAAAAAAA AFAAQDAAAA 
                ANAAAAAAAA ANAAAAAAAA ANAAALAAAA ANAAAAAAAA ANAAAAAAAA 
                ANAAAAAAAA AFAAADAAAA AOAAAAAAAA AOAAAAAAAA AOAAAAAAAA 
                AFAAADAAAA AFAAQDAAAA ADAAAAAAAA ADAAAQAAAA ACAAAAAAAA 
                ACAAAAAAAA ACAAAAAAAA ACAAAAAAAA ADAAQQAAAA ADAAAAAAAA 
            </column>
            <column x="14">
                ADAAAAAAAA ADAAAQAAAA ACAAAAAAAA ACAAAAAAAA ACAAAAAAAA 
                ACAAAAAAAA ADAAQQAAAA ADAAAAAAAA AFAAADAAAA AFAAQDAAAA 
                ANAAAAAAAA ANAAAAAAAA ANAAAAAAAA ANAAAAAAAA ANAAAAAAAA 
                ANAAAAAAAA ANAAAAAAAA ANAAAAAAAA ANAAAAAAAA ANAAAAAAAA 
                AFAAIEAAAA AFAAQEAAAA AOAAIPAAAA AFAAQEAAAA ANAAIIAAAA 
                ANAAIIAAAA AFAAIEAAAA AOAAIPAAAA AFAAIEAAAA AFAAQEAAAA 
                ANAAAAAAAA ANAAAAAAAA ANAAAAAAAA ANAAAAAAAA ANAAAAAAAA 
                ANAAAAAAAA AOAAAPAAAA AOAAAAAAAA AOAAAAAAAA AOAAAUAAAA 
                AFAAADAAAA AFAAQDAAAA ADAAAAAAAA ADAAAQAAAA ACAAAAAAAA 
                ACAAAAAAAA ACAAAAAAAA ACAAAAAAAA ADAAQQAAAA ADAAAAAAAA 
            </column>
            <column x="15">
                ADAAAAAAAA ADAAAQAAAA ACAAAAAAAA ACAAAAAAAA ACAAAAAAAA 
                ACAAAAAAAA ADAAQQAAAA ADAAAAAAAA AFAAADAAAA AFAAQDAAAA 
                ANAAAAAAAA ANAAAAAAAA ANAAAAAAAA ANAAAAAAAA ANAAAAAAAA 
                ANAAAAAAAA ANAAAAAAAA ANAAAAAAAA ANAAAAAAAA ANAAAAAAAA 
                ANAAAAAAAA ANAAAAAAAA ANAAAAAAAA ANAAAAAAAA ANAAAAAAAA 
                ANAAAAAAAA ANAAAAAAAA ANAAAAAAAA ANAAAAAAAA ANAAAAAAAA 
                ANAAAAAAAA ANAAAAAAAA ANAAAAAAAA ANAAAAAAAA ANAAAAAAAA 
                ANAAAAAAAA AFAAADAAAA AOAAAAAAAA AOAAAAAAAA AOAAAAAAAA 
                AFAAADAAAA AFAAQDAAAA ADAAAAAAAA ADAAAQAAAA ACAAAAAAAA 
                ACAAAAAAAA ACAAAAAAAA ACAAAAAAAA ADAAQQAAAA ADAAAAAAAA 
            </column>
            <column x="16">
                ADAAAAAAAA ADAAAQAAAA ACAAAAAAAA ACAAAAAAAA ACAAAAAAAA 
                ACAAAAAAAA ADAAQQAAAA ADAAAAAAAA AFAAADAAAA AFAAQDAAAA 
                ANAAAAAAAA ANAAAAAAAA ANAAAAAAAA ANAAAAAAAA ANAAAAAAAA 
                ANAAAAAAAA ANAAAAAAAA ANAAAAAAAA ANAAAAAAAA ANAAAAAAAA 
                ANAAAAAAAA ANAAAAAAAA ANAAAAAAAA ANAAAAAAAA ANAAAAAAAA 
                ANAAAAAAAA ANAAAAAAAA ANAAAAAAAA ANAAAAAAAA ANAAAAAAAA 
                ANAAAAAAAA ANAAAAAAAA ANAAAAAAAA ANAAAAAAAA ANAAAAAAAA 
                ANAAAAAAAA AFAAIEAAAA AFAAIDAAAA AFAAIDAAAA AFAAIDAAAA 
                AFAAAAAAAA AFAAQDAAAA ADAAAAAAAA ADAAAQAAAA ACAAAAAAAA 
                ACAAAAAAAA ACAAAAAAAA ACAAAAAAAA ADAAQQAAAA ADAAAAAAAA 
            </column>
            <column x="17">
                ADAAAAAAAA ADAAAQAAAA ACAAAAAAAA ACAAAAAAAA ACAAAAAAAA 
                ACAAAAAAAA ADAAQQAAAA ADAAAAAAAA AFAAADAAAA AFAAQDAAAA 
                ANAAAAAAAA ANAAAAAAAA ANAAAAAAAA ANAAAAAAAA ANAAAAAAAA 
                ANAAAAAAAA ANAAAAAAAA ANAAAAAAAA ANAAAAAAAA ANAAAAAAAA 
                ANAAAAAAAA ANAAAAAAAA ANAAAAAAAA ANAAAAAAAA ANAAAAAAAA 
                ANAAAAAAAA ANAAAAAAAA ANAAAAAAAA ANAAAAAAAA ANAAAAAAAA 
                ANAAAAAAAA ANAAAAAAAA ANAAAAAAAA ANAAAAAAAA ANAAAAAAAA 
                ANAAAAAAAA ANAAAAAAAA ANAAAAAAAA ANAAAAAAAA ANAAAAAAAA 
                AFAAADAAAA AFAAQDAAAA ADAAAAAAAA ADAAAQAAAA ACAAAAAAAA 
                ACAAAAAAAA ACAAAAAAAA ACAAAAAAAA ADAAQQAAAA ADAAAAAAAA 
            </column>
            <column x="18">
                ADAAAAAAAA ADAAAQAAAA ACAAAAAAAA ACAAAAAAAA ACAAAAAAAA 
                ACAAAAAAAA ADAAQQAAAA ADAAAAAAAA AFAAADAAAA AFAAQDAAAA 
                ANAAAAAAAA ANAAAAAAAA ANAAAAAAAA ANAAAAAAAA ANAAAAAAAA 
                ANAAAAAAAA ANAAAAAAAA ANAAAAAAAA ANAAAAAAAA ANAAAAAAAA 
                ANAAAAAAAA ANAAAAAAAA ANAAAAAAAA ANAAAAAAAA ANAAAAAAAA 
                ANAAAAAAAA ANAAAAAAAA ANAAAAAAAA ANAAAAAAAA ANAAAAAAAA 
                ANAAAAAAAA ANAAAAAAAA ANAAAAAAAA ANAAAAAAAA ANAAAAAAAA 
                ANAAAAAAAA ANAAAAAAAA ANAAAAAAAA ANAAAAAAAA ANAAAAAAAA 
                AFAAADAAAA AFAAQDAAAA ADAAAAAAAA ADAAAQAAAA ACAAAAAAAA 
                ACAAAAAAAA ACAAAAAAAA ACAAAAAAAA ADAAQQAAAA ADAAAAAAAA 
            </column>
            <column x="19">
                ADAAAAAAAA ADAAAQAAAA ACAAAAAAAA ACAAAAAAAA ACAAAAAAAA 
                ACAAAAAAAA ADAAQQAAAA ADAAAAAAAA AFAAADAAAA AFAAAAAAAA 
                AFAAYDAAAA AFAAYDAAAA AFAAYDAAAA AFAAYDAAAA AFAAYDAAAA 
                AFAAYDAAAA AFAAYDAAAA AFAAYDAAAA AFAAYDAAAA AFAAYDAAAA 
                AFAAYDAAAA AFAAYDAAAA AFAAYEAAAA ANAAAAAAAA ANAAAAAAAA 
                ANAAAAAAAA ANAAAAAAAA ANAAAAAAAA ANAAAAAAAA ANAAAAAAAA 
                ANAAAAAAAA ANAAAAAAAA ANAAAAAAAA ANAAAAAAAA ANAAAAAAAA 
                ANAAAAAAAA ANAAAAAAAA ANAAAAAAAA ANAAAAAAAA ANAAAAAAAA 
                AFAAADAAAA AFAAQDAAAA ADAAAAAAAA ADAAAQAAAA ACAAAAAAAA 
                ACAAAAAAAA ACAAAAAAAA ACAAQQAAAA ADAAQQAAAA ADAAAAAAAA 
            </column>
            <column x="20">
                ADAAAAAAAA ADAAAQAAAA ACAAAAAAAA ACAAAAAAAA ACAAAAAAAA 
                ACAAAAAAAA ADAAQQAAAA ADAAAAAAAA AFAAADAAAA AFAAAAAAAA 
                AFAAIDAAAA AFAAIDAAAA AFAAIDAAAA AFAAIDAAAA AFAAIDAAAA 
                AFAAIDAAAA AFAAIDAAAA AFAAIDAAAA AFAAIDAAAA AFAAIDAAAA 
                AFAAIDAAAA AFAAAAAAAA AFAAQDAAAA ANAAAAAAAA ANAAAAAAAA 
                ANAAAAAAAA ANAAAAAAAA ANAAAAAAAA ANAAAAAAAA ANAAAAAAAA 
                ANAAAAAAAA ANAAAAAAAA ANAAAAAAAA ANAAAAAAAA ANAAAAAAAA 
                ANAAAAAAAA ANAAAAAAAA ANAAAAAAAA ANAAAAAAAA ANAAAAAAAA 
                AFAAADAAAA AFAAQDAAAA ADAAAAAAAA ADAAAQAAAA ACAAAAAAAA 
                ACAAAAAAAA ACAAAAAAAA ACAAQQAAAA ADAAQQAAAA ADAAAAAAAA 
            </column>
            <column x="21">
                ADAAAAAAAA ADAAAQAAAA ACAAAAAAAA ACAAAAAAAA ACAAAAAAAA 
                ACAAAAAAAA ADAAQQAAAA ADAAAAAAAA AFAAADAAAA AFAAQDAAAA 
                AOAAAAAAAA AOAAAAAAAA AOAAAAAAAA AOAAAAAAAA AFAAAAAAAA 
                AOAAAAAAAA AOAAAPAAAA AOAAAAAAAA AOAAAAAAAA AOAAAAAAAA 
                AOAAAAAAAA AFAAADAAAA AFAAQDAAAA ANAAAAAAAA ANAAAAAAAA 
                ANAAAAAAAA ANAAAAAAAA ANAAAAAAAA ANAAAAAAAA ANAAAAAAAA 
                ANAAAAAAAA ANAAAAAAAA ANAAAAAAAA ANAAAAAAAA ANAAAAAAAA 
                ANAAAAAAAA ANAAAAAAAA ANAAAAAAAA ANAAAAAAAA ANAAAAAAAA 
                AFAAADAAAA AFAAQDAAAA ADAAAAAAAA ADAAAQAAAA ACAAAAAAAA 
                ACAAAAAAAA ACAAAAAAAA ACAAQQAAAA ADAAQQAAAA ADAAAAAAAA 
            </column>
            <column x="22">
                ADAAAAAAAA ADAAAQAAAA ACAAAAAAAA ACAAAAAAAA ACAAAAAAAA 
                ACAAAAAAAA ADAAQQAAAA ADAAAAAAAA AFAAADAAAA AFAAQDAAAA 
                AOAAAAAAAA AOAAAAAAAA AOAAAAAAAA AOAAAAAAAA AOAAQPAAAA 
                AOAAAAAAAA AFAAAAAAAA AOAAAAAAAA AOAAAAAAAA AOAAAAAAAA 
                AOAAAAAAAA AFAAADAAAA AFAAQDAAAA ANAAAAAAAA ANAAAAAAAA 
                ANAAAAAAAA ANAAAAAAAA ANAAAAAAAA ANAAAAAAAA ANAAAAAAAA 
                ANAAAAAAAA ANAAAAAAAA ANAAAAAAAA ANAAAAAAAA ANAAAAAAAA 
                ANAAAAAAAA ANAAAAAAAA ANAAAAAAAA ANAAAAAAAA ANAAAAAAAA 
                AFAAADAAAA AFAAQDAAAA ADAAAAAAAA ADAAAQAAAA ACAAAAAAAA 
                ACAAAAAAAA ACAAAAAAAA ACAAQQAAAA ADAAQQAAAA ADAAAAAAAA 
            </column>
            <column x="23">
                ADAAAAAAAA ADAAAQAAAA ACAAAAAAAA ACAAAAAAAA ACAAAAAAAA 
                ACAAAAAAAA ADAAQQAAAA ADAAAAAAAA AFAAADAAAA AFAAQDAAAA 
                AOAAIDAAAA AOAAIDAAAA AOAAIDAAAA AOAAIDAAAA AFAAAAAAAA 
                AOAAAAAAAA AFAAAAAAAA AOAAAAAAAA AOAAAAAAAA AOAAAAAAAA 
                AOAAAAAAAA AFAAADAAAA AFAAAAAAAA AFAAYDAAAA AFAAYDAAAA 
                AFAAYDAAAA AFAAYDAAAA AFAAYDAAAA AFAAYDAAAA AFAAYDAAAA 
                AFAAYDAAAA AFAAYDAAAA AFAAYDAAAA AFAAYDAAAA AFAAYEAAAA 
                ANAAAAAAAA ANAAAAAAAA ANAAAAAAAA ANAAAAAAAA ANAAAAAAAA 
                AFAAADAAAA AFAAQDAAAA ADAAAAAAAA ADAAAQAAAA ACAAAAAAAA 
                ACAAAAAAAA ACAAAAAAAA ACAAQQAAAA ADAAQQAAAA ADAAAAAAAA 
            </column>
            <column x="24">
                ADAAAAAAAA ADAAAQAAAA ACAAAAAAAA ACAAAAAAAA ACAAAAAAAA 
                ACAAAAAAAA ADAAQQAAAA ADAAAAAAAA AFAAADAAAA AFAAQDAAAA 
                AOAAAAAAAA AOAAAAAAAA AOAAAAAAAA AOAAAAAAAA AFAAAAAAAA 
                AOAAAAAAAA AFAAAAAAAA AFAAAAAAAA AFAAAAAAAA AFAAAAAAAA 
                AFAAAAAAAA AFAAAAAAAA AFAAQDAAAA AOAAAAAAAA AOAAAAAAAA 
                AOAAAAAAAA AOAAAAAAAA AOAAQDAAAA AOAAAAAAAA AOAAADAAAA 
                AOAAYVAAAA AOAAIVAAAA AOAAAAAAAA AOAAQVAAAA AFAAQDAAAA 
                ANAAAAAAAA ANAAAAAAAA ANAAAAAAAA ANAAAAAAAA ANAAAAAAAA 
                AFAAADAAAA AFAAQDAAAA ADAAAAAAAA ADAAAQAAAA ACAAAAAAAA 
                ACAAAAAAAA ACAAAAAAAA ACAAAAAAAA ADAAQQAAAA ADAAAAAAAA 
            </column>
            <column x="25">
                ADAAAAAAAA ADAAAQAAAA ACAAAAAAAA ACAAAAAAAA ACAAAAAAAA 
                ACAAAAAAAA ADAAQQAAAA ADAAAAAAAA AFAAADAAAA AFAAQDAAAA 
                AOAAAAAAAA AOAAAAAAAA AOAAAAAAAA AOAAAAAAAA AFAAAAAAAA 
                AOAAAAAAAA AOAAAPAAAA AOAAAAAAAA AOAAAAAAAA AOAAAAAAAA 
                AOAAAAAAAA AFAAADAAAA AFAAQDAAAA AOAAAAAAAA AOAAAAAAAA 
                AOAAAAAAAA AOAAAAAAAA AOAAQPAAAA AOAAAAAAAA AOAAADAAAA 
                AOAAAAAAAA AOAAAAAAAA AOAAALAAAA AOAAAWAAAA AFAAQDAAAA 
                ANAAAAAAAA ANAAAAAAAA ANAAAAAAAA ANAAAAAAAA ANAAAAAAAA 
                AFAAADAAAA AFAAQDAAAA ADAAAAAAAA ADAAAQAAAA ACAAAAAAAA 
                ACAAAAAAAA ACAAAAAAAA ACAAAAAAAA ADAAQQAAAA ADAAAAAAAA 
            </column>
            <column x="26">
                ADAAAAAAAA ADAAAQAAAA ACAAAAAAAA ACAAAAAAAA ACAAAAAAAA 
                ACAAAAAAAA ADAAQQAAAA ADAAAAAAAA AFAAADAAAA AFAAQDAAAA 
                AOAAAAAAAA AOAAAAAAAA AOAAAAAAAA AOAAAAAAAA AFAAAAAAAA 
                AOAAAAAAAA AFAAAAAAAA AOAAAAAAAA AOAAAAAAAA AOAAAAAAAA 
                AOAAAAAAAA AFAAADAAAA AFAAQDAAAA AOAAIDAAAA AOAAIDAAAA 
                AOAAIDAAAA AOAAIDAAAA AOAAQEAAAA AOAAAAAAAA AOAAAPAAAA 
                AOAAAAAAAA AOAAAAAAAA AOAAAAAAAA AOAAAVAAAA AFAAQDAAAA 
                ANAAAAAAAA ANAAAAAAAA ANAAAAAAAA ANAAAAAAAA ANAAAAAAAA 
                AFAAADAAAA AFAAQDAAAA ADAAAAAAAA ADAAAQAAAA ACAAAAAAAA 
                ACAAAAAAAA ACAAAAAAAA ACAAAAAAAA ADAAQQAAAA ADAAAAAAAA 
            </column>
            <column x="27">
                ADAAAAAAAA ADAAAQAAAA ACAAAAAAAA ACAAAAAAAA ACAAAAAAAA 
                ACAAAAAAAA ADAAQQAAAA ADAAAAAAAA AFAAADAAAA AFAAAAAAAA 
                AFAAAAAAAA AOAAIPAAAA AFAAAAAAAA AFAAAAAAAA AFAAAAAAAA 
                AOAAAAAAAA AFAAAAAAAA AOAAAAAAAA AOAAAAAAAA AOAAAAAAAA 
                AOAAAAAAAA AFAAADAAAA AFAAQDAAAA AOAAAAAAAA AOAAAAAAAA 
                AOAAQDAAAA AOAAAUAAAA AOAAQDAAAA AOAAAAAAAA AOAAADAAAA 
                AOAAYVAAAA AOAAIVAAAA AOAAAAAAAA AOAAAAAAAA AFAAQDAAAA 
                ANAAAAAAAA ANAAAAAAAA ANAAAAAAAA ANAAAAAAAA ANAAAAAAAA 
                AFAAADAAAA AFAAQDAAAA ADAAAAAAAA ADAAAQAAAA ACAAAAAAAA 
                ACAAAAAAAA ACAAAAAAAA ACAAAAAAAA ADAAQQAAAA ADAAAAAAAA 
            </column>
            <column x="28">
                ADAAAAAAAA ADAAAQAAAA ACAAAAAAAA ACAAAAAAAA ACAAAAAAAA 
                ACAAAAAAAA ADAAQQAAAA ADAAAAAAAA AFAAADAAAA AFAAQDAAAA 
                AOAAAAAAAA AOAAAAAAAA AOAAAAAAAA AOAAAAAAAA AOAAAAAAAA 
                AOAAAAAAAA AFAAAAAAAA AOAAAAAAAA AOAAAAAAAA AOAAAAAAAA 
                AOAAAAAAAA AFAAADAAAA AFAAQDAAAA AOAAAAAAAA AOAAAAAAAA 
                AOAAQDAAAA AOAAAAAAAA AOAAQPAAAA AOAAAAAAAA AOAAADAAAA 
                AOAAAAAAAA AOAAAAAAAA AOAAAAAAAA AOAAAAAAAA AFAAQDAAAA 
                ANAAAAAAAA ANAAAAAAAA ANAAAAAAAA ANAAAAAAAA ANAAAAAAAA 
                AFAAADAAAA AFAAQDAAAA ADAAAAAAAA ADAAAQAAAA ACAAAAAAAA 
                ACAAAAAAAA ACAAAAAAAA ACAAAAAAAA ADAAQQAAAA ADAAAAAAAA 
            </column>
            <column x="29">
                ADAAAAAAAA ADAAAQAAAA ACAAAAAAAA ACAAAAAAAA ACAAAAAAAA 
                ACAAAAAAAA ADAAQQAAAA ADAAAAAAAA AFAAADAAAA AFAAQDAAAA 
                AOAAAAAAAA AOAAAAAAAA AOAAAAAAAA AOAAAAAAAA AOAAAAAAAA 
                AOAAAAAAAA AFAAIEAAAA AFAAIDAAAA AOAAIPAAAA AFAAIDAAAA 
                AFAAIDAAAA AFAAIDAAAA AFAAQEAAAA AOAAIDAAAA AOAAIPAAAA 
                AOAAQEAAAA AOAAIDAAAA AOAAQEAAAA AOAAAAAAAA AOAAIEAAAA 
                AOAAIDAAAA AOAAIDAAAA AOAAIDAAAA AOAAIDAAAA AFAAQEAAAA 
                ANAAAAAAAA ANAAAAAAAA ANAAAAAAAA ANAAAAAAAA ANAAAAAAAA 
                AFAAADAAAA AFAAQDAAAA ADAAAAAAAA ADAAAQAAAA ACAAAAAAAA 
                ACAAAAAAAA ACAAAAAAAA ACAAAAAAAA ADAAQQAAAA ADAAAAAAAA 
            </column>
            <column x="30">
                ADAAAAAAAA ADAAAQAAAA ACAAAAAAAA ACAAAAAAAA ACAAAAAAAA 
                ACAAAAAAAA ADAAQQAAAA ADAAAAAAAA AFAAADAAAA AFAAQDAAAA 
                AOAAAAAAAA AOAAAAAAAA AOAAAAAAAA AOAAAAAAAA AOAAAAAAAA 
                AOAAAAAAAA AOAAAAAAAA AOAAAAAAAA AOAAAAAAAA AOAAAAAAAA 
                AOAAAAAAAA AOAAAAAAAA AOAAQPAAAA AOAAAAAAAA AOAAIAAAAA 
                AOAAAAAAAA AOAAAAAAAA AOAAAAAAAA AOAAAAAAAA AOAAAAAAAA 
                AOAAAAAAAA AOAAAAAAAA AOAAAAAAAA AOAAAAAAAA ANAAAPAAAA 
                ANAAAAAAAA ANAAAAAAAA ANAAAAAAAA ANAAAAAAAA ANAAAAAAAA 
                AFAAADAAAA AFAAQDAAAA ADAAAAAAAA ADAAAQAAAA ACAAAAAAAA 
                ACAAAAAAAA ACAAAAAAAA ACAAAAAAAA ADAAQQAAAA ADAAAAAAAA 
            </column>
            <column x="31">
                ADAAAAAAAA ADAAAQAAAA ACAAAAAAAA ACAAAAAAAA ACAAAAAAAA 
                ACAAAAAAAA ADAAQQAAAA ADAAAAAAAA AFAAADAAAA AFAAAAAAAA 
                AFAAYDAAAA AFAAYDAAAA AFAAYEAAAA AOAAYPAAAA AFAAYDAAAA 
                AFAAYDAAAA AFAAYDAAAA AOAAYPAAAA AFAAYDAAAA AFAAYDAAAA 
                AFAAYDAAAA AFAAYDAAAA AFAAYEAAAA AOAAYDAAAA AOAAYDAAAA 
                AOAAYDAAAA AOAAYEAAAA AOAAAAAAAA AOAAAEAAAA AOAAYDAAAA 
                AOAAYPAAAA AOAAYDAAAA AOAAYDAAAA AOAAYDAAAA AFAAYEAAAA 
                ANAAAAAAAA ANAAAAAAAA ANAAAAAAAA ANAAAAAAAA ANAAAAAAAA 
                AFAAADAAAA AFAAQDAAAA ADAAAAAAAA ADAAAQAAAA ACAAAAAAAA 
                ACAAAAAAAA ACAAAAAAAA ACAAAAAAAA ADAAQQAAAA ADAAAAAAAA 
            </column>
            <column x="32">
                ADAAAAAAAA ADAAAQAAAA ACAAAAAAAA ACAAAAAAAA ACAAAAAAAA 
                ACAAAAAAAA ADAAQQAAAA ADAAAAAAAA AFAAADAAAA AFAAQDAAAA 
                AOAAAAAAAA AOAAAAAAAA AOAAQDAAAA AOAAAAAAAA AFAAAAAAAA 
                AOAAAAAAAA AOAAAAAAAA AOAAAAAAAA AOAAAAAAAA AOAAAAAAAA 
                AOAAAAAAAA AFAAADAAAA AFAAQDAAAA AOAAAAAAAA AOAAAAAAAA 
                AOAAAAAAAA AOAAQPAAAA AOAAAAAAAA AOAAADAAAA AOAAAAAAAA 
                AOAAAAAAAA AOAAYAAAAA AOAAAAAAAA AOAAAAAAAA AFAAQDAAAA 
                ANAAAAAAAA ANAAAAAAAA ANAAAAAAAA ANAAAAAAAA ANAAAAAAAA 
                AFAAADAAAA AFAAQDAAAA ADAAAAAAAA ADAAAQAAAA ACAAAAAAAA 
                ACAAAAAAAA ACAAAAAAAA ACAAAAAAAA ADAAQQAAAA ADAAAAAAAA 
            </column>
            <column x="33">
                ADAAAAAAAA ADAAAQAAAA ACAAAAAAAA ACAAAAAAAA ACAAAAAAAA 
                ACAAAAAAAA ADAAQQAAAA ADAAAAAAAA AFAAADAAAA AFAAQDAAAA 
                AOAAAAAAAA AOAAAAAAAA AOAAQPAAAA AOAAAAAAAA AFAAAAAAAA 
                AOAAAAAAAA AOAAAAAAAA AOAAAAAAAA AOAAAAAAAA AOAAAAAAAA 
                AOAAAAAAAA AFAAADAAAA AFAAQDAAAA AOAAIDAAAA AOAAIDAAAA 
                AOAAIDAAAA AOAAQEAAAA AOAAAAAAAA AOAAADAAAA AOAAAAAAAA 
                AOAAAAAAAA AOAAAAAAAA AOAAAAAAAA AOAAAAAAAA AFAAQDAAAA 
                ANAAAAAAAA ANAAAAAAAA ANAAAAAAAA ANAAAAAAAA ANAAAAAAAA 
                AFAAADAAAA AFAAQDAAAA ADAAAAAAAA ADAAAQAAAA ACAAAAAAAA 
                ACAAAAAAAA ACAAAAAAAA ACAAAAAAAA ADAAQQAAAA ADAAAAAAAA 
            </column>
            <column x="34">
                ADAAAAAAAA ADAAAQAAAA ACAAAAAAAA ACAAAAAAAA ACAAAAAAAA 
                ACAAAAAAAA ADAAQQAAAA ADAAAAAAAA AFAAADAAAA AFAAQDAAAA 
                AOAAIDAAAA AOAAIDAAAA AOAAQEAAAA AOAAAAAAAA AFAAAAAAAA 
                AOAAAAAAAA AOAAAAAAAA AOAAAAAAAA AOAAAAAAAA AOAAAAAAAA 
                AOAAAAAAAA AFAAADAAAA AFAAQDAAAA AOAAAAAAAA AOAAAAAAAA 
                AOAAAAAAAA AOAAQDAAAA AOAAAAAAAA AOAAADAAAA AOAAAAAAAA 
                AOAAAAAAAA AOAAAAAAAA AOAAAAAAAA AOAAAAAAAA AFAAQDAAAA 
                ANAAAAAAAA ANAAAAAAAA ANAAAAAAAA ANAAAAAAAA ANAAAAAAAA 
                AFAAADAAAA AFAAQDAAAA ADAAAAAAAA ADAAAQAAAA ACAAAAAAAA 
                ACAAAAAAAA ACAAAAAAAA ACAAAAAAAA ADAAQQAAAA ADAAAAAAAA 
            </column>
            <column x="35">
                ADAAAAAAAA ADAAAQAAAA ACAAAAAAAA ACAAAAAAAA ACAAAAAAAA 
                ACAAAAAAAA ADAAQQAAAA ADAAAAAAAA AFAAADAAAA AFAAQDAAAA 
                AOAAAAAAAA AOAAAAAAAA AOAAQDAAAA AOAAAAAAAA AFAAAAAAAA 
                AOAAAAAAAA AOAAAAAAAA AOAAAAAAAA AOAAAAAAAA AOAAAAAAAA 
                AOAAAAAAAA AFAAADAAAA AFAAQDAAAA AOAAAAAAAA AOAAAAAAAA 
                AOAAAAAAAA AOAAQPAAAA AOAAAAAAAA AOAAADAAAA AOAAAAAAAA 
                AOAAAAAAAA AOAAAAAAAA AOAAAAAAAA AOAAAAAAAA AFAAQDAAAA 
                ANAAAAAAAA ANAAAAAAAA ANAAAAAAAA ANAAAAAAAA ANAAAAAAAA 
                AFAAADAAAA AFAAQDAAAA ADAAAAAAAA ADAAAQAAAA ACAAAAAAAA 
                ACAAAAAAAA ACAAAAAAAA ACAAAAAAAA ADAAQQAAAA ADAAAAAAAA 
            </column>
            <column x="36">
                ADAAAAAAAA ADAAAQAAAA ACAAAAAAAA ACAAAAAAAA ACAAAAAAAA 
                ACAAAAAAAA ADAAQQAAAA ADAAAAAAAA AFAAADAAAA AFAAQDAAAA 
                AOAAAAAAAA AOAAAAAAAA AOAAQPAAAA AOAAAAAAAA AFAAAAAAAA 
                AOAAAAAAAA AOAAAAAAAA AOAAAAAAAA AOAAAAAAAA AOAAAAAAAA 
                AOAAAAAAAA AFAAADAAAA AFAAQDAAAA AOAAAAAAAA AOAAAAAAAA 
                AOAAAAAAAA AOAAQDAAAA AOAAAAAAAA AFAAAAAAAA AFAAIDAAAA 
                AFAAIDAAAA AFAAIDAAAA AFAAIDAAAA AFAAIDAAAA AFAAQEAAAA 
                ANAAAAAAAA ANAAAAAAAA ANAAAAAAAA ANAAAAAAAA ANAAAAAAAA 
                AFAAADAAAA AFAAQDAAAA ADAAAAAAAA ADAAAQAAAA ACAAAAAAAA 
                ACAAAAAAAA ACAAAAAAAA ACAAAAAAAA ADAAQQAAAA ADAAAAAAAA 
            </column>
            <column x="37">
                ADAAAAAAAA ADAAAQAAAA ACAAAAAAAA ACAAAAAAAA ACAAAAAAAA 
                ACAAAAAAAA ADAAQQAAAA ADAAAAAAAA AFAAADAAAA AFAAQDAAAA 
                AOAAIDAAAA AOAAIDAAAA AOAAQEAAAA AOAAAAAAAA AFAAAAAAAA 
                AOAAAAAAAA AOAAAAAAAA AOAAAAAAAA AOAAAAAAAA AOAAAAAAAA 
                AOAAAAAAAA AFAAADAAAA AFAAQDAAAA AOAAYDAAAA AOAAYDAAAA 
                AOAAYDAAAA AOAAYEAAAA AOAAAAAAAA AFAAQDAAAA ANAAAAAAAA 
                ANAAAAAAAA ANAAAAAAAA ANAAAAAAAA ANAAAAAAAA ANAAAAAAAA 
                ANAAAAAAAA ANAAAAAAAA ANAAAAAAAA ANAAAAAAAA ANAAAAAAAA 
                AFAAADAAAA AFAAQDAAAA ADAAAAAAAA ADAAAQAAAA ACAAAAAAAA 
                ACAAAAAAAA ACAAAAAAAA ACAAAAAAAA ADAAQQAAAA ADAAAAAAAA 
            </column>
            <column x="38">
                ADAAAAAAAA ADAAAQAAAA ACAAAAAAAA ACAAAAAAAA ACAAAAAAAA 
                ACAAAAAAAA ADAAQQAAAA ADAAAAAAAA AFAAADAAAA AFAAQDAAAA 
                AOAAAAAAAA AOAAAAAAAA AOAAQDAAAA AOAAAAAAAA AFAAAAAAAA 
                AOAAAAAAAA AOAAAAAAAA AOAAAAAAAA AOAAAAAAAA AOAAAAAAAA 
                AOAAAAAAAA AFAAADAAAA AFAAQDAAAA AOAAAAAAAA AOAAAAAAAA 
                AOAAAAAAAA AOAAQDAAAA AOAAAAAAAA AFAAQDAAAA ANAAAAAAAA 
                ANAAAAAAAA ANAAAAAAAA ANAAAAAAAA ANAAAAAAAA ANAAAAAAAA 
                ANAAAAAAAA ANAAAAAAAA ANAAAAAAAA ANAAAAAAAA ANAAAAAAAA 
                AFAAADAAAA AFAAQDAAAA ADAAAAAAAA ADAAAQAAAA ACAAAAAAAA 
                ACAAAAAAAA ACAAAAAAAA ACAAAAAAAA ADAAQQAAAA ADAAAAAAAA 
            </column>
            <column x="39">
                ADAAAAAAAA ADAAAQAAAA ACAAAAAAAA ACAAAAAAAA ACAAAAAAAA 
                ACAAAAAAAA ADAAQQAAAA ADAAAAAAAA AFAAADAAAA AFAAQDAAAA 
                AOAAAAAAAA AOAAAAAAAA AOAAQPAAAA AOAAAAAAAA AOAAAPAAAA 
                AOAAAAAAAA AOAAAAAAAA AOAAAAAAAA AOAAAAAAAA AOAAAAAAAA 
                AOAAAAAAAA AFAAADAAAA AFAAQDAAAA AOAAAAAAAA AOAAAAAAAA 
                AOAAAAAAAA AOAAQPAAAA AOAAAAAAAA AFAAQDAAAA ANAAAAAAAA 
                ANAAAAAAAA ANAAAAAAAA ANAAAAAAAA ANAAAAAAAA ANAAAAAAAA 
                ANAAAAAAAA ANAAAAAAAA ANAAAAAAAA ANAAAAAAAA ANAAAAAAAA 
                AFAAADAAAA AFAAQDAAAA ADAAAAAAAA ADAAAQAAAA ACAAAAAAAA 
                ACAAAAAAAA ACAAAAAAAA ACAAAAAAAA ADAAQQAAAA ADAAAAAAAA 
            </column>
            <column x="40">
                ADAAAAAAAA ADAAAQAAAA ACAAAAAAAA ACAAAAAAAA ACAAAAAAAA 
                ACAAAAAAAA ADAAQQAAAA ADAAAAAAAA AFAAADAAAA AFAAQDAAAA 
                AOAAAAAAAA AOAAAAAAAA AOAAQDAAAA AOAAAAAAAA AFAAAAAAAA 
                AOAAAAAAAA AOAAAAAAAA AOAAAAAAAA AOAAAAAAAA AOAAAAAAAA 
                AOAAAAAAAA AFAAADAAAA AFAAQDAAAA AOAAAAAAAA AOAAAAAAAA 
                AOAAAAAAAA AOAAQDAAAA AOAAAUAAAA AFAAQDAAAA ANAAAAAAAA 
                ANAAAAAAAA ANAAAAAAAA ANAAAAAAAA ANAAAAAAAA ANAAAAAAAA 
                ANAAAAAAAA ANAAAAAAAA ANAAAAAAAA ANAAAAAAAA ANAAAAAAAA 
                AFAAADAAAA AFAAQDAAAA ADAAAAAAAA ADAAAQAAAA ACAAAAAAAA 
                ACAAAAAAAA ACAAAAAAAA ACAAAAAAAA ADAAQQAAAA ADAAAAAAAA 
            </column>
            <column x="41">
                ADAAAAAAAA ADAAAQAAAA ACAAAAAAAA ACAAAAAAAA ACAAAAAAAA 
                ACAAAAAAAA ADAAQQAAAA ADAAAAAAAA AFAAADAAAA AFAAAAAAAA 
                AFAAYDAAAA AFAAYDAAAA AFAAYDAAAA AFAAYDAAAA AFAAAAAAAA 
                AFAAYDAAAA AFAAYDAAAA AFAAYDAAAA AFAAYDAAAA AFAAYDAAAA 
                AFAAYDAAAA AFAAAAAAAA AFAAAAAAAA AFAAYDAAAA AFAAYDAAAA 
                AFAAYDAAAA AFAAYDAAAA AFAAYDAAAA AFAAAAAAAA AFAAYDAAAA 
                AFAAYDAAAA AFAAYDAAAA AFAAYDAAAA AFAAYDAAAA AFAAYDAAAA 
                AFAAYDAAAA AFAAYDAAAA AFAAYDAAAA AFAAYDAAAA AFAAYDAAAA 
                AFAAAAAAAA AFAAQDAAAA ADAAAAAAAA ADAAAQAAAA ACAAAAAAAA 
                ACAAAAAAAA ACAAAAAAAA ACAAAAAAAA ADAAQQAAAA ADAAAAAAAA 
            </column>
            <column x="42">
                ADAAAAAAAA ADAAAQAAAA ACAAAAAAAA ACAAAAAAAA ACAAAAAAAA 
                ACAAAAAAAA ADAAQQAAAA ADAAAAAAAA AFAAIEAAAA AFAAIDAAAA 
                AFAAIDAAAA AFAAIDAAAA AFAAIDAAAA AFAAIDAAAA AFAAIDAAAA 
                AFAAIDAAAA AFAAIDAAAA AFAAIDAAAA AFAAIDAAAA AFAAIDAAAA 
                AFAAIDAAAA AFAAIDAAAA AFAAIDAAAA AFAAIDAAAA AFAAIDAAAA 
                AFAAIDAAAA AFAAIDAAAA AFAAIDAAAA AFAAIDAAAA AFAAIDAAAA 
                AFAAIDAAAA AFAAIDAAAA AFAAIDAAAA AFAAIDAAAA AFAAIDAAAA 
                AFAAIDAAAA AFAAIDAAAA AFAAIDAAAA AFAAIDAAAA AFAAIDAAAA 
                AFAAIDAAAA AFAAQEAAAA ADAAAAAAAA ADAAAQAAAA ACAAAAAAAA 
                ACAAAAAAAA ACAAAAAAAA ACAAAAAAAA ADAAQQAAAA ADAAAAAAAA 
            </column>
            <column x="43">
                ADAAAAAAAA ADAAAQAAAA ACAAAQAAAA ACAAAAAAAA ACAAAAAAAA 
                ACAAAAAAAA ADAAQQAAAA ADAAAAAAAA ADAAAAAAAA ADAAAAAAAA 
                ADAAAAAAAA ADAAAAAAAA ADAAAAAAAA ADAAAAAAAA ADAAAAAAAA 
                ADAAAAAAAA ADAAAAAAAA ADAAAAAAAA ADAAAAAAAA ADAAAAAAAA 
                ADAAAAAAAA ADAAAAAAAA ADAAAAAAAA ADAAAAAAAA ADAAAAAAAA 
                ADAAAAAAAA ADAAAAAAAA ADAAAAAAAA ADAAAAAAAA ADAAAAAAAA 
                ADAAAAAAAA ADAAAAAAAA ADAAAAAAAA ADAAAAAAAA ADAAAAAAAA 
                ADAAAAAAAA ADAAAAAAAA ADAAAAAAAA ADAAAAAAAA ADAAAAAAAA 
                ADAAAAAAAA ADAAAAAAAA ADAAAAAAAA ADAAAQAAAA ACAAAAAAAA 
                ACAAAAAAAA ACAAAAAAAA ACAAAAAAAA ADAAQQAAAA ADAAAAAAAA 
            </column>
            <column x="44">
                ADAAAAAAAA ADAAAQAAAA ACAAAQAAAA ACAAAAAAAA ACAAAAAAAA 
                ACAAAAAAAA ADAAYSAAAA ADAAYQAAAA ADAAYQAAAA ADAAYQAAAA 
                ADAAYQAAAA ADAAYQAAAA ADAAYQAAAA ADAAYQAAAA ADAAYQAAAA 
                ADAAYQAAAA ADAAYQAAAA ADAAYQAAAA ADAAYQAAAA ADAAYQAAAA 
                ADAAYQAAAA ADAAYQAAAA ADAAYQAAAA ADAAYQAAAA ADAAYQAAAA 
                ADAAYQAAAA ADAAYQAAAA ADAAYQAAAA ADAAYQAAAA ADAAYQAAAA 
                ADAAYQAAAA ADAAYQAAAA ADAAYQAAAA ADAAYQAAAA ADAAYQAAAA 
                ADAAYQAAAA ADAAYQAAAA ADAAYQAAAA ADAAYQAAAA ADAAYQAAAA 
                ADAAYQAAAA ADAAYQAAAA ADAAYQAAAA ADAAASAAAA ACAAAAAAAA 
                ACAAAAAAAA ACAAAAAAAA ACAAAAAAAA ADAAQQAAAA ADAAAAAAAA 
            </column>
            <column x="45">
                ADAAAAAAAA ADAAAQAAAA ACAAAQAAAA ACAAAAAAAA ACAAAAAAAA 
                ACAAAAAAAA ACAAAAAAAA ACAAAAAAAA ACAAAAAAAA ACAAAAAAAA 
                ACAAAAAAAA ACAAAAAAAA ACAAAAAAAA ACAAAAAAAA ACAAAAAAAA 
                ACAAAAAAAA ACAAAAAAAA ACAAAAAAAA ACAAAAAAAA ACAAAAAAAA 
                ACAAYQAAAA ACAAYQAAAA ACAAAAAAAA ACAAAAAAAA ACAAAAAAAA 
                ACAAAAAAAA ACAAAAAAAA ACAAAAAAAA ACAAAAAAAA ACAAAAAAAA 
                ACAAAAAAAA ACAAAAAAAA ACAAYQAAAA ACAAYQAAAA ACAAYQAAAA 
                ACAAAAAAAA ACAAAAAAAA ACAAAAAAAA ACAAAAAAAA ACAAAAAAAA 
                ACAAAAAAAA ACAAAAAAAA ACAAAAAAAA ACAAAAAAAA ACAAAAAAAA 
                ACAAAAAAAA ACAAAAAAAA ACAAAAAAAA ADAAQQAAAA ADAAAAAAAA 
            </column>
            <column x="46">
                ADAAAAAAAA ADAAAQAAAA ACAAAAAAAA ACAAAAAAAA ACAAAAAAAA 
                ACAAAAAAAA ACAAAAAAAA ACAAAAAAAA ACAAAAAAAA ACAAAAAAAA 
                ACAAAAAAAA ACAAAAAAAA ACAAAAAAAA ACAAAAAAAA ACAAAAAAAA 
                ACAAAAAAAA ACAAAAAAAA ACAAAAAAAA ACAAAAAAAA ACAAAAAAAA 
                ACAAAAAAAA ACAAAAAAAA ACAAAAAAAA ACAAAAAAAA ACAAAAAAAA 
                ACAAAAAAAA ACAAAAAAAA ACAAAAAAAA ACAAAAAAAA ACAAAAAAAA 
                ACAAAAAAAA ACAAAAAAAA ACAAAAAAAA ACAAAAAAAA ACAAAAAAAA 
                ACAAAAAAAA ACAAAAAAAA ACAAAAAAAA ACAAAAAAAA ACAAAAAAAA 
                ACAAAAAAAA ACAAAAAAAA ACAAAAAAAA ACAAAAAAAA ACAAAAAAAA 
                ACAAAAAAAA ACAAAAAAAA ACAAAAAAAA ADAAQQAAAA ADAAAAAAAA 
            </column>
            <column x="47">
                ADAAAAAAAA ADAAAQAAAA ACAAAAAAAA ACAAAAAAAA ACAAAAAAAA 
                ACAAAAAAAA ACAAAAAAAA ACAAAAAAAA ACAAAAAAAA ACAAAAAAAA 
                ACAAAAAAAA ACAAAAAAAA ACAAAAAAAA ACAAAAAAAA ACAAAAAAAA 
                ACAAAAAAAA ACAAAAAAAA ACAAAAAAAA ACAAAAAAAA ACAAAAAAAA 
                ACAAAAAAAA ACAAAAAAAA ACAAAAAAAA ACAAAAAAAA ACAAAAAAAA 
                ACAAAAAAAA ACAAAAAAAA ACAAAAAAAA ACAAAAAAAA ACAAAAAAAA 
                ACAAAAAAAA ACAAAAAAAA ACAAAAAAAA ACAAAAAAAA ACAAAAAAAA 
                ACAAAAAAAA ACAAAAAAAA ACAAAAAAAA ACAAAAAAAA ACAAAAAAAA 
                ACAAAAAAAA ACAAAAAAAA ACAAAAAAAA ACAAAAAAAA ACAAAAAAAA 
                ACAAAAAAAA ACAAAAAAAA ACAAAAAAAA ADAAQQAAAA ADAAAAAAAA 
            </column>
            <column x="48">
                ADAAAAAAAA ADAAAQAAAA ACAAAAAAAA ACAAAAAAAA ACAAAAAAAA 
                ACAAAAAAAA ACAAAAAAAA ACAAAAAAAA ACAAAAAAAA ACAAAAAAAA 
                ACAAAAAAAA ACAAAAAAAA ACAAAAAAAA ACAAAAAAAA ACAAAAAAAA 
                ACAAAAAAAA ACAAAAAAAA ACAAAAAAAA ACAAAAAAAA ACAAAAAAAA 
                ACAAAAAAAA ACAAAAAAAA ACAAAAAAAA ACAAAAAAAA ACAAAAAAAA 
                ACAAAAAAAA ACAAAAAAAA ACAAAAAAAA ACAAAAAAAA ACAAAAAAAA 
                ACAAAAAAAA ACAAAAAAAA ACAAAAAAAA ACAAAAAAAA ACAAAAAAAA 
                ACAAAAAAAA ACAAAAAAAA ACAAAAAAAA ACAAAAAAAA ACAAAAAAAA 
                ACAAAAAAAA ACAAAAAAAA ACAAAAAAAA ACAAAAAAAA ACAAAAAAAA 
                ACAAAAAAAA ACAAAAAAAA ACAAAAAAAA ADAAQQAAAA ADAAAAAAAA 
            </column>
            <column x="49">
                ADAAAAAAAA ADAAIRAAAA ADAAIQAAAA ADAAIQAAAA ADAAIQAAAA 
                ADAAIQAAAA ADAAIQAAAA ADAAIQAAAA ADAAIQAAAA ADAAIQAAAA 
                ADAAIQAAAA ADAAIQAAAA ADAAIQAAAA ADAAIQAAAA ADAAIQAAAA 
                ADAAIQAAAA ADAAIQAAAA ADAAIQAAAA ADAAIQAAAA ADAAIQAAAA 
                ADAAIQAAAA ADAAIQAAAA ADAAIQAAAA ADAAIQAAAA ADAAIQAAAA 
                ADAAIQAAAA ADAAIQAAAA ADAAIQAAAA ADAAIQAAAA ADAAIQAAAA 
                ADAAIQAAAA ADAAIQAAAA ADAAIQAAAA ADAAIQAAAA ADAAIQAAAA 
                ADAAIQAAAA ADAAIQAAAA ADAAIQAAAA ADAAIQAAAA ADAAIQAAAA 
                ADAAIQAAAA ADAAIQAAAA ADAAIQAAAA ADAAIQAAAA ADAAIQAAAA 
                ADAAIQAAAA ADAAIQAAAA ADAAIQAAAA ADAAQRAAAA ADAAAAAAAA 
            </column>
        </tiles>
    </tileset>

    <things>
        <thing type="1" x="3265" y="1065" rotation="270">
            <name>Unnamed</name>
            <description>Unknown</description>
            <font>2</font>
            <importance>3</importance>
        </thing>
        <thing type="1" x="3562" y="1062" rotation="270">
            <name>Unnamed</name>
            <description>Unknown</description>
            <font>2</font>
            <importance>3</importance>
        </thing>
        <thing type="1" x="3859" y="1059" rotation="270">
            <name>Unnamed</name>
            <description>Unknown</description>
            <font>2</font>
            <importance>3</importance>
        </thing>
        <thing type="2" x="3290" y="2943" rotation="90">
            <name>Unnamed</name>
            <description>Unknown</description>
            <font>2</font>
            <importance>3</importance>
        </thing>
        <thing type="2" x="3506" y="2934" rotation="90">
            <name>Unnamed</name>
            <description>Unknown</description>
            <font>2</font>
            <importance>3</importance>
        </thing>
        <thing type="2" x="3265" y="3296" rotation="90">
            <name>Unnamed</name>
            <description>Unknown</description>
            <font>2</font>
            <importance>3</importance>
        </thing>
        <thing type="2" x="3490" y="3296" rotation="90">
            <name>Unnamed</name>
            <description>Unknown</description>
            <font>2</font>
            <importance>3</importance>
        </thing>
        <thing type="2" x="3256" y="3103" rotation="0">
            <name>Unnamed</name>
            <description>Unknown</description>
            <font>2</font>
            <importance>3</importance>
        </thing>
        <thing type="2" x="3465" y="3093" rotation="0">
            <name>Unnamed</name>
            <description>Unknown</description>
            <font>2</font>
            <importance>3</importance>
        </thing>
        <thing type="5" x="3996" y="1793" rotation="90">
            <name>Unnamed</name>
            <description>Unknown</description>
            <font>2</font>
            <importance>3</importance>
        </thing>
        <thing type="6" x="3275" y="1590" rotation="270">
            <name>Unnamed</name>
            <description>Unknown</description>
            <font>2</font>
            <importance>3</importance>
        </thing>
        <thing type="6" x="3506" y="1587" rotation="270">
            <name>Unnamed</name>
            <description>Unknown</description>
            <font>2</font>
            <importance>3</importance>
        </thing>
        <thing type="6" x="3737" y="1590" rotation="270">
            <name>Unnamed</name>
            <description>Unknown</description>
            <font>2</font>
            <importance>3</importance>
        </thing>
        <thing type="6" x="3268" y="2043" rotation="270">
            <name>Unnamed</name>
            <description>Unknown</description>
            <font>2</font>
            <importance>3</importance>
        </thing>
        <thing type="6" x="3500" y="2034" rotation="270">
            <name>Unnamed</name>
            <description>Unknown</description>
            <font>2</font>
            <importance>3</importance>
        </thing>
        <thing type="6" x="3771" y="2040" rotation="270">
            <name>Unnamed</name>
            <description>Unknown</description>
            <font>2</font>
            <importance>3</importance>
        </thing>
        <thing type="6" x="3981" y="2046" rotation="270">
            <name>Unnamed</name>
            <description>Unknown</description>
            <font>2</font>
            <importance>3</importance>
        </thing>
        <thing type="4" x="4068" y="1062" rotation="90">
            <name>Unnamed</name>
            <description>Unknown</description>
            <font>2</font>
            <importance>3</importance>
        </thing>
        <thing type="4" x="3756" y="1056" rotation="90">
            <name>Unnamed</name>
            <description>Unknown</description>
            <font>2</font>
            <importance>3</importance>
        </thing>
        <thing type="4" x="3456" y="1043" rotation="90">
            <name>Unnamed</name>
            <description>Unknown</description>
            <font>2</font>
            <importance>3</importance>
        </thing>
        <thing type="3" x="3243" y="1225" rotation="210">
            <name>Unnamed</name>
            <description>Unknown</description>
            <font>2</font>
            <importance>3</importance>
        </thing>
        <thing type="4" x="2175" y="1053" rotation="0">
            <name>Unnamed</name>
            <description>Unknown</description>
            <font>2</font>
            <importance>3</importance>
        </thing>
        <thing type="4" x="2256" y="1037" rotation="0">
            <name>Unnamed</name>
            <description>Unknown</description>
            <font>2</font>
            <importance>3</importance>
        </thing>
        <thing type="4" x="2331" y="1062" rotation="0">
            <name>Unnamed</name>
            <description>Unknown</description>
            <font>2</font>
            <importance>3</importance>
        </thing>
        <thing type="4" x="2143" y="1140" rotation="270">
            <name>Unnamed</name>
            <description>Unknown</description>
            <font>2</font>
            <importance>3</importance>
        </thing>
        <thing type="4" x="2140" y="1234" rotation="300">
            <name>Unnamed</name>
            <description>Unknown</description>
            <font>2</font>
            <importance>3</importance>
        </thing>
        <thing type="4" x="2143" y="1346" rotation="240">
            <name>Unnamed</name>
            <description>Unknown</description>
            <font>2</font>
            <importance>3</importance>
        </thing>
        <thing type="4" x="2262" y="1121" rotation="30">
            <name>Unnamed</name>
            <description>Unknown</description>
            <font>2</font>
            <importance>3</importance>
        </thing>
    </things>
    <areas>
    </areas>
</map>
