<?xml version="1.0"?>
<map>
    <header>
        <name>village</name>
        <author>Unknown</author>
        <id>village.1065034596693</id>
        <parent>none</parent>
        <cvs>
            <version>$Revision$</version>
            <date>$Date$</date>
        </cvs>
        <type>World</type>
        <shape>Square</shape>
        <imagedir>square/outside</imagedir>
        <format>0.1.0</format>
    </header>
    <!-- Standard terrain set -->
    <terrainset id="basic" path="terrain">
        <terrain id="0">
            <name>null</name>
            <description>Unchartable</description>
            <image>null.png</image>
            <solid value="false"/>
        </terrain>
        <terrain id="1">
            <name>clear.clear</name>
            <description>Clear</description>
            <image>clear.png</image>
            <solid value="false"/>
        </terrain>
        <terrain id="2">
            <name>water.water</name>
            <description>Water</description>
            <image>water.png</image>
            <solid value="false"/>
        </terrain>
        <terrain id="3">
            <name>clear.grass</name>
            <description>Grass</description>
            <image>grass.png</image>
            <solid value="false"/>
        </terrain>
        <terrain id="4">
            <name>clear.sand</name>
            <description>Sand</description>
            <image>sand.png</image>
            <solid value="false"/>
        </terrain>
        <terrain id="5">
            <name>solid.stone</name>
            <description>Rock wall</description>
            <image>rock-wall.png</image>
            <solid value="false"/>
        </terrain>
        <terrain id="6">
            <name>clear.rock</name>
            <description>Rock floor</description>
            <image>rock.png</image>
            <solid value="false"/>
        </terrain>
        <terrain id="7">
            <name>clear.dirt</name>
            <description>Dirt</description>
            <image>dirt.png</image>
            <solid value="false"/>
        </terrain>
        <terrain id="8">
            <name>solid.dirt</name>
            <description>Dirt wall</description>
            <image>dirt-wall.png</image>
            <solid value="false"/>
        </terrain>
        <terrain id="9">
            <name>clear.path</name>
            <description>Dirt path</description>
            <image>path.png</image>
            <solid value="false"/>
        </terrain>
        <terrain id="10">
            <name>clear.path.corner</name>
            <description>Dirt path corner</description>
            <image>path-corner.png</image>
            <solid value="false"/>
        </terrain>
        <terrain id="11">
            <name>clear.shore</name>
            <description>Shore</description>
            <image>shore.png</image>
            <solid value="false"/>
        </terrain>
        <terrain id="12">
            <name>clear.shore.corner</name>
            <description>Shore corner</description>
            <image>shore-corner.png</image>
            <solid value="false"/>
        </terrain>
        <terrain id="13">
            <name>clear.cobbles</name>
            <description>Cobbles</description>
            <image>cobbles.png</image>
            <solid value="false"/>
        </terrain>
        <terrain id="14">
            <name>clear.slabs</name>
            <description>Stone slabs</description>
            <image>slabs.png</image>
            <solid value="false"/>
        </terrain>
        <terrain id="15">
            <name>clear.grass.raised</name>
            <description>Raised grass bank</description>
            <image>grass-raised.png</image>
            <solid value="false"/>
        </terrain>
        <terrain id="16">
            <name>clear.grass.raised.corner</name>
            <description>Raised grass bank corner</description>
            <image>grass-raised-corner.png</image>
            <solid value="false"/>
        </terrain>
    </terrainset>
    <!-- Things -->
    <terrainset id="things" path="things">
    </terrainset>
    <!-- Features -->
    <terrainset id="features" path="features">
        <terrain id="0">
            <name>blank</name>
            <description>Nothing</description>
            <image>empty.png</image>
            <solid value="false"/>
        </terrain>
        <terrain id="1">
            <name>wall.wood-n</name>
            <description>Wooden wall</description>
            <image>wall-wood-n.png</image>
            <solid value="false"/>
        </terrain>
        <terrain id="2">
            <name>wall.wood-nw</name>
            <description>Wooden walls</description>
            <image>wall-wood-nw.png</image>
            <solid value="false"/>
        </terrain>
        <terrain id="3">
            <name>wall.stone-n</name>
            <description>Stone wall</description>
            <image>wall-stone-n.png</image>
            <solid value="false"/>
        </terrain>
        <terrain id="4">
            <name>wall.stone-nw</name>
            <description>Stone walls</description>
            <image>wall-stone-nw.png</image>
            <solid value="false"/>
        </terrain>
        <terrain id="5">
            <name>pillar.small</name>
            <description>Small pillar</description>
            <image>pillar-small.png</image>
            <solid value="false"/>
        </terrain>
        <terrain id="6">
            <name>pillar.medium</name>
            <description>Medium pillar</description>
            <image>pillar-medium.png</image>
            <solid value="false"/>
        </terrain>
        <terrain id="7">
            <name>pillar.large</name>
            <description>Large pillar</description>
            <image>pillar-large.png</image>
            <solid value="false"/>
        </terrain>
        <terrain id="8">
            <name>doors.bars</name>
            <description>Iron bars</description>
            <image>bars.png</image>
            <solid value="false"/>
        </terrain>
        <terrain id="9">
            <name>planet.bush</name>
            <description>Bush</description>
            <image>bush.png</image>
            <solid value="false"/>
        </terrain>
        <terrain id="10">
            <name>plant.tree</name>
            <description>Large tree</description>
            <image>tree-large.png</image>
            <solid value="false"/>
        </terrain>
        <terrain id="11">
            <name>object.sewer</name>
            <description>Sewer grating</description>
            <image>sewer.png</image>
            <solid value="false"/>
        </terrain>
        <terrain id="12">
            <name>wall.hedge</name>
            <description>Hedge</description>
            <image>hedge.png</image>
            <solid value="false"/>
        </terrain>
        <terrain id="13">
            <name>wall.hedge.corner</name>
            <description>Hedge corner</description>
            <image>hedge-corner.png</image>
            <solid value="false"/>
        </terrain>
        <terrain id="14">
            <name>wall.hedge.junction</name>
            <description>Hedge T-junction</description>
            <image>hedge-t.png</image>
            <solid value="false"/>
        </terrain>
        <terrain id="15">
            <name>door.wood</name>
            <description>Wooden door</description>
            <image>door-wood.png</image>
            <solid value="false"/>
        </terrain>
        <terrain id="16">
            <name>water.shore</name>
            <description>Shore</description>
            <image>shore.png</image>
            <solid value="false"/>
        </terrain>
        <terrain id="17">
            <name>water.corner.out</name>
            <description>Shore outer corner</description>
            <image>shore-oc.png</image>
            <solid value="false"/>
        </terrain>
        <terrain id="18">
            <name>water.corner.in</name>
            <description>Shore inner corner</description>
            <image>shore-ic.png</image>
            <solid value="false"/>
        </terrain>
        <terrain id="19">
            <name>water.stream</name>
            <description>Stream</description>
            <image>stream.png</image>
            <solid value="false"/>
        </terrain>
    </terrainset>
    <!-- TileSets contain blob data for the tiles -->
    <!-- Format is: "tthhffaacu" for each tile. -->
    <!--     tt = Terrain type    hh = height     -->
    <!--     ff = Feature         aa = area       -->
    <!--     c  = coast mask      u  = unused     -->
    <!-- Each blob is Base 64 encoded.            -->
    <tileset id="root">
        <dimensions>
            <scale>1</scale>
            <width>30</width>
            <height>20</height>
        </dimensions>

        <tiles>
            <column x="0">
                ADAAAAAAAA ADAAAAAAAA ADAAAAAAAA ADAAAAAAAA ADAAAAAAAA 
                ADAAAAAAAA ADAAAAAAAA ADAAAAAAAA ADAAAAAAAA ADAAAAAAAA 
                ADAAAAAAAA ADAAAAAAAA ADAAAAAAAA ADAAAAAAAA ADAAAAAAAA 
                ADAAAAAAAA ADAAAAAAAA ADAAAAAAAA ADAAAAAAAA ADAAAAAAAA 
            </column>
            <column x="1">
                ADAAAAAAAA ADAAAAAAAA ADAAAAAAAA ADAAAAAAAA ADAAAAAAAA 
                ADAAAAAAAA ADAAAAAAAA ADAAAAAAAA ADAAAAAAAA ADAAAAAAAA 
                ADAAAAAAAA ADAAAAAAAA ADAAAAAAAA ADAAAAAAAA ADAAAAAAAA 
                ADAAAAAAAA ADAAAAAAAA ADAAAAAAAA ADAAAAAAAA ADAAAAAAAA 
            </column>
            <column x="2">
                ADAAAAAAAA ADAAAAAAAA ADAAAAAAAA ADAAAAAAAA ADAAAAAAAA 
                ADAAAAAAAA ADAAAAAAAA ADAAAAAAAA ADAAAAAAAA ADAAAAAAAA 
                ADAAAAAAAA ADAAAAAAAA ADAAAAAAAA ADAAAAAAAA ADAAAAAAAA 
                ADAAAAAAAA ADAAAAAAAA ADAAAAAAAA ADAAAAAAAA ADAAAAAAAA 
            </column>
            <column x="3">
                ADAAAAAAAA ADAAAAAAAA ADAAAAAAAA ADAAAAAAAA ADAAAAAAAA 
                ADAAAAAAAA ADAAAAAAAA ADAAAAAAAA ADAAAAAAAA ADAAAAAAAA 
                ADAAAAAAAA ADAAAAAAAA ADAAAAAAAA ADAAAAAAAA ADAAAAAAAA 
                ADAAAAAAAA ADAAAAAAAA ADAAAAAAAA ADAAAAAAAA ADAAAAAAAA 
            </column>
            <column x="4">
                ADAAAAAAAA ADAAAAAAAA AKAAAAAAAA AJAAAAAAAA AJAAAAAAAA 
                ADAAAAAAAA ADAAAAAAAA ADAAANAAAA ADAAYMAAAA ADAAYMAAAA 
                ADAAYMAAAA ADAAYMAAAA ADAAYMAAAA ADAAYMAAAA ADAAYNAAAA 
                ADAAARAAAA ADAAYQAAAA ADAAYQAAAA ADAAYQAAAA ADAAYQAAAA 
            </column>
            <column x="5">
                ADAAAAAAAA ADAAAAAAAA IJAAAAAAAA ADAAAAAAAA ADAAAAAAAA 
                ADAAAAAAAA ADAAAAAAAA ADAAQMAAAA ADAAARAAAA ADAAYQAAAA 
                ADAAYQAAAA ADAAYQAAAA ADAAYQAAAA ADAAYRAAAA ADAAAMAAAA 
                ADAAAQAAAA ACAAAAAAAA ACAAAAAAAA ACAAAAAAAA ACAAAAAAAA 
            </column>
            <column x="6">
                ADAAAAAAAA ADAAAAAAAA IJAAAAAAAA ADAAAAAAAA ADAAAAAAAA 
                ADAAAAAAAA ADAAAAAAAA ADAAQMAAAA ADAAAQAAAA ACAAAAAAAA 
                ACAAAAAAAA ACAAAAAAAA ACAAAAAAAA ADAAQQAAAA ADAAAMAAAA 
                ADAAAQAAAA ACAAAAAAAA ACAAAAAAAA ACAAAAAAAA ACAAAAAAAA 
            </column>
            <column x="7">
                ADAAAAAAAA ADAAAAAAAA IJAAAAAAAA ADAAAAAAAA ADAAAAAAAA 
                ADAAAAAAAA AGAAACAAAA AGAAYBAAAA AGAAYBAAAA AGAAYBAAAA 
                AGAAYBAAAA AGAAYCAAAA ACAAAAAAAA ADAAQQAAAA ADAAAMAAAA 
                ADAAAQAAAA ACAAAAAAAA ACAAAAAAAA ACAAAAAAAA ACAAAAAAAA 
            </column>
            <column x="8">
                ADAAAAAAAA ADAAAAAAAA IJAAAAAAAA ADAAAAAAAA ADAAAAAAAA 
                ADAAAAAAAA AGAAABAAAA AGAAAAAAAA AGAAAAAAAA AGAAAAAAAA 
                AGAAAAAAAA AGAAQBAAAA ACAAAAAAAA ADAAQQAAAA ADAAAMAAAA 
                ADAAAQAAAA ACAAAAAAAA ACAAAAAAAA ACAAAAAAAA ACAAAAAAAA 
            </column>
            <column x="9">
                ADAAAAAAAA ADAAAAAAAA IJAAAAAAAA ADAAAAAAAA ADAAAAAAAA 
                ADAAAAAAAA AGAAABAAAA AGAAAGAAAA AGAAAAAAAA AGAAAAAAAA 
                AGAAAGAAAA AGAAQBAAAA ADAAIQAAAA ADAAQRAAAA ADAAAMAAAA 
                ADAAAQAAAA ACAAAAAAAA ADAAQSAAAA ADAAISAAAA ACAAAAAAAA 
            </column>
            <column x="10">
                ADAAAAAAAA ADAAAAAAAA IJAAAAAAAA ADAAAAAAAA ADAAAAAAAA 
                ADAAAAAAAA AGAAABAAAA AGAAAAAAAA AGAAAAAAAA AGAAAAAAAA 
                AGAAAAAAAA AGAAQBAAAA ADAAAAAAAA ADAAAAAAAA ADAAAMAAAA 
                ADAAAQAAAA ACAAAAAAAA ADAAQQAAAA ADAAAQAAAA ACAAAAAAAA 
            </column>
            <column x="11">
                ADAAAAAAAA ADAAAAAAAA IJAAAAAAAA AKAAAAAAAA AJAAAAAAAA 
                AJAAAAAAAA AGAAAPAAAA AGAAAAAAAA AGAAAAAAAA AGAAAAAAAA 
                AGAAAAAAAA AGAAQBAAAA ADAAAAAAAA ADAAAAAAAA ADAAAMAAAA 
                ADAAAQAAAA ACAAAAAAAA ADAAYSAAAA ADAAASAAAA ACAAAAAAAA 
            </column>
            <column x="12">
                ADAAAAAAAA ADAAAAAAAA IJAAAAAAAA IJAAIAAAAA ADAAAAAAAA 
                ADAAAAAAAA AGAAABAAAA AGAAAAAAAA AGAAAAAAAA AGAAAAAAAA 
                AGAAAAAAAA AGAAQBAAAA ADAAAAAAAA ADAAAAAAAA ADAAAMAAAA 
                ADAAAQAAAA ACAAAQAAAA ACAAAAAAAA ACAAAAAAAA ACAAAAAAAA 
            </column>
            <column x="13">
                ADAAAAAAAA ADAAAAAAAA IJAAAAAAAA IJAAAAAAAA ADAAAAAAAA 
                ADAAAAAAAA AGAAABAAAA AGAAAGAAAA AGAAAAAAAA AGAAAAAAAA 
                AGAAAGAAAA AGAAQBAAAA ADAAAAAAAA ADAAAAAAAA ADAAAMAAAA 
                ADAAAQAAAA ACAAAQAAAA ACAAAAAAAA ACAAAAAAAA ACAAAAAAAA 
            </column>
            <column x="14">
                ADAAAAAAAA ADAAAAAAAA IJAAAAAAAA IJAAAAAAAA ADAAAAAAAA 
                ADAAAAAAAA AGAAABAAAA AGAAAAAAAA AGAAAAAAAA AGAAAAAAAA 
                AGAAAAAAAA AGAAQBAAAA ADAAAAAAAA ADAAAAAAAA ADAAAMAAAA 
                ADAAAQAAAA ACAAAAAAAA ACAAAAAAAA ACAAAAAAAA ACAAAAAAAA 
            </column>
            <column x="15">
                ADAAAAAAAA ADAAAAAAAA IJAAAAAAAA IJAAAAAAAA ADAAAAAAAA 
                ADAAAAAAAA AGAAICAAAA AGAAIBAAAA AGAAIBAAAA AGAAIBAAAA 
                AGAAIBAAAA AGAAQCAAAA ADAAAAAAAA ADAAAAAAAA ADAAAMAAAA 
                ADAAAQAAAA ACAAAAAAAA ACAAAAAAAA ACAAAAAAAA ACAAAAAAAA 
            </column>
            <column x="16">
                ADAAAAAAAA ADAAAAAAAA IJAAAAAAAA IJAAAAAAAA ADAAAAAAAA 
                ADAAAAAAAA ADAAAAAAAA ADAAAAAAAA ADAAAAAAAA ADAAAAAAAA 
                ADAAAAAAAA ADAAAAAAAA ADAAAAAAAA ADAAAAAAAA ADAAAMAAAA 
                ADAAAQAAAA ACAAAAAAAA ACAAAAAAAA ACAAAAAAAA ACAAAAAAAA 
            </column>
            <column x="17">
                ADAAAAAAAA ADAAAAAAAA IJAAAAAAAA IJAAAAAAAA ADAAAAAAAA 
                ADAAAAAAAA ADAAAAAAAA ADAAAAAAAA ADAAAAAAAA ADAAAAAAAA 
                ADAAAAAAAA ADAAAAAAAA ADAAAAAAAA ADAAAAAAAA ADAAAMAAAA 
                ADAAIRAAAA ADAAIQAAAA ADAAIQAAAA ADAAIQAAAA ADAAIQAAAA 
            </column>
            <column x="18">
                ADAAAAAAAA ADAAAAAAAA IJAAAAAAAA IJAAAAAAAA ADAAAAAAAA 
                ADAAAAAAAA ADAAAAAAAA ADAAAAAAAA ADAAAJAAAA ADAAAAAAAA 
                ADAAAAAAAA AQAAANAAAA ADAAYMAAAA YPAAYMAAAA YQAAQOAAAA 
                ADAAAAAAAA ADAAAAAAAA ADAAAAAAAA ADAAAAAAAA ADAAAAAAAA 
            </column>
            <column x="19">
                ADAAAAAAAA ADAAAAAAAA IJAAAAAAAA IJAAAAAAAA ADAAAAAAAA 
                ADAAAAAAAA ADAAAAAAAA ADAAAAAAAA ADAAAAAAAA ADAAAAAAAA 
                ADAAAAAAAA APAAAMAAAA AHAAARAAAA AHAAYRAAAA QPAAAMAAAA 
                ADAAAAAAAA ADAAAAAAAA ADAAAAAAAA ADAAAAAAAA ADAAAAAAAA 
            </column>
            <column x="20">
                ADAAAAAAAA ADAAAAAAAA IKAAAAAAAA QKAAAAAAAA ADAAAAAAAA 
                ADAAAAAAAA ADAAAJAAAA ADAAAAAAAA ADAAAAAAAA ADAAAAAAAA 
                ADAAAAAAAA APAAAMAAAA AHAAIRAAAA AHAAQRAAAA QPAAAMAAAA 
                ADAAAAAAAA ADAAAAAAAA ADAAAAAAAA ADAAAAAAAA ADAAAAAAAA 
            </column>
            <column x="21">
                ADAAAAAAAA ADAAAAAAAA ADAAAAAAAA ADAAAAAAAA ADAAAAAAAA 
                ADAAAAAAAA ADAAAAAAAA ADAAAAAAAA ADAAAAAAAA ADAAAAAAAA 
                ADAAAAAAAA IQAAINAAAA IPAAYMAAAA ADAAYMAAAA QQAAQNAAAA 
                ADAAAAAAAA ADAAAAAAAA ADAAAAAAAA ADAAAAAAAA ADAAAAAAAA 
            </column>
            <column x="22">
                ADAAAAAAAA ADAAAAAAAA ADAAAAAAAA ADAAAAAAAA ADAAAAAAAA 
                ADAAAAAAAA ADAAAAAAAA ADAAAAAAAA ADAAAJAAAA ADAAAAAAAA 
                ADAAAAAAAA ADAAAAAAAA ADAAAAAAAA ADAAAAAAAA ADAAAAAAAA 
                ADAAAAAAAA ADAAAAAAAA ADAAAAAAAA ADAAAAAAAA ADAAAAAAAA 
            </column>
            <column x="23">
                ADAAAAAAAA ADAAAAAAAA ADAAAAAAAA ADAAAAAAAA ADAAAAAAAA 
                ADAAAAAAAA ADAAAAAAAA ADAAAAAAAA ADAAAAAAAA ADAAAAAAAA 
                ADAAAAAAAA ADAAAAAAAA ADAAAKAAAA ADAAYKAAAA ADAAAAAAAA 
                ADAAAAAAAA ADAAAAAAAA ADAAAAAAAA ADAAAAAAAA ADAAAAAAAA 
            </column>
            <column x="24">
                ADAAAAAAAA ADAAAAAAAA ADAAAAAAAA ADAAAAAAAA ADAAAAAAAA 
                ADAAAJAAAA ADAAAAAAAA ADAAAAAAAA ADAAAAAAAA ADAAAJAAAA 
                ADAAAAAAAA ADAAAAAAAA ADAAIKAAAA ADAAQKAAAA ADAAAAAAAA 
                ADAAAAAAAA ADAAAAAAAA ADAAAAAAAA ADAAAAAAAA ADAAAAAAAA 
            </column>
            <column x="25">
                ADAAAAAAAA ADAAAAAAAA ADAAAAAAAA ADAAAAAAAA ADAAAAAAAA 
                ADAAAAAAAA AFAAAEAAAA AFAAYDAAAA AFAAYDAAAA AFAAYDAAAA 
                AFAAYDAAAA AFAAYDAAAA AFAAYDAAAA AFAAYDAAAA AFAAYEAAAA 
                ANAAAAAAAA AFAAAEAAAA AFAAYDAAAA AFAAYDAAAA AFAAYDAAAA 
            </column>
            <column x="26">
                ADAAAAAAAA ADAAAAAAAA ADAAAAAAAA ADAAAAAAAA ADAAAJAAAA 
                ADAAAAAAAA AFAAADAAAA AFAAAAAAAA AFAAIDAAAA AFAAIDAAAA 
                AFAAIDAAAA AFAAIDAAAA AFAAIDAAAA AFAAIDAAAA AFAAQEAAAA 
                ANAAAAAAAA AFAAIEAAAA AFAAIDAAAA AFAAIDAAAA AFAAIDAAAA 
            </column>
            <column x="27">
                ADAAAAAAAA ADAAAAAAAA ADAAAAAAAA ADAAAAAAAA ADAAAAAAAA 
                ADAAAAAAAA AFAAADAAAA AFAAQDAAAA ANAAAAAAAA ANAAAAAAAA 
                ANAAAAAAAA ANAAAAAAAA ANAAAAAAAA ANAAAAAAAA ANAAAAAAAA 
                ANAAAAAAAA ANAAAAAAAA ANAAAAAAAA ANAAAAAAAA ANAAAAAAAA 
            </column>
            <column x="28">
                ADAAAAAAAA ADAAAAAAAA ADAAAAAAAA ADAAAAAAAA ADAAAAAAAA 
                ADAAAAAAAA AFAAADAAAA AFAAQDAAAA ANAAAAAAAA ANAAAAAAAA 
                ANAAAAAAAA ANAAAAAAAA ANAAAAAAAA ANAAAAAAAA ANAAAAAAAA 
                ANAAAAAAAA ANAAAAAAAA ANAAAAAAAA ANAAAAAAAA ANAAAAAAAA 
            </column>
            <column x="29">
                ADAAAAAAAA ADAAAAAAAA ADAAAAAAAA ADAAAAAAAA ADAAAAAAAA 
                ADAAAAAAAA AFAAADAAAA AFAAQDAAAA ANAAAAAAAA ANAAAAAAAA 
                ANAAAAAAAA ANAAAAAAAA ANAAAAAAAA ANAAAAAAAA ANAAAAAAAA 
                ANAAAAAAAA ANAAAAAAAA ANAAAAAAAA ANAAAAAAAA ANAAAAAAAA 
            </column>
        </tiles>
    </tileset>

    <areas>
    </areas>
</map>
